GAS LISTING /tmp/ccVX8Sh6.s 			page 1


   1              		.file	"MemoryAllocator.cpp"
   2              		.option pic
   3              		.option norelax
   4              		.text
   5              	.Ltext0:
   6              		.align	2
   7              		.globl	_ZN15MemoryAllocator10initializeEv
   9              	_ZN15MemoryAllocator10initializeEv:
  10              	.LFB0:
  11              		.file 1 "src/MemoryAllocator.cpp"
   1:src/MemoryAllocator.cpp **** //
   2:src/MemoryAllocator.cpp **** // Created by os on 6/20/26.
   3:src/MemoryAllocator.cpp **** //
   4:src/MemoryAllocator.cpp **** 
   5:src/MemoryAllocator.cpp **** #include "../h/MemoryAllocator.h"
   6:src/MemoryAllocator.cpp **** 
   7:src/MemoryAllocator.cpp **** MemoryBlock* MemoryAllocator::head = 0;
   8:src/MemoryAllocator.cpp **** 
   9:src/MemoryAllocator.cpp **** void MemoryAllocator::initialize() {
  12              		.loc 1 9 36
  13              		.cfi_startproc
  14 0000 130101FF 		addi	sp,sp,-16
  15              		.cfi_def_cfa_offset 16
  16 0004 23348100 		sd	s0,8(sp)
  17              		.cfi_offset 8, -8
  18 0008 13040101 		addi	s0,sp,16
  19              		.cfi_def_cfa 8, 0
  10:src/MemoryAllocator.cpp ****     head = (MemoryBlock*) HEAP_START_ADDR;
  20              		.loc 1 10 5
  21              		.loc 1 10 10 is_stmt 0
  22 000c 97070000 		la	a5,HEAP_START_ADDR
  22      83B70700 
  23 0014 83B70700 		ld	a5,0(a5)
  24 0018 17070000 		sd	a5,.LANCHOR0,a4
  24      2330F700 
  11:src/MemoryAllocator.cpp ****     head->next = nullptr;
  25              		.loc 1 11 5 is_stmt 1
  26              		.loc 1 11 16 is_stmt 0
  27 0020 23B40700 		sd	zero,8(a5)
  12:src/MemoryAllocator.cpp ****     head->size = ((char*)HEAP_END_ADDR - (char*)HEAP_START_ADDR);
  28              		.loc 1 12 5 is_stmt 1
  29              		.loc 1 12 19 is_stmt 0
  30 0024 17070000 		la	a4,HEAP_END_ADDR
  30      03370700 
  31 002c 03370700 		ld	a4,0(a4)
  32              		.loc 1 12 40
  33 0030 3307F740 		sub	a4,a4,a5
  34              		.loc 1 12 16
  35 0034 23B0E700 		sd	a4,0(a5)
  13:src/MemoryAllocator.cpp **** }
  36              		.loc 1 13 1
  37 0038 03348100 		ld	s0,8(sp)
  38              		.cfi_restore 8
  39              		.cfi_def_cfa 2, 16
  40 003c 13010101 		addi	sp,sp,16
  41              		.cfi_def_cfa_offset 0
  42 0040 67800000 		jr	ra
GAS LISTING /tmp/ccVX8Sh6.s 			page 2


  43              		.cfi_endproc
  44              	.LFE0:
  46              		.align	2
  47              		.globl	_ZN15MemoryAllocator9mem_allocEm
  49              	_ZN15MemoryAllocator9mem_allocEm:
  50              	.LFB1:
  14:src/MemoryAllocator.cpp **** 
  15:src/MemoryAllocator.cpp **** void *MemoryAllocator::mem_alloc(::size_t size) {
  51              		.loc 1 15 49 is_stmt 1
  52              		.cfi_startproc
  53              	.LVL0:
  54 0044 130101FF 		addi	sp,sp,-16
  55              		.cfi_def_cfa_offset 16
  56 0048 23348100 		sd	s0,8(sp)
  57              		.cfi_offset 8, -8
  58 004c 13040101 		addi	s0,sp,16
  59              		.cfi_def_cfa 8, 0
  16:src/MemoryAllocator.cpp ****     size_t numBytes = size + sizeof(MemoryBlock);
  60              		.loc 1 16 5
  61              		.loc 1 16 12 is_stmt 0
  62 0050 93070501 		addi	a5,a0,16
  63              	.LVL1:
  17:src/MemoryAllocator.cpp ****     numBytes = (numBytes % MEM_BLOCK_SIZE) ? (numBytes/MEM_BLOCK_SIZE+1)*MEM_BLOCK_SIZE : numBytes;
  64              		.loc 1 17 5 is_stmt 1
  65              		.loc 1 17 26 is_stmt 0
  66 0054 13F7F703 		andi	a4,a5,63
  67              		.loc 1 17 44
  68 0058 63080700 		beqz	a4,.L4
  69              		.loc 1 17 55 discriminator 1
  70 005c 93D76700 		srli	a5,a5,6
  71              	.LVL2:
  72              		.loc 1 17 70 discriminator 1
  73 0060 93871700 		addi	a5,a5,1
  74              		.loc 1 17 44 discriminator 1
  75 0064 93976700 		slli	a5,a5,6
  76              	.L4:
  77              	.LVL3:
  18:src/MemoryAllocator.cpp **** 
  19:src/MemoryAllocator.cpp ****     MemoryBlock* curr = head;
  78              		.loc 1 19 5 is_stmt 1 discriminator 4
  79              		.loc 1 19 18 is_stmt 0 discriminator 4
  80 0068 17050000 		ld	a0,.LANCHOR0
  80      03350500 
  81              	.LVL4:
  20:src/MemoryAllocator.cpp ****     MemoryBlock* prev = nullptr;
  82              		.loc 1 20 5 is_stmt 1 discriminator 4
  83              		.loc 1 20 18 is_stmt 0 discriminator 4
  84 0070 93060000 		li	a3,0
  85              	.LVL5:
  86              	.L6:
  21:src/MemoryAllocator.cpp **** 
  22:src/MemoryAllocator.cpp ****     while (curr) {
  87              		.loc 1 22 5 is_stmt 1
  88              		.loc 1 22 12
  89 0074 630C0500 		beqz	a0,.L5
  23:src/MemoryAllocator.cpp ****         if (curr->size >= numBytes) {
  90              		.loc 1 23 9
GAS LISTING /tmp/ccVX8Sh6.s 			page 3


  91              		.loc 1 23 19 is_stmt 0
  92 0078 03370500 		ld	a4,0(a0)
  93              		.loc 1 23 9
  94 007c 6378F700 		bgeu	a4,a5,.L5
  24:src/MemoryAllocator.cpp ****             break;
  25:src/MemoryAllocator.cpp ****         } else {
  26:src/MemoryAllocator.cpp ****             prev = curr;
  95              		.loc 1 26 13 is_stmt 1
  96              	.LVL6:
  27:src/MemoryAllocator.cpp ****             curr = curr->next;
  97              		.loc 1 27 13
  26:src/MemoryAllocator.cpp ****             curr = curr->next;
  98              		.loc 1 26 18 is_stmt 0
  99 0080 93060500 		mv	a3,a0
 100              		.loc 1 27 18
 101 0084 03358500 		ld	a0,8(a0)
 102              	.LVL7:
  22:src/MemoryAllocator.cpp ****         if (curr->size >= numBytes) {
 103              		.loc 1 22 5
 104 0088 6FF0DFFE 		j	.L6
 105              	.L5:
  28:src/MemoryAllocator.cpp ****         }
  29:src/MemoryAllocator.cpp ****     }
  30:src/MemoryAllocator.cpp **** 
  31:src/MemoryAllocator.cpp ****     if (!curr || curr->size < numBytes) {
 106              		.loc 1 31 5 is_stmt 1
 107 008c 630E0504 		beqz	a0,.L3
 108              		.loc 1 31 24 is_stmt 0 discriminator 1
 109 0090 03370500 		ld	a4,0(a0)
 110              		.loc 1 31 15 discriminator 1
 111 0094 6366F706 		bltu	a4,a5,.L13
  32:src/MemoryAllocator.cpp ****         return nullptr;
  33:src/MemoryAllocator.cpp ****     }
  34:src/MemoryAllocator.cpp **** 
  35:src/MemoryAllocator.cpp ****     if (curr->size-numBytes < MEM_BLOCK_SIZE + sizeof(MemoryBlock)) {
 112              		.loc 1 35 5 is_stmt 1
 113              	.LBB2:
 114              		.loc 1 35 19 is_stmt 0
 115 0098 3307F740 		sub	a4,a4,a5
 116              		.loc 1 35 5
 117 009c 1306F004 		li	a2,79
 118 00a0 6362E602 		bgtu	a4,a2,.L8
  36:src/MemoryAllocator.cpp ****         (prev ? prev->next : head)  = curr->next;
 119              		.loc 1 36 9 is_stmt 1
 120              		.loc 1 36 37 is_stmt 0
 121 00a4 63880600 		beqz	a3,.L9
 122              		.loc 1 36 45 discriminator 1
 123 00a8 83378500 		ld	a5,8(a0)
 124              	.LVL8:
 125              		.loc 1 36 37 discriminator 1
 126 00ac 23B4F600 		sd	a5,8(a3)
 127 00b0 6F000003 		j	.L10
 128              	.LVL9:
 129              	.L9:
 130              		.loc 1 36 45 discriminator 2
 131 00b4 83378500 		ld	a5,8(a0)
 132              	.LVL10:
GAS LISTING /tmp/ccVX8Sh6.s 			page 4


 133              		.loc 1 36 37 discriminator 2
 134 00b8 17070000 		sd	a5,.LANCHOR0,a4
 134      2330F700 
 135 00c0 6F000002 		j	.L10
 136              	.LVL11:
 137              	.L8:
 138              	.LBB3:
  37:src/MemoryAllocator.cpp ****     }else {
  38:src/MemoryAllocator.cpp ****         MemoryBlock* newBlock = (MemoryBlock*) ((char*)curr + numBytes);
 139              		.loc 1 38 9 is_stmt 1
 140              		.loc 1 38 22 is_stmt 0
 141 00c4 3306F500 		add	a2,a0,a5
 142              	.LVL12:
  39:src/MemoryAllocator.cpp ****         newBlock->size = curr->size - numBytes;
 143              		.loc 1 39 9 is_stmt 1
 144              		.loc 1 39 24 is_stmt 0
 145 00c8 2330E600 		sd	a4,0(a2)
  40:src/MemoryAllocator.cpp ****         newBlock->next = curr->next;
 146              		.loc 1 40 9 is_stmt 1
 147              		.loc 1 40 32 is_stmt 0
 148 00cc 03378500 		ld	a4,8(a0)
 149              		.loc 1 40 24
 150 00d0 2334E600 		sd	a4,8(a2)
  41:src/MemoryAllocator.cpp ****         (prev ? prev->next : head)  = newBlock;
 151              		.loc 1 41 9 is_stmt 1
 152              		.loc 1 41 37 is_stmt 0
 153 00d4 63800602 		beqz	a3,.L11
 154              		.loc 1 41 37 discriminator 1
 155 00d8 23B4C600 		sd	a2,8(a3)
 156              	.L12:
  42:src/MemoryAllocator.cpp ****         curr->size = numBytes;
 157              		.loc 1 42 9 is_stmt 1
 158              		.loc 1 42 20 is_stmt 0
 159 00dc 2330F500 		sd	a5,0(a0)
 160              	.LVL13:
 161              	.L10:
 162              	.LBE3:
 163              	.LBE2:
  43:src/MemoryAllocator.cpp ****     }
  44:src/MemoryAllocator.cpp **** 
  45:src/MemoryAllocator.cpp ****     curr->next = nullptr;
 164              		.loc 1 45 5 is_stmt 1
 165              		.loc 1 45 16 is_stmt 0
 166 00e0 23340500 		sd	zero,8(a0)
  46:src/MemoryAllocator.cpp **** 
  47:src/MemoryAllocator.cpp ****     return (char*)curr+sizeof(MemoryBlock);
 167              		.loc 1 47 5 is_stmt 1
 168              		.loc 1 47 42 is_stmt 0
 169 00e4 13050501 		addi	a0,a0,16
 170              	.LVL14:
 171              	.L3:
  48:src/MemoryAllocator.cpp **** }
 172              		.loc 1 48 1
 173 00e8 03348100 		ld	s0,8(sp)
 174              		.cfi_remember_state
 175              		.cfi_restore 8
 176              		.cfi_def_cfa 2, 16
GAS LISTING /tmp/ccVX8Sh6.s 			page 5


 177 00ec 13010101 		addi	sp,sp,16
 178              		.cfi_def_cfa_offset 0
 179 00f0 67800000 		jr	ra
 180              	.LVL15:
 181              	.L11:
 182              		.cfi_restore_state
 183              	.LBB5:
 184              	.LBB4:
  41:src/MemoryAllocator.cpp ****         curr->size = numBytes;
 185              		.loc 1 41 37 discriminator 2
 186 00f4 17070000 		sd	a2,.LANCHOR0,a4
 186      2330C700 
 187 00fc 6FF01FFE 		j	.L12
 188              	.LVL16:
 189              	.L13:
 190              	.LBE4:
 191              	.LBE5:
  32:src/MemoryAllocator.cpp ****     }
 192              		.loc 1 32 16
 193 0100 13050000 		li	a0,0
 194              	.LVL17:
 195 0104 6FF05FFE 		j	.L3
 196              		.cfi_endproc
 197              	.LFE1:
 199              		.align	2
 200              		.globl	_ZN15MemoryAllocator10joinBlocksEP11MemoryBlockS1_
 202              	_ZN15MemoryAllocator10joinBlocksEP11MemoryBlockS1_:
 203              	.LFB3:
  49:src/MemoryAllocator.cpp **** 
  50:src/MemoryAllocator.cpp **** int MemoryAllocator::mem_free(void* adr) {
  51:src/MemoryAllocator.cpp ****     MemoryBlock* block = (MemoryBlock*) ((char*)adr - sizeof(MemoryBlock));
  52:src/MemoryAllocator.cpp **** 
  53:src/MemoryAllocator.cpp ****     MemoryBlock* curr = head;
  54:src/MemoryAllocator.cpp ****     MemoryBlock* prev = nullptr;
  55:src/MemoryAllocator.cpp **** 
  56:src/MemoryAllocator.cpp ****     while (curr && block > curr) {
  57:src/MemoryAllocator.cpp ****         prev = curr;
  58:src/MemoryAllocator.cpp ****         curr = curr->next;
  59:src/MemoryAllocator.cpp ****     }
  60:src/MemoryAllocator.cpp **** 
  61:src/MemoryAllocator.cpp ****     block->next = curr;
  62:src/MemoryAllocator.cpp ****     (prev ? prev->next : head) = block;
  63:src/MemoryAllocator.cpp **** 
  64:src/MemoryAllocator.cpp ****     if (prev && (char*)prev + prev->size == (char*)block) {
  65:src/MemoryAllocator.cpp ****         block = joinBlocks(prev, block);
  66:src/MemoryAllocator.cpp ****     }
  67:src/MemoryAllocator.cpp **** 
  68:src/MemoryAllocator.cpp ****     if (curr && (char*) block + block->size == (char*)curr) {
  69:src/MemoryAllocator.cpp ****         block = joinBlocks(block, curr);
  70:src/MemoryAllocator.cpp ****     }
  71:src/MemoryAllocator.cpp **** 
  72:src/MemoryAllocator.cpp ****     return 0;
  73:src/MemoryAllocator.cpp **** 
  74:src/MemoryAllocator.cpp **** }
  75:src/MemoryAllocator.cpp **** 
  76:src/MemoryAllocator.cpp **** MemoryBlock *MemoryAllocator::joinBlocks(MemoryBlock* block, MemoryBlock* toJoin) {
 204              		.loc 1 76 83 is_stmt 1
GAS LISTING /tmp/ccVX8Sh6.s 			page 6


 205              		.cfi_startproc
 206              	.LVL18:
 207 0108 130101FF 		addi	sp,sp,-16
 208              		.cfi_def_cfa_offset 16
 209 010c 23348100 		sd	s0,8(sp)
 210              		.cfi_offset 8, -8
 211 0110 13040101 		addi	s0,sp,16
 212              		.cfi_def_cfa 8, 0
  77:src/MemoryAllocator.cpp ****     block->size += toJoin->size;
 213              		.loc 1 77 5
 214              		.loc 1 77 28 is_stmt 0
 215 0114 83B60500 		ld	a3,0(a1)
 216              		.loc 1 77 17
 217 0118 03370500 		ld	a4,0(a0)
 218 011c 3307D700 		add	a4,a4,a3
 219 0120 2330E500 		sd	a4,0(a0)
  78:src/MemoryAllocator.cpp ****     block->next = toJoin->next;
 220              		.loc 1 78 5 is_stmt 1
 221              		.loc 1 78 27 is_stmt 0
 222 0124 03B78500 		ld	a4,8(a1)
 223              		.loc 1 78 17
 224 0128 2334E500 		sd	a4,8(a0)
  79:src/MemoryAllocator.cpp **** 
  80:src/MemoryAllocator.cpp ****     return block;
 225              		.loc 1 80 5 is_stmt 1
  81:src/MemoryAllocator.cpp **** }...
 226              		.loc 1 81 1 is_stmt 0
 227 012c 03348100 		ld	s0,8(sp)
 228              		.cfi_restore 8
 229              		.cfi_def_cfa 2, 16
 230 0130 13010101 		addi	sp,sp,16
 231              		.cfi_def_cfa_offset 0
 232 0134 67800000 		jr	ra
 233              		.cfi_endproc
 234              	.LFE3:
 236              		.align	2
 237              		.globl	_ZN15MemoryAllocator8mem_freeEPv
 239              	_ZN15MemoryAllocator8mem_freeEPv:
 240              	.LFB2:
  50:src/MemoryAllocator.cpp **** int MemoryAllocator::mem_free(void* adr) {
 241              		.loc 1 50 42 is_stmt 1
 242              		.cfi_startproc
 243              	.LVL19:
 244 0138 130101FE 		addi	sp,sp,-32
 245              		.cfi_def_cfa_offset 32
 246 013c 233C1100 		sd	ra,24(sp)
 247 0140 23388100 		sd	s0,16(sp)
 248 0144 23349100 		sd	s1,8(sp)
 249              		.cfi_offset 1, -8
 250              		.cfi_offset 8, -16
 251              		.cfi_offset 9, -24
 252 0148 13040102 		addi	s0,sp,32
 253              		.cfi_def_cfa 8, 0
  51:src/MemoryAllocator.cpp ****     MemoryBlock* block = (MemoryBlock*) ((char*)adr - sizeof(MemoryBlock));
 254              		.loc 1 51 5
  51:src/MemoryAllocator.cpp ****     MemoryBlock* block = (MemoryBlock*) ((char*)adr - sizeof(MemoryBlock));
 255              		.loc 1 51 18 is_stmt 0
GAS LISTING /tmp/ccVX8Sh6.s 			page 7


 256 014c 130705FF 		addi	a4,a0,-16
 257              	.LVL20:
  53:src/MemoryAllocator.cpp ****     MemoryBlock* curr = head;
 258              		.loc 1 53 5 is_stmt 1
  53:src/MemoryAllocator.cpp ****     MemoryBlock* curr = head;
 259              		.loc 1 53 18 is_stmt 0
 260 0150 97040000 		ld	s1,.LANCHOR0
 260      83B40400 
 261              	.LVL21:
  54:src/MemoryAllocator.cpp ****     MemoryBlock* prev = nullptr;
 262              		.loc 1 54 5 is_stmt 1
  54:src/MemoryAllocator.cpp ****     MemoryBlock* prev = nullptr;
 263              		.loc 1 54 18 is_stmt 0
 264 0158 93070000 		li	a5,0
 265              	.LVL22:
 266              	.L19:
  56:src/MemoryAllocator.cpp ****     while (curr && block > curr) {
 267              		.loc 1 56 5 is_stmt 1
  56:src/MemoryAllocator.cpp ****     while (curr && block > curr) {
 268              		.loc 1 56 17
 269 015c 638A0400 		beqz	s1,.L18
  56:src/MemoryAllocator.cpp ****     while (curr && block > curr) {
 270              		.loc 1 56 17 is_stmt 0 discriminator 1
 271 0160 63F8E400 		bgeu	s1,a4,.L18
  57:src/MemoryAllocator.cpp ****         prev = curr;
 272              		.loc 1 57 9 is_stmt 1
 273              	.LVL23:
  58:src/MemoryAllocator.cpp ****         curr = curr->next;
 274              		.loc 1 58 9
  57:src/MemoryAllocator.cpp ****         prev = curr;
 275              		.loc 1 57 14 is_stmt 0
 276 0164 93870400 		mv	a5,s1
  58:src/MemoryAllocator.cpp ****         curr = curr->next;
 277              		.loc 1 58 14
 278 0168 83B48400 		ld	s1,8(s1)
 279              	.LVL24:
  56:src/MemoryAllocator.cpp ****     while (curr && block > curr) {
 280              		.loc 1 56 5
 281 016c 6FF01FFF 		j	.L19
 282              	.L18:
  61:src/MemoryAllocator.cpp ****     block->next = curr;
 283              		.loc 1 61 5 is_stmt 1
  61:src/MemoryAllocator.cpp ****     block->next = curr;
 284              		.loc 1 61 17 is_stmt 0
 285 0170 233C95FE 		sd	s1,-8(a0)
  62:src/MemoryAllocator.cpp ****     (prev ? prev->next : head) = block;
 286              		.loc 1 62 5 is_stmt 1
  62:src/MemoryAllocator.cpp ****     (prev ? prev->next : head) = block;
 287              		.loc 1 62 32 is_stmt 0
 288 0174 63800704 		beqz	a5,.L20
  62:src/MemoryAllocator.cpp ****     (prev ? prev->next : head) = block;
 289              		.loc 1 62 32 discriminator 1
 290 0178 23B4E700 		sd	a4,8(a5)
 291              	.L21:
  64:src/MemoryAllocator.cpp ****     if (prev && (char*)prev + prev->size == (char*)block) {
 292              		.loc 1 64 5 is_stmt 1
 293 017c 63880700 		beqz	a5,.L22
GAS LISTING /tmp/ccVX8Sh6.s 			page 8


  64:src/MemoryAllocator.cpp ****     if (prev && (char*)prev + prev->size == (char*)block) {
 294              		.loc 1 64 37 is_stmt 0 discriminator 1
 295 0180 83B60700 		ld	a3,0(a5)
  64:src/MemoryAllocator.cpp ****     if (prev && (char*)prev + prev->size == (char*)block) {
 296              		.loc 1 64 29 discriminator 1
 297 0184 B386D700 		add	a3,a5,a3
  64:src/MemoryAllocator.cpp ****     if (prev && (char*)prev + prev->size == (char*)block) {
 298              		.loc 1 64 14 discriminator 1
 299 0188 638CE602 		beq	a3,a4,.L25
 300              	.LVL25:
 301              	.L22:
  68:src/MemoryAllocator.cpp ****     if (curr && (char*) block + block->size == (char*)curr) {
 302              		.loc 1 68 5 is_stmt 1
 303 018c 63880400 		beqz	s1,.L23
  68:src/MemoryAllocator.cpp ****     if (curr && (char*) block + block->size == (char*)curr) {
 304              		.loc 1 68 40 is_stmt 0 discriminator 1
 305 0190 83370700 		ld	a5,0(a4)
  68:src/MemoryAllocator.cpp ****     if (curr && (char*) block + block->size == (char*)curr) {
 306              		.loc 1 68 31 discriminator 1
 307 0194 B307F700 		add	a5,a4,a5
  68:src/MemoryAllocator.cpp ****     if (curr && (char*) block + block->size == (char*)curr) {
 308              		.loc 1 68 14 discriminator 1
 309 0198 63809704 		beq	a5,s1,.L26
 310              	.LVL26:
 311              	.L23:
  72:src/MemoryAllocator.cpp ****     return 0;
 312              		.loc 1 72 5 is_stmt 1
  74:src/MemoryAllocator.cpp **** }
 313              		.loc 1 74 1 is_stmt 0
 314 019c 13050000 		li	a0,0
 315 01a0 83308101 		ld	ra,24(sp)
 316              		.cfi_remember_state
 317              		.cfi_restore 1
 318 01a4 03340101 		ld	s0,16(sp)
 319              		.cfi_restore 8
 320              		.cfi_def_cfa 2, 32
 321 01a8 83348100 		ld	s1,8(sp)
 322              		.cfi_restore 9
 323              	.LVL27:
 324 01ac 13010102 		addi	sp,sp,32
 325              		.cfi_def_cfa_offset 0
 326 01b0 67800000 		jr	ra
 327              	.LVL28:
 328              	.L20:
 329              		.cfi_restore_state
  62:src/MemoryAllocator.cpp ****     (prev ? prev->next : head) = block;
 330              		.loc 1 62 32 discriminator 2
 331 01b4 97060000 		sd	a4,.LANCHOR0,a3
 331      23B0E600 
 332 01bc 6FF01FFC 		j	.L21
 333              	.L25:
  65:src/MemoryAllocator.cpp ****         block = joinBlocks(prev, block);
 334              		.loc 1 65 9 is_stmt 1
  65:src/MemoryAllocator.cpp ****         block = joinBlocks(prev, block);
 335              		.loc 1 65 27 is_stmt 0
 336 01c0 93050700 		mv	a1,a4
 337 01c4 13850700 		mv	a0,a5
GAS LISTING /tmp/ccVX8Sh6.s 			page 9


 338              	.LVL29:
 339 01c8 97000000 		call	_ZN15MemoryAllocator10joinBlocksEP11MemoryBlockS1_
 339      E7800000 
 340              	.LVL30:
 341 01d0 13070500 		mv	a4,a0
 342              	.LVL31:
 343 01d4 6FF09FFB 		j	.L22
 344              	.LVL32:
 345              	.L26:
  69:src/MemoryAllocator.cpp ****         block = joinBlocks(block, curr);
 346              		.loc 1 69 9 is_stmt 1
  69:src/MemoryAllocator.cpp ****         block = joinBlocks(block, curr);
 347              		.loc 1 69 27 is_stmt 0
 348 01d8 93850400 		mv	a1,s1
 349 01dc 13050700 		mv	a0,a4
 350 01e0 97000000 		call	_ZN15MemoryAllocator10joinBlocksEP11MemoryBlockS1_
 350      E7800000 
 351              	.LVL33:
 352 01e8 6FF05FFB 		j	.L23
 353              		.cfi_endproc
 354              	.LFE2:
 356              		.globl	_ZN15MemoryAllocator4headE
 357              		.bss
 358              		.align	3
 359              		.set	.LANCHOR0,. + 0
 362              	_ZN15MemoryAllocator4headE:
 363 0000 00000000 		.zero	8
 363      00000000 
 364              		.text
 365              	.Letext0:
 366              		.file 2 "src/../h/../lib/hw.h"
 367              		.file 3 "src/../h/MemoryAllocator.h"
GAS LISTING /tmp/ccVX8Sh6.s 			page 10


DEFINED SYMBOLS
                            *ABS*:0000000000000000 MemoryAllocator.cpp
     /tmp/ccVX8Sh6.s:9      .text:0000000000000000 _ZN15MemoryAllocator10initializeEv
     /tmp/ccVX8Sh6.s:13     .text:0000000000000000 .L0 
     /tmp/ccVX8Sh6.s:14     .text:0000000000000000 .L0 
     /tmp/ccVX8Sh6.s:15     .text:0000000000000004 .L0 
     /tmp/ccVX8Sh6.s:17     .text:0000000000000008 .L0 
     /tmp/ccVX8Sh6.s:19     .text:000000000000000c .L0 
     /tmp/ccVX8Sh6.s:21     .text:000000000000000c .L0 
     /tmp/ccVX8Sh6.s:22     .text:000000000000000c .L0 
     /tmp/ccVX8Sh6.s:26     .text:0000000000000020 .L0 
     /tmp/ccVX8Sh6.s:27     .text:0000000000000020 .L0 
     /tmp/ccVX8Sh6.s:29     .text:0000000000000024 .L0 
     /tmp/ccVX8Sh6.s:30     .text:0000000000000024 .L0 
     /tmp/ccVX8Sh6.s:33     .text:0000000000000030 .L0 
     /tmp/ccVX8Sh6.s:35     .text:0000000000000034 .L0 
     /tmp/ccVX8Sh6.s:37     .text:0000000000000038 .L0 
     /tmp/ccVX8Sh6.s:38     .text:000000000000003c .L0 
     /tmp/ccVX8Sh6.s:39     .text:000000000000003c .L0 
     /tmp/ccVX8Sh6.s:41     .text:0000000000000040 .L0 
     /tmp/ccVX8Sh6.s:43     .text:0000000000000044 .L0 
     /tmp/ccVX8Sh6.s:49     .text:0000000000000044 _ZN15MemoryAllocator9mem_allocEm
     /tmp/ccVX8Sh6.s:52     .text:0000000000000044 .L0 
     /tmp/ccVX8Sh6.s:54     .text:0000000000000044 .L0 
     /tmp/ccVX8Sh6.s:55     .text:0000000000000048 .L0 
     /tmp/ccVX8Sh6.s:57     .text:000000000000004c .L0 
     /tmp/ccVX8Sh6.s:59     .text:0000000000000050 .L0 
     /tmp/ccVX8Sh6.s:61     .text:0000000000000050 .L0 
     /tmp/ccVX8Sh6.s:62     .text:0000000000000050 .L0 
     /tmp/ccVX8Sh6.s:65     .text:0000000000000054 .L0 
     /tmp/ccVX8Sh6.s:66     .text:0000000000000054 .L0 
     /tmp/ccVX8Sh6.s:68     .text:0000000000000058 .L0 
     /tmp/ccVX8Sh6.s:70     .text:000000000000005c .L0 
     /tmp/ccVX8Sh6.s:73     .text:0000000000000060 .L0 
     /tmp/ccVX8Sh6.s:75     .text:0000000000000064 .L0 
     /tmp/ccVX8Sh6.s:79     .text:0000000000000068 .L0 
     /tmp/ccVX8Sh6.s:80     .text:0000000000000068 .L0 
     /tmp/ccVX8Sh6.s:83     .text:0000000000000070 .L0 
     /tmp/ccVX8Sh6.s:84     .text:0000000000000070 .L0 
     /tmp/ccVX8Sh6.s:88     .text:0000000000000074 .L0 
     /tmp/ccVX8Sh6.s:89     .text:0000000000000074 .L0 
     /tmp/ccVX8Sh6.s:91     .text:0000000000000078 .L0 
     /tmp/ccVX8Sh6.s:92     .text:0000000000000078 .L0 
     /tmp/ccVX8Sh6.s:94     .text:000000000000007c .L0 
     /tmp/ccVX8Sh6.s:97     .text:0000000000000080 .L0 
     /tmp/ccVX8Sh6.s:98     .text:0000000000000080 .L0 
     /tmp/ccVX8Sh6.s:99     .text:0000000000000080 .L0 
     /tmp/ccVX8Sh6.s:101    .text:0000000000000084 .L0 
     /tmp/ccVX8Sh6.s:104    .text:0000000000000088 .L0 
     /tmp/ccVX8Sh6.s:107    .text:000000000000008c .L0 
     /tmp/ccVX8Sh6.s:109    .text:0000000000000090 .L0 
     /tmp/ccVX8Sh6.s:111    .text:0000000000000094 .L0 
     /tmp/ccVX8Sh6.s:114    .text:0000000000000098 .L0 
     /tmp/ccVX8Sh6.s:115    .text:0000000000000098 .L0 
     /tmp/ccVX8Sh6.s:117    .text:000000000000009c .L0 
     /tmp/ccVX8Sh6.s:120    .text:00000000000000a4 .L0 
     /tmp/ccVX8Sh6.s:121    .text:00000000000000a4 .L0 
GAS LISTING /tmp/ccVX8Sh6.s 			page 11


     /tmp/ccVX8Sh6.s:123    .text:00000000000000a8 .L0 
     /tmp/ccVX8Sh6.s:126    .text:00000000000000ac .L0 
     /tmp/ccVX8Sh6.s:131    .text:00000000000000b4 .L0 
     /tmp/ccVX8Sh6.s:134    .text:00000000000000b8 .L0 
     /tmp/ccVX8Sh6.s:140    .text:00000000000000c4 .L0 
     /tmp/ccVX8Sh6.s:141    .text:00000000000000c4 .L0 
     /tmp/ccVX8Sh6.s:144    .text:00000000000000c8 .L0 
     /tmp/ccVX8Sh6.s:145    .text:00000000000000c8 .L0 
     /tmp/ccVX8Sh6.s:147    .text:00000000000000cc .L0 
     /tmp/ccVX8Sh6.s:148    .text:00000000000000cc .L0 
     /tmp/ccVX8Sh6.s:150    .text:00000000000000d0 .L0 
     /tmp/ccVX8Sh6.s:152    .text:00000000000000d4 .L0 
     /tmp/ccVX8Sh6.s:153    .text:00000000000000d4 .L0 
     /tmp/ccVX8Sh6.s:155    .text:00000000000000d8 .L0 
     /tmp/ccVX8Sh6.s:158    .text:00000000000000dc .L0 
     /tmp/ccVX8Sh6.s:159    .text:00000000000000dc .L0 
     /tmp/ccVX8Sh6.s:165    .text:00000000000000e0 .L0 
     /tmp/ccVX8Sh6.s:166    .text:00000000000000e0 .L0 
     /tmp/ccVX8Sh6.s:168    .text:00000000000000e4 .L0 
     /tmp/ccVX8Sh6.s:169    .text:00000000000000e4 .L0 
     /tmp/ccVX8Sh6.s:173    .text:00000000000000e8 .L0 
     /tmp/ccVX8Sh6.s:174    .text:00000000000000ec .L0 
     /tmp/ccVX8Sh6.s:175    .text:00000000000000ec .L0 
     /tmp/ccVX8Sh6.s:176    .text:00000000000000ec .L0 
     /tmp/ccVX8Sh6.s:178    .text:00000000000000f0 .L0 
     /tmp/ccVX8Sh6.s:182    .text:00000000000000f4 .L0 
     /tmp/ccVX8Sh6.s:186    .text:00000000000000f4 .L0 
     /tmp/ccVX8Sh6.s:193    .text:0000000000000100 .L0 
     /tmp/ccVX8Sh6.s:196    .text:0000000000000108 .L0 
     /tmp/ccVX8Sh6.s:202    .text:0000000000000108 _ZN15MemoryAllocator10joinBlocksEP11MemoryBlockS1_
     /tmp/ccVX8Sh6.s:205    .text:0000000000000108 .L0 
     /tmp/ccVX8Sh6.s:207    .text:0000000000000108 .L0 
     /tmp/ccVX8Sh6.s:208    .text:000000000000010c .L0 
     /tmp/ccVX8Sh6.s:210    .text:0000000000000110 .L0 
     /tmp/ccVX8Sh6.s:212    .text:0000000000000114 .L0 
     /tmp/ccVX8Sh6.s:214    .text:0000000000000114 .L0 
     /tmp/ccVX8Sh6.s:215    .text:0000000000000114 .L0 
     /tmp/ccVX8Sh6.s:217    .text:0000000000000118 .L0 
     /tmp/ccVX8Sh6.s:221    .text:0000000000000124 .L0 
     /tmp/ccVX8Sh6.s:222    .text:0000000000000124 .L0 
     /tmp/ccVX8Sh6.s:224    .text:0000000000000128 .L0 
     /tmp/ccVX8Sh6.s:226    .text:000000000000012c .L0 
     /tmp/ccVX8Sh6.s:227    .text:000000000000012c .L0 
     /tmp/ccVX8Sh6.s:228    .text:0000000000000130 .L0 
     /tmp/ccVX8Sh6.s:229    .text:0000000000000130 .L0 
     /tmp/ccVX8Sh6.s:231    .text:0000000000000134 .L0 
     /tmp/ccVX8Sh6.s:233    .text:0000000000000138 .L0 
     /tmp/ccVX8Sh6.s:239    .text:0000000000000138 _ZN15MemoryAllocator8mem_freeEPv
     /tmp/ccVX8Sh6.s:242    .text:0000000000000138 .L0 
     /tmp/ccVX8Sh6.s:244    .text:0000000000000138 .L0 
     /tmp/ccVX8Sh6.s:245    .text:000000000000013c .L0 
     /tmp/ccVX8Sh6.s:249    .text:0000000000000148 .L0 
     /tmp/ccVX8Sh6.s:250    .text:0000000000000148 .L0 
     /tmp/ccVX8Sh6.s:251    .text:0000000000000148 .L0 
     /tmp/ccVX8Sh6.s:253    .text:000000000000014c .L0 
     /tmp/ccVX8Sh6.s:255    .text:000000000000014c .L0 
     /tmp/ccVX8Sh6.s:256    .text:000000000000014c .L0 
GAS LISTING /tmp/ccVX8Sh6.s 			page 12


     /tmp/ccVX8Sh6.s:259    .text:0000000000000150 .L0 
     /tmp/ccVX8Sh6.s:260    .text:0000000000000150 .L0 
     /tmp/ccVX8Sh6.s:263    .text:0000000000000158 .L0 
     /tmp/ccVX8Sh6.s:264    .text:0000000000000158 .L0 
     /tmp/ccVX8Sh6.s:268    .text:000000000000015c .L0 
     /tmp/ccVX8Sh6.s:269    .text:000000000000015c .L0 
     /tmp/ccVX8Sh6.s:271    .text:0000000000000160 .L0 
     /tmp/ccVX8Sh6.s:274    .text:0000000000000164 .L0 
     /tmp/ccVX8Sh6.s:275    .text:0000000000000164 .L0 
     /tmp/ccVX8Sh6.s:276    .text:0000000000000164 .L0 
     /tmp/ccVX8Sh6.s:278    .text:0000000000000168 .L0 
     /tmp/ccVX8Sh6.s:281    .text:000000000000016c .L0 
     /tmp/ccVX8Sh6.s:284    .text:0000000000000170 .L0 
     /tmp/ccVX8Sh6.s:285    .text:0000000000000170 .L0 
     /tmp/ccVX8Sh6.s:287    .text:0000000000000174 .L0 
     /tmp/ccVX8Sh6.s:288    .text:0000000000000174 .L0 
     /tmp/ccVX8Sh6.s:290    .text:0000000000000178 .L0 
     /tmp/ccVX8Sh6.s:293    .text:000000000000017c .L0 
     /tmp/ccVX8Sh6.s:295    .text:0000000000000180 .L0 
     /tmp/ccVX8Sh6.s:297    .text:0000000000000184 .L0 
     /tmp/ccVX8Sh6.s:299    .text:0000000000000188 .L0 
     /tmp/ccVX8Sh6.s:303    .text:000000000000018c .L0 
     /tmp/ccVX8Sh6.s:305    .text:0000000000000190 .L0 
     /tmp/ccVX8Sh6.s:307    .text:0000000000000194 .L0 
     /tmp/ccVX8Sh6.s:309    .text:0000000000000198 .L0 
     /tmp/ccVX8Sh6.s:313    .text:000000000000019c .L0 
     /tmp/ccVX8Sh6.s:314    .text:000000000000019c .L0 
     /tmp/ccVX8Sh6.s:316    .text:00000000000001a4 .L0 
     /tmp/ccVX8Sh6.s:317    .text:00000000000001a4 .L0 
     /tmp/ccVX8Sh6.s:319    .text:00000000000001a8 .L0 
     /tmp/ccVX8Sh6.s:320    .text:00000000000001a8 .L0 
     /tmp/ccVX8Sh6.s:322    .text:00000000000001ac .L0 
     /tmp/ccVX8Sh6.s:325    .text:00000000000001b0 .L0 
     /tmp/ccVX8Sh6.s:329    .text:00000000000001b4 .L0 
     /tmp/ccVX8Sh6.s:331    .text:00000000000001b4 .L0 
     /tmp/ccVX8Sh6.s:335    .text:00000000000001c0 .L0 
     /tmp/ccVX8Sh6.s:336    .text:00000000000001c0 .L0 
     /tmp/ccVX8Sh6.s:347    .text:00000000000001d8 .L0 
     /tmp/ccVX8Sh6.s:348    .text:00000000000001d8 .L0 
     /tmp/ccVX8Sh6.s:353    .text:00000000000001ec .L0 
     /tmp/ccVX8Sh6.s:362    .bss:0000000000000000 _ZN15MemoryAllocator4headE
     /tmp/ccVX8Sh6.s:359    .bss:0000000000000000 .LANCHOR0
     /tmp/ccVX8Sh6.s:368    .text:00000000000001ec .L0 
     /tmp/ccVX8Sh6.s:22     .text:000000000000000c .L0 
     /tmp/ccVX8Sh6.s:24     .text:0000000000000018 .L0 
     /tmp/ccVX8Sh6.s:30     .text:0000000000000024 .L0 
     /tmp/ccVX8Sh6.s:80     .text:0000000000000068 .L0 
     /tmp/ccVX8Sh6.s:134    .text:00000000000000b8 .L0 
     /tmp/ccVX8Sh6.s:186    .text:00000000000000f4 .L0 
     /tmp/ccVX8Sh6.s:260    .text:0000000000000150 .L0 
     /tmp/ccVX8Sh6.s:331    .text:00000000000001b4 .L0 
     /tmp/ccVX8Sh6.s:76     .text:0000000000000068 .L4
     /tmp/ccVX8Sh6.s:105    .text:000000000000008c .L5
     /tmp/ccVX8Sh6.s:86     .text:0000000000000074 .L6
     /tmp/ccVX8Sh6.s:171    .text:00000000000000e8 .L3
     /tmp/ccVX8Sh6.s:189    .text:0000000000000100 .L13
     /tmp/ccVX8Sh6.s:137    .text:00000000000000c4 .L8
GAS LISTING /tmp/ccVX8Sh6.s 			page 13


     /tmp/ccVX8Sh6.s:129    .text:00000000000000b4 .L9
     /tmp/ccVX8Sh6.s:161    .text:00000000000000e0 .L10
     /tmp/ccVX8Sh6.s:181    .text:00000000000000f4 .L11
     /tmp/ccVX8Sh6.s:156    .text:00000000000000dc .L12
     /tmp/ccVX8Sh6.s:282    .text:0000000000000170 .L18
     /tmp/ccVX8Sh6.s:266    .text:000000000000015c .L19
     /tmp/ccVX8Sh6.s:328    .text:00000000000001b4 .L20
     /tmp/ccVX8Sh6.s:301    .text:000000000000018c .L22
     /tmp/ccVX8Sh6.s:333    .text:00000000000001c0 .L25
     /tmp/ccVX8Sh6.s:311    .text:000000000000019c .L23
     /tmp/ccVX8Sh6.s:345    .text:00000000000001d8 .L26
     /tmp/ccVX8Sh6.s:291    .text:000000000000017c .L21
     /tmp/ccVX8Sh6.s:738    .debug_abbrev:0000000000000000 .Ldebug_abbrev0
     /tmp/ccVX8Sh6.s:1502   .debug_str:000000000000014b .LASF29
     /tmp/ccVX8Sh6.s:1518   .debug_str:000000000000027a .LASF30
     /tmp/ccVX8Sh6.s:1506   .debug_str:0000000000000214 .LASF31
     /tmp/ccVX8Sh6.s:5      .text:0000000000000000 .Ltext0
     /tmp/ccVX8Sh6.s:365    .text:00000000000001ec .Letext0
     /tmp/ccVX8Sh6.s:1456   .debug_line:0000000000000000 .Ldebug_line0
     /tmp/ccVX8Sh6.s:1508   .debug_str:0000000000000232 .LASF0
     /tmp/ccVX8Sh6.s:1498   .debug_str:000000000000012c .LASF1
     /tmp/ccVX8Sh6.s:1492   .debug_str:0000000000000105 .LASF2
     /tmp/ccVX8Sh6.s:1476   .debug_str:000000000000008f .LASF4
     /tmp/ccVX8Sh6.s:1496   .debug_str:000000000000011a .LASF3
     /tmp/ccVX8Sh6.s:1462   .debug_str:0000000000000023 .LASF5
     /tmp/ccVX8Sh6.s:1458   .debug_str:0000000000000000 .LASF6
     /tmp/ccVX8Sh6.s:1484   .debug_str:00000000000000bc .LASF7
     /tmp/ccVX8Sh6.s:1512   .debug_str:000000000000024b .LASF8
     /tmp/ccVX8Sh6.s:1474   .debug_str:0000000000000081 .LASF9
     /tmp/ccVX8Sh6.s:1536   .debug_str:0000000000000323 .LASF10
     /tmp/ccVX8Sh6.s:1488   .debug_str:00000000000000d5 .LASF11
     /tmp/ccVX8Sh6.s:1528   .debug_str:00000000000002ff .LASF12
     /tmp/ccVX8Sh6.s:1520   .debug_str:0000000000000292 .LASF13
     /tmp/ccVX8Sh6.s:1500   .debug_str:000000000000013f .LASF14
     /tmp/ccVX8Sh6.s:1482   .debug_str:00000000000000a6 .LASF15
     /tmp/ccVX8Sh6.s:1514   .debug_str:000000000000025b .LASF16
     /tmp/ccVX8Sh6.s:1510   .debug_str:000000000000023f .LASF32
     /tmp/ccVX8Sh6.s:1532   .debug_str:0000000000000319 .LASF17
     /tmp/ccVX8Sh6.s:1464   .debug_str:000000000000002a .LASF18
     /tmp/ccVX8Sh6.s:1460   .debug_str:0000000000000013 .LASF33
     /tmp/ccVX8Sh6.s:1504   .debug_str:000000000000020f .LASF34
     /tmp/ccVX8Sh6.s:1470   .debug_str:000000000000006d .LASF19
     /tmp/ccVX8Sh6.s:1524   .debug_str:00000000000002ab .LASF21
     /tmp/ccVX8Sh6.s:1478   .debug_str:0000000000000096 .LASF35
     /tmp/ccVX8Sh6.s:1468   .debug_str:000000000000004a .LASF36
     /tmp/ccVX8Sh6.s:1530   .debug_str:000000000000030f .LASF37
     /tmp/ccVX8Sh6.s:1526   .debug_str:00000000000002de .LASF38
     /tmp/ccVX8Sh6.s:1522   .debug_str:00000000000002a2 .LASF20
     /tmp/ccVX8Sh6.s:1490   .debug_str:00000000000000e4 .LASF22
     /tmp/ccVX8Sh6.s:1466   .debug_str:000000000000002f .LASF39
     /tmp/ccVX8Sh6.s:203    .text:0000000000000108 .LFB3
     /tmp/ccVX8Sh6.s:234    .text:0000000000000138 .LFE3
     /tmp/ccVX8Sh6.s:1486   .debug_str:00000000000000cf .LASF23
     /tmp/ccVX8Sh6.s:1494   .debug_str:0000000000000113 .LASF24
     /tmp/ccVX8Sh6.s:240    .text:0000000000000138 .LFB2
     /tmp/ccVX8Sh6.s:354    .text:00000000000001ec .LFE2
     /tmp/ccVX8Sh6.s:1238   .debug_loc:0000000000000000 .LLST5
GAS LISTING /tmp/ccVX8Sh6.s 			page 14


     /tmp/ccVX8Sh6.s:1269   .debug_loc:0000000000000077 .LLST6
     /tmp/ccVX8Sh6.s:1480   .debug_str:00000000000000a1 .LASF25
     /tmp/ccVX8Sh6.s:1297   .debug_loc:00000000000000eb .LLST7
     /tmp/ccVX8Sh6.s:1534   .debug_str:000000000000031e .LASF26
     /tmp/ccVX8Sh6.s:1317   .debug_loc:0000000000000148 .LLST8
     /tmp/ccVX8Sh6.s:340    .text:00000000000001d0 .LVL30
     /tmp/ccVX8Sh6.s:351    .text:00000000000001e8 .LVL33
     /tmp/ccVX8Sh6.s:50     .text:0000000000000044 .LFB1
     /tmp/ccVX8Sh6.s:197    .text:0000000000000108 .LFE1
     /tmp/ccVX8Sh6.s:1341   .debug_loc:00000000000001b8 .LLST0
     /tmp/ccVX8Sh6.s:1516   .debug_str:0000000000000271 .LASF27
     /tmp/ccVX8Sh6.s:1355   .debug_loc:00000000000001f1 .LLST1
     /tmp/ccVX8Sh6.s:1384   .debug_loc:0000000000000275 .LLST2
     /tmp/ccVX8Sh6.s:1404   .debug_loc:00000000000002d2 .LLST3
     /tmp/ccVX8Sh6.s:1448   .debug_ranges:0000000000000000 .Ldebug_ranges0
     /tmp/ccVX8Sh6.s:1472   .debug_str:0000000000000078 .LASF28
     /tmp/ccVX8Sh6.s:1424   .debug_loc:000000000000032f .LLST4
     /tmp/ccVX8Sh6.s:10     .text:0000000000000000 .LFB0
     /tmp/ccVX8Sh6.s:44     .text:0000000000000044 .LFE0
     /tmp/ccVX8Sh6.s:243    .text:0000000000000138 .LVL19
     /tmp/ccVX8Sh6.s:300    .text:000000000000018c .LVL25
     /tmp/ccVX8Sh6.s:327    .text:00000000000001b4 .LVL28
     /tmp/ccVX8Sh6.s:338    .text:00000000000001c8 .LVL29
     /tmp/ccVX8Sh6.s:257    .text:0000000000000150 .LVL20
     /tmp/ccVX8Sh6.s:310    .text:000000000000019c .LVL26
     /tmp/ccVX8Sh6.s:342    .text:00000000000001d4 .LVL31
     /tmp/ccVX8Sh6.s:344    .text:00000000000001d8 .LVL32
     /tmp/ccVX8Sh6.s:261    .text:0000000000000158 .LVL21
     /tmp/ccVX8Sh6.s:273    .text:0000000000000164 .LVL23
     /tmp/ccVX8Sh6.s:279    .text:000000000000016c .LVL24
     /tmp/ccVX8Sh6.s:323    .text:00000000000001ac .LVL27
     /tmp/ccVX8Sh6.s:265    .text:000000000000015c .LVL22
     /tmp/ccVX8Sh6.s:53     .text:0000000000000044 .LVL0
     /tmp/ccVX8Sh6.s:81     .text:0000000000000070 .LVL4
     /tmp/ccVX8Sh6.s:63     .text:0000000000000054 .LVL1
     /tmp/ccVX8Sh6.s:71     .text:0000000000000060 .LVL2
     /tmp/ccVX8Sh6.s:77     .text:0000000000000068 .LVL3
     /tmp/ccVX8Sh6.s:124    .text:00000000000000ac .LVL8
     /tmp/ccVX8Sh6.s:128    .text:00000000000000b4 .LVL9
     /tmp/ccVX8Sh6.s:132    .text:00000000000000b8 .LVL10
     /tmp/ccVX8Sh6.s:136    .text:00000000000000c4 .LVL11
     /tmp/ccVX8Sh6.s:160    .text:00000000000000e0 .LVL13
     /tmp/ccVX8Sh6.s:180    .text:00000000000000f4 .LVL15
     /tmp/ccVX8Sh6.s:96     .text:0000000000000080 .LVL6
     /tmp/ccVX8Sh6.s:102    .text:0000000000000088 .LVL7
     /tmp/ccVX8Sh6.s:170    .text:00000000000000e8 .LVL14
     /tmp/ccVX8Sh6.s:194    .text:0000000000000104 .LVL17
     /tmp/ccVX8Sh6.s:85     .text:0000000000000074 .LVL5
     /tmp/ccVX8Sh6.s:142    .text:00000000000000c8 .LVL12
     /tmp/ccVX8Sh6.s:188    .text:0000000000000100 .LVL16
     /tmp/ccVX8Sh6.s:369    .debug_info:0000000000000000 .Ldebug_info0
     /tmp/ccVX8Sh6.s:138    .text:00000000000000c4 .LBB3
     /tmp/ccVX8Sh6.s:162    .text:00000000000000e0 .LBE3
     /tmp/ccVX8Sh6.s:184    .text:00000000000000f4 .LBB4
     /tmp/ccVX8Sh6.s:190    .text:0000000000000100 .LBE4

UNDEFINED SYMBOLS
GAS LISTING /tmp/ccVX8Sh6.s 			page 15


HEAP_START_ADDR
HEAP_END_ADDR
