GAS LISTING /tmp/ccrHBVz1.s 			page 1


   1              		.file	"riscv.cpp"
   2              		.option pic
   3              		.option norelax
   4              		.text
   5              	.Ltext0:
   6              		.align	2
   7              		.globl	_ZN5Riscv20handleSupervisorTrapEPm
   9              	_ZN5Riscv20handleSupervisorTrapEPm:
  10              	.LFB33:
  11              		.file 1 "src/riscv.cpp"
   1:src/riscv.cpp **** //
   2:src/riscv.cpp **** // Created by os on 7/19/26.
   3:src/riscv.cpp **** //
   4:src/riscv.cpp **** 
   5:src/riscv.cpp **** #include "../h/riscv.hpp"
   6:src/riscv.cpp **** #include "../h/MemoryAllocator.hpp"
   7:src/riscv.cpp **** #include "../h/semaphore.hpp"
   8:src/riscv.cpp **** #include "../h/tcb.hpp"
   9:src/riscv.cpp **** 
  10:src/riscv.cpp **** void Riscv::handleSupervisorTrap(uint64* regs) {
  12              		.loc 1 10 48
  13              		.cfi_startproc
  14              	.LVL0:
  15 0000 130101FB 		addi	sp,sp,-80
  16              		.cfi_def_cfa_offset 80
  17 0004 23341104 		sd	ra,72(sp)
  18 0008 23308104 		sd	s0,64(sp)
  19 000c 233C9102 		sd	s1,56(sp)
  20 0010 23382103 		sd	s2,48(sp)
  21 0014 23343103 		sd	s3,40(sp)
  22 0018 23304103 		sd	s4,32(sp)
  23              		.cfi_offset 1, -8
  24              		.cfi_offset 8, -16
  25              		.cfi_offset 9, -24
  26              		.cfi_offset 18, -32
  27              		.cfi_offset 19, -40
  28              		.cfi_offset 20, -48
  29 001c 13040105 		addi	s0,sp,80
  30              		.cfi_def_cfa 8, 0
  11:src/riscv.cpp **** 
  12:src/riscv.cpp ****     uint64 scause = r_scause();
  31              		.loc 1 12 5
  32              	.LBB18:
  33              	.LBB19:
  34              		.file 2 "src/../h/riscv.hpp"
   1:src/../h/riscv.hpp **** //
   2:src/../h/riscv.hpp **** // Created by os on 6/22/26.
   3:src/../h/riscv.hpp **** //
   4:src/../h/riscv.hpp **** 
   5:src/../h/riscv.hpp **** #ifndef PROJECT_BASE_RISCV_HPP
   6:src/../h/riscv.hpp **** #define PROJECT_BASE_RISCV_HPP
   7:src/../h/riscv.hpp **** #include "../lib/hw.h"
   8:src/../h/riscv.hpp **** 
   9:src/../h/riscv.hpp **** class Riscv {
  10:src/../h/riscv.hpp **** public:
  11:src/../h/riscv.hpp **** 
  12:src/../h/riscv.hpp ****     // push x3..x31 registers on stack
GAS LISTING /tmp/ccrHBVz1.s 			page 2


  13:src/../h/riscv.hpp ****     static void pushRegisters();
  14:src/../h/riscv.hpp **** 
  15:src/../h/riscv.hpp ****     // pop x3..x31 registers on stack
  16:src/../h/riscv.hpp ****     static void popRegisters();
  17:src/../h/riscv.hpp **** 
  18:src/../h/riscv.hpp ****     // TODO: OVO SAM VIDEO KOD BOBIJA VIDI DA LI TI TREBA ILI JE HELPER METODA ZA NESTO
  19:src/../h/riscv.hpp ****     static void popSppSpie();
  20:src/../h/riscv.hpp **** 
  21:src/../h/riscv.hpp ****     // read register scouse
  22:src/../h/riscv.hpp ****     static uint64 r_scause();
  23:src/../h/riscv.hpp **** 
  24:src/../h/riscv.hpp ****     // write register scouse
  25:src/../h/riscv.hpp ****     static void w_scause(uint64 scause);
  26:src/../h/riscv.hpp **** 
  27:src/../h/riscv.hpp ****     // read register sepc
  28:src/../h/riscv.hpp ****     static uint64 r_sepc();
  29:src/../h/riscv.hpp **** 
  30:src/../h/riscv.hpp ****     // write register sepc
  31:src/../h/riscv.hpp ****     static void w_sepc(uint64 sepc);
  32:src/../h/riscv.hpp **** 
  33:src/../h/riscv.hpp ****     // read register stvec
  34:src/../h/riscv.hpp ****     static uint64 r_stvec();
  35:src/../h/riscv.hpp **** 
  36:src/../h/riscv.hpp ****     // write register stvec
  37:src/../h/riscv.hpp ****     static void w_stvec(uint64 stvec);
  38:src/../h/riscv.hpp **** 
  39:src/../h/riscv.hpp ****     // read register stval
  40:src/../h/riscv.hpp ****     static uint64 r_stval();
  41:src/../h/riscv.hpp **** 
  42:src/../h/riscv.hpp ****     // write register stval
  43:src/../h/riscv.hpp ****     static void w_stval(uint64 stval);
  44:src/../h/riscv.hpp **** 
  45:src/../h/riscv.hpp ****     enum BitMaskSip {
  46:src/../h/riscv.hpp ****         SIP_SSIE = (1 << 1),
  47:src/../h/riscv.hpp ****         SIP_STIE = (1 << 5),
  48:src/../h/riscv.hpp ****         SIP_SEIE = (1 << 9),
  49:src/../h/riscv.hpp ****     };
  50:src/../h/riscv.hpp **** 
  51:src/../h/riscv.hpp ****     // mask set register sip
  52:src/../h/riscv.hpp ****     static void ms_sip(uint64 mask);
  53:src/../h/riscv.hpp **** 
  54:src/../h/riscv.hpp ****     // mask clear register sip
  55:src/../h/riscv.hpp ****     static void mc_sip(uint64 maks);
  56:src/../h/riscv.hpp **** 
  57:src/../h/riscv.hpp ****     // read register sip
  58:src/../h/riscv.hpp ****     static uint64 r_sip();
  59:src/../h/riscv.hpp **** 
  60:src/../h/riscv.hpp ****     // write register sip
  61:src/../h/riscv.hpp ****     static void w_sip(uint64 sip);
  62:src/../h/riscv.hpp **** 
  63:src/../h/riscv.hpp ****     enum BitMaskSstatus {
  64:src/../h/riscv.hpp ****         SSTATUS_SIE = (1 << 1),
  65:src/../h/riscv.hpp ****         SSTATUS_SPIE = (1 << 5),
  66:src/../h/riscv.hpp ****         SSTATUS_SPP = (1 << 8),
  67:src/../h/riscv.hpp ****     };
  68:src/../h/riscv.hpp **** 
  69:src/../h/riscv.hpp ****     // mask set register sstatus
GAS LISTING /tmp/ccrHBVz1.s 			page 3


  70:src/../h/riscv.hpp ****     static void ms_sstatus(uint64 mask);
  71:src/../h/riscv.hpp **** 
  72:src/../h/riscv.hpp ****     // mask clear register sstatus
  73:src/../h/riscv.hpp ****     static void mc_sstatus(uint64 maks);
  74:src/../h/riscv.hpp **** 
  75:src/../h/riscv.hpp ****     // read register sstatus
  76:src/../h/riscv.hpp ****     static uint64 r_sstatus();
  77:src/../h/riscv.hpp **** 
  78:src/../h/riscv.hpp ****     // write register sstatus
  79:src/../h/riscv.hpp ****     static void w_sstatus(uint64 sstatus);
  80:src/../h/riscv.hpp **** 
  81:src/../h/riscv.hpp ****     static void supervisorTrap();
  82:src/../h/riscv.hpp ****     static void handleSupervisorTrap(uint64* regs);
  83:src/../h/riscv.hpp ****     // i ovo isto
  84:src/../h/riscv.hpp **** 
  85:src/../h/riscv.hpp ****     enum Cause {
  86:src/../h/riscv.hpp ****         ecallU = 0x08UL, // prekid iz korisnickog
  87:src/../h/riscv.hpp ****         ecallS = 0x09UL, // prekid iz sistemskog
  88:src/../h/riscv.hpp ****         timer   = 0x8000000000000001UL, // prekid od tajmera, BNT=1, kod=1
  89:src/../h/riscv.hpp ****         console = 0x8000000000000009UL, // spoljasnji prekid, konzola
  90:src/../h/riscv.hpp ****     };
  91:src/../h/riscv.hpp **** 
  92:src/../h/riscv.hpp **** };
  93:src/../h/riscv.hpp **** 
  94:src/../h/riscv.hpp **** inline uint64 Riscv::r_scause() {
  95:src/../h/riscv.hpp ****     uint64 volatile scause;
  35              		.loc 2 95 5
  96:src/../h/riscv.hpp ****     __asm__ volatile ("csrr %[scause], scause" : [scause] "=r"(scause));
  36              		.loc 2 96 5
  37              		.loc 2 96 72 is_stmt 0
  38              	#APP
  39              	# 96 "src/../h/riscv.hpp" 1
  97              	    return scause;
  40              		csrr a5, scause
  41              	# 0 "" 2
  42              	#NO_APP
  43 0024 233CF4FA 		sd	a5,-72(s0)
  44              		.loc 2 97 5 is_stmt 1
  45              		.loc 2 97 12 is_stmt 0
  46 0028 833784FB 		ld	a5,-72(s0)
  47              	.LVL1:
  48              	.LBE19:
  49              	.LBE18:
  13:src/riscv.cpp **** 
  14:src/riscv.cpp ****     if (scause == ecallU || scause == ecallS) {
  50              		.loc 1 14 5 is_stmt 1
  51              	.LBB20:
  52              		.loc 1 14 26 is_stmt 0
  53 002c 938787FF 		addi	a5,a5,-8
  54              	.LVL2:
  55              		.loc 1 14 5
  56 0030 13071000 		li	a4,1
  57 0034 6372F702 		bleu	a5,a4,.L15
  58              	.LVL3:
  59              	.L1:
  60              	.LBE20:
  15:src/riscv.cpp **** 
GAS LISTING /tmp/ccrHBVz1.s 			page 4


  16:src/riscv.cpp ****         uint64 sepc = r_sepc() + 4;
  17:src/riscv.cpp ****         uint64 sstatus = r_sstatus();
  18:src/riscv.cpp **** 
  19:src/riscv.cpp ****         uint64 code = regs[10]; // a0 = kod
  20:src/riscv.cpp **** 
  21:src/riscv.cpp ****         switch (code) {
  22:src/riscv.cpp ****             case 0x01: { // mem_alloc
  23:src/riscv.cpp ****                 regs[10] = (uint64) MemoryAllocator::mem_alloc((size_t) regs[11]);
  24:src/riscv.cpp ****                 break;
  25:src/riscv.cpp ****             }
  26:src/riscv.cpp ****             case 0x02: { // mem_free
  27:src/riscv.cpp ****                 regs[10] = (uint64) MemoryAllocator::mem_free((void*) regs[11]);
  28:src/riscv.cpp ****                 break;
  29:src/riscv.cpp ****             }
  30:src/riscv.cpp ****             case 0x03: {
  31:src/riscv.cpp **** 
  32:src/riscv.cpp ****                 break;
  33:src/riscv.cpp ****             }
  34:src/riscv.cpp ****             case 0x04: {
  35:src/riscv.cpp **** 
  36:src/riscv.cpp ****                 break;
  37:src/riscv.cpp ****             }
  38:src/riscv.cpp ****             case 0x11: { // thread_create
  39:src/riscv.cpp ****                 TCB** handle = (TCB**) regs[11];
  40:src/riscv.cpp ****                 TCB::Body body = (TCB::Body) regs[12];
  41:src/riscv.cpp ****                 void* arg = (void*) regs[13];
  42:src/riscv.cpp ****                 uint64* stack = (uint64*) regs[14];
  43:src/riscv.cpp ****                 *handle = TCB::createThread(body, arg, stack);
  44:src/riscv.cpp ****                 regs[10] = 0; // uradio dobro
  45:src/riscv.cpp ****                 break;
  46:src/riscv.cpp ****             }
  47:src/riscv.cpp ****             case 0x12: { // thread_exit
  48:src/riscv.cpp ****                 TCB::exit();
  49:src/riscv.cpp ****                 break;
  50:src/riscv.cpp ****             }
  51:src/riscv.cpp ****             case 0x13: { // thread_dispatch
  52:src/riscv.cpp ****                 TCB::dispatch();
  53:src/riscv.cpp ****                 break;
  54:src/riscv.cpp ****             }
  55:src/riscv.cpp ****             case 0x21: { // sem_open
  56:src/riscv.cpp ****                 KSemaphore** h = (KSemaphore**) regs[11];
  57:src/riscv.cpp ****                 *h = KSemaphore::createSemaphore((unsigned) regs[12]);
  58:src/riscv.cpp ****                 regs[10] = 0;
  59:src/riscv.cpp ****                 break;
  60:src/riscv.cpp ****             }
  61:src/riscv.cpp ****             case 0x22: { // sem_close
  62:src/riscv.cpp ****                 regs[10] = ((KSemaphore*) regs[11])->close();
  63:src/riscv.cpp ****                 break;
  64:src/riscv.cpp ****             }
  65:src/riscv.cpp ****             case 0x23: { // sem_wait
  66:src/riscv.cpp ****                 regs[10] = ((KSemaphore*) regs[11])->wait();
  67:src/riscv.cpp ****                 break;
  68:src/riscv.cpp ****             }
  69:src/riscv.cpp ****             case 0x24: { // sem_signal
  70:src/riscv.cpp ****                 regs[10] = ((KSemaphore*) regs[11])->signal();
  71:src/riscv.cpp ****                 break;
  72:src/riscv.cpp ****             }
GAS LISTING /tmp/ccrHBVz1.s 			page 5


  73:src/riscv.cpp ****             case 0x31: {
  74:src/riscv.cpp **** 
  75:src/riscv.cpp ****                 break;
  76:src/riscv.cpp ****             }
  77:src/riscv.cpp ****             case 0x41: {
  78:src/riscv.cpp **** 
  79:src/riscv.cpp ****                 break;
  80:src/riscv.cpp ****             }
  81:src/riscv.cpp ****             case 0x42: {
  82:src/riscv.cpp **** 
  83:src/riscv.cpp ****                 break;
  84:src/riscv.cpp ****             }
  85:src/riscv.cpp ****         }
  86:src/riscv.cpp ****         w_sstatus(sstatus);
  87:src/riscv.cpp ****         w_sepc(sepc);
  88:src/riscv.cpp **** 
  89:src/riscv.cpp ****     } else if (scause == timer) {
  90:src/riscv.cpp **** 
  91:src/riscv.cpp ****     } else if (scause == console) {
  92:src/riscv.cpp **** 
  93:src/riscv.cpp ****     } else {
  94:src/riscv.cpp **** 
  95:src/riscv.cpp ****     }
  96:src/riscv.cpp **** 
  97:src/riscv.cpp **** }
  61              		.loc 1 97 1
  62 0038 83308104 		ld	ra,72(sp)
  63              		.cfi_remember_state
  64              		.cfi_restore 1
  65 003c 03340104 		ld	s0,64(sp)
  66              		.cfi_restore 8
  67              		.cfi_def_cfa 2, 80
  68 0040 83348103 		ld	s1,56(sp)
  69              		.cfi_restore 9
  70 0044 03390103 		ld	s2,48(sp)
  71              		.cfi_restore 18
  72 0048 83398102 		ld	s3,40(sp)
  73              		.cfi_restore 19
  74 004c 033A0102 		ld	s4,32(sp)
  75              		.cfi_restore 20
  76 0050 13010105 		addi	sp,sp,80
  77              		.cfi_def_cfa_offset 0
  78 0054 67800000 		jr	ra
  79              	.LVL4:
  80              	.L15:
  81              		.cfi_restore_state
  82 0058 93040500 		mv	s1,a0
  83              	.LBB37:
  84              	.LBB21:
  16:src/riscv.cpp ****         uint64 sstatus = r_sstatus();
  85              		.loc 1 16 9 is_stmt 1
  86              	.LBB22:
  87              	.LBB23:
  98:src/../h/riscv.hpp **** }
  99:src/../h/riscv.hpp **** 
 100:src/../h/riscv.hpp **** inline void Riscv::w_scause(uint64 scause) {
 101:src/../h/riscv.hpp ****     __asm__ volatile ("csrw scause, %[scause]" : : [scause] "r"(scause));
GAS LISTING /tmp/ccrHBVz1.s 			page 6


 102:src/../h/riscv.hpp **** }
 103:src/../h/riscv.hpp **** 
 104:src/../h/riscv.hpp **** inline uint64 Riscv::r_sepc() {
 105:src/../h/riscv.hpp ****     uint64 volatile sepc;
  88              		.loc 2 105 5
 106:src/../h/riscv.hpp ****     __asm__ volatile ("csrr %[sepc], sepc" : [sepc] "=r"(sepc));
  89              		.loc 2 106 5
  90              		.loc 2 106 64 is_stmt 0
  91              	#APP
  92              	# 106 "src/../h/riscv.hpp" 1
 107              	    return sepc;
  93              		csrr a5, sepc
  94              	# 0 "" 2
  95              	.LVL5:
  96              	#NO_APP
  97 0060 2334F4FC 		sd	a5,-56(s0)
  98              		.loc 2 107 5 is_stmt 1
  99              		.loc 2 107 12 is_stmt 0
 100 0064 033984FC 		ld	s2,-56(s0)
 101              	.LBE23:
 102              	.LBE22:
  16:src/riscv.cpp ****         uint64 sstatus = r_sstatus();
 103              		.loc 1 16 34
 104 0068 13094900 		addi	s2,s2,4
 105              	.LVL6:
  17:src/riscv.cpp **** 
 106              		.loc 1 17 9 is_stmt 1
 107              	.LBB24:
 108              	.LBB25:
 108:src/../h/riscv.hpp **** }
 109:src/../h/riscv.hpp **** 
 110:src/../h/riscv.hpp **** inline void Riscv::w_sepc(uint64 sepc) {
 111:src/../h/riscv.hpp ****     __asm__ volatile ("csrw sepc, %[sepc]" :: [sepc] "r"(sepc));
 112:src/../h/riscv.hpp **** }
 113:src/../h/riscv.hpp **** 
 114:src/../h/riscv.hpp **** inline uint64 Riscv::r_stvec() {
 115:src/../h/riscv.hpp ****     uint64 volatile stvec;
 116:src/../h/riscv.hpp ****     __asm__ volatile ("csrr %[stvec], stvec" : [stvec] "=r"(stvec));
 117:src/../h/riscv.hpp ****     return stvec;
 118:src/../h/riscv.hpp **** }
 119:src/../h/riscv.hpp **** 
 120:src/../h/riscv.hpp **** inline void Riscv::w_stvec(uint64 stvec) {
 121:src/../h/riscv.hpp ****     __asm__ volatile ("csrw stvec, %[stvec]" :: [stvec] "r"(stvec));
 122:src/../h/riscv.hpp **** }
 123:src/../h/riscv.hpp **** 
 124:src/../h/riscv.hpp **** inline uint64 Riscv::r_stval() {
 125:src/../h/riscv.hpp ****     uint64 volatile stval;
 126:src/../h/riscv.hpp ****     __asm__ volatile ("csrr %[stval], stval" : [stval] "=r"(stval));
 127:src/../h/riscv.hpp ****     return stval;
 128:src/../h/riscv.hpp **** }
 129:src/../h/riscv.hpp **** 
 130:src/../h/riscv.hpp **** inline void Riscv::w_stval(uint64 stval) {
 131:src/../h/riscv.hpp ****     __asm__ volatile ("csrw stval, %[stval]" :: [stval] "r"(stval));
 132:src/../h/riscv.hpp **** }
 133:src/../h/riscv.hpp **** 
 134:src/../h/riscv.hpp **** inline void Riscv::ms_sip(uint64 mask) {
 135:src/../h/riscv.hpp ****     __asm__ volatile ("csrs sip, %[mask]" :: [mask] "r"(mask));
GAS LISTING /tmp/ccrHBVz1.s 			page 7


 136:src/../h/riscv.hpp **** }
 137:src/../h/riscv.hpp **** 
 138:src/../h/riscv.hpp **** inline void Riscv::mc_sip(uint64 mask) {
 139:src/../h/riscv.hpp ****     __asm__ volatile ("csrc sip, %[mask]" :: [mask] "r"(mask));
 140:src/../h/riscv.hpp **** }
 141:src/../h/riscv.hpp **** 
 142:src/../h/riscv.hpp **** inline uint64 Riscv::r_sip() {
 143:src/../h/riscv.hpp ****     uint64 volatile sip;
 144:src/../h/riscv.hpp ****     __asm__ volatile ("csrr %[sip], sip" : [sip] "=r"(sip));
 145:src/../h/riscv.hpp ****     return sip;
 146:src/../h/riscv.hpp **** }
 147:src/../h/riscv.hpp **** 
 148:src/../h/riscv.hpp **** inline void Riscv::w_sip(uint64 sip) {
 149:src/../h/riscv.hpp ****     __asm__ volatile ("csrw sip, %[sip]" :: [sip] "r"(sip));
 150:src/../h/riscv.hpp **** }
 151:src/../h/riscv.hpp **** 
 152:src/../h/riscv.hpp **** inline void Riscv::ms_sstatus(uint64 mask) {
 153:src/../h/riscv.hpp ****     __asm__ volatile ("csrs sstatus, %[mask]" :: [mask] "r"(mask));
 154:src/../h/riscv.hpp **** }
 155:src/../h/riscv.hpp **** 
 156:src/../h/riscv.hpp **** inline void Riscv::mc_sstatus(uint64 mask) {
 157:src/../h/riscv.hpp ****     __asm__ volatile ("csrc sstatus, %[mask]" :: [mask] "r"(mask));
 158:src/../h/riscv.hpp **** }
 159:src/../h/riscv.hpp **** 
 160:src/../h/riscv.hpp **** inline uint64 Riscv::r_sstatus() {
 161:src/../h/riscv.hpp ****     uint64 volatile sstatus;
 109              		.loc 2 161 5
 162:src/../h/riscv.hpp ****     __asm__ volatile ("csrr %[sstatus], sstatus" : [sstatus] "=r"(sstatus));
 110              		.loc 2 162 5
 111              		.loc 2 162 76 is_stmt 0
 112              	#APP
 113              	# 162 "src/../h/riscv.hpp" 1
 163              	    return sstatus;
 114              		csrr a5, sstatus
 115              	# 0 "" 2
 116              	#NO_APP
 117 0070 2330F4FC 		sd	a5,-64(s0)
 118              		.loc 2 163 5 is_stmt 1
 119              		.loc 2 163 12 is_stmt 0
 120 0074 833904FC 		ld	s3,-64(s0)
 121              	.LVL7:
 122              	.LBE25:
 123              	.LBE24:
  19:src/riscv.cpp **** 
 124              		.loc 1 19 9 is_stmt 1
  19:src/riscv.cpp **** 
 125              		.loc 1 19 16 is_stmt 0
 126 0078 83370505 		ld	a5,80(a0)
 127              	.LVL8:
  21:src/riscv.cpp ****             case 0x01: { // mem_alloc
 128              		.loc 1 21 9 is_stmt 1
 129 007c 13074002 		li	a4,36
 130 0080 6368F702 		bgtu	a5,a4,.L3
 131              	.LVL9:
 132 0084 93972700 		slli	a5,a5,2
 133              	.LVL10:
 134 0088 17070000 		lla	a4,.L5
GAS LISTING /tmp/ccrHBVz1.s 			page 8


 134      13070700 
 135 0090 B387E700 		add	a5,a5,a4
 136 0094 83A70700 		lw	a5,0(a5)
 137 0098 B387E700 		add	a5,a5,a4
 138 009c 67800700 		jr	a5
 139              		.section	.rodata
 140              		.align	2
 141              		.align	2
 142              	.L5:
 143 0000 00000000 		.word	.L3-.L5
 144 0004 00000000 		.word	.L13-.L5
 145 0008 00000000 		.word	.L12-.L5
 146 000c 00000000 		.word	.L3-.L5
 147 0010 00000000 		.word	.L3-.L5
 148 0014 00000000 		.word	.L3-.L5
 149 0018 00000000 		.word	.L3-.L5
 150 001c 00000000 		.word	.L3-.L5
 151 0020 00000000 		.word	.L3-.L5
 152 0024 00000000 		.word	.L3-.L5
 153 0028 00000000 		.word	.L3-.L5
 154 002c 00000000 		.word	.L3-.L5
 155 0030 00000000 		.word	.L3-.L5
 156 0034 00000000 		.word	.L3-.L5
 157 0038 00000000 		.word	.L3-.L5
 158 003c 00000000 		.word	.L3-.L5
 159 0040 00000000 		.word	.L3-.L5
 160 0044 00000000 		.word	.L11-.L5
 161 0048 00000000 		.word	.L10-.L5
 162 004c 00000000 		.word	.L9-.L5
 163 0050 00000000 		.word	.L3-.L5
 164 0054 00000000 		.word	.L3-.L5
 165 0058 00000000 		.word	.L3-.L5
 166 005c 00000000 		.word	.L3-.L5
 167 0060 00000000 		.word	.L3-.L5
 168 0064 00000000 		.word	.L3-.L5
 169 0068 00000000 		.word	.L3-.L5
 170 006c 00000000 		.word	.L3-.L5
 171 0070 00000000 		.word	.L3-.L5
 172 0074 00000000 		.word	.L3-.L5
 173 0078 00000000 		.word	.L3-.L5
 174 007c 00000000 		.word	.L3-.L5
 175 0080 00000000 		.word	.L3-.L5
 176 0084 00000000 		.word	.L8-.L5
 177 0088 00000000 		.word	.L7-.L5
 178 008c 00000000 		.word	.L6-.L5
 179 0090 00000000 		.word	.L4-.L5
 180              		.text
 181              	.L13:
 182              	.LBB26:
 183              	.LBB27:
  22:src/riscv.cpp ****                 regs[10] = (uint64) MemoryAllocator::mem_alloc((size_t) regs[11]);
 184              		.loc 1 22 13
  22:src/riscv.cpp ****                 regs[10] = (uint64) MemoryAllocator::mem_alloc((size_t) regs[11]);
 185              		.loc 1 22 24
  23:src/riscv.cpp ****                 break;
 186              		.loc 1 23 17
  23:src/riscv.cpp ****                 break;
GAS LISTING /tmp/ccrHBVz1.s 			page 9


 187              		.loc 1 23 63 is_stmt 0
 188 00a0 03358505 		ld	a0,88(a0)
 189 00a4 97000000 		call	_ZN15MemoryAllocator9mem_allocEm@plt
 189      E7800000 
 190              	.LVL11:
  23:src/riscv.cpp ****                 break;
 191              		.loc 1 23 26
 192 00ac 23B8A404 		sd	a0,80(s1)
  24:src/riscv.cpp ****             }
 193              		.loc 1 24 17 is_stmt 1
 194              	.L3:
 195              	.LBE27:
 196              	.LBE26:
  86:src/riscv.cpp ****         w_sepc(sepc);
 197              		.loc 1 86 9
 198              	.LVL12:
 199              	.LBB31:
 200              	.LBB32:
 164:src/../h/riscv.hpp **** }
 165:src/../h/riscv.hpp **** 
 166:src/../h/riscv.hpp **** inline void Riscv::w_sstatus(uint64 sstatus) {
 167:src/../h/riscv.hpp ****     __asm__ volatile ("csrw sstatus, %[sstatus]" :: [sstatus] "r"(sstatus));
 201              		.loc 2 167 5
 202              		.loc 2 167 76 is_stmt 0
 203              	#APP
 204              	# 167 "src/../h/riscv.hpp" 1
 168              	}
 205              		csrw sstatus, s3
 206              	# 0 "" 2
 207              	.LVL13:
 208              	#NO_APP
 209              	.LBE32:
 210              	.LBE31:
  87:src/riscv.cpp **** 
 211              		.loc 1 87 9 is_stmt 1
 212              	.LBB33:
 213              	.LBB34:
 111:src/../h/riscv.hpp **** }
 214              		.loc 2 111 5
 111:src/../h/riscv.hpp **** }
 215              		.loc 2 111 64 is_stmt 0
 216              	#APP
 217              	# 111 "src/../h/riscv.hpp" 1
 218              		csrw sepc, s2
 219              	# 0 "" 2
 220              	.LVL14:
 221              	#NO_APP
 222              	.LBE34:
 223              	.LBE33:
 224              	.LBE21:
 225              	.LBE37:
 226              		.loc 1 97 1
 227 00b8 6FF01FF8 		j	.L1
 228              	.LVL15:
 229              	.L12:
 230              	.LBB38:
 231              	.LBB36:
GAS LISTING /tmp/ccrHBVz1.s 			page 10


 232              	.LBB35:
 233              	.LBB30:
  26:src/riscv.cpp ****                 regs[10] = (uint64) MemoryAllocator::mem_free((void*) regs[11]);
 234              		.loc 1 26 13 is_stmt 1
  26:src/riscv.cpp ****                 regs[10] = (uint64) MemoryAllocator::mem_free((void*) regs[11]);
 235              		.loc 1 26 24
  27:src/riscv.cpp ****                 break;
 236              		.loc 1 27 17
  27:src/riscv.cpp ****                 break;
 237              		.loc 1 27 62 is_stmt 0
 238 00bc 03358505 		ld	a0,88(a0)
 239 00c0 97000000 		call	_ZN15MemoryAllocator8mem_freeEPv@plt
 239      E7800000 
 240              	.LVL16:
  27:src/riscv.cpp ****                 break;
 241              		.loc 1 27 26
 242 00c8 23B8A404 		sd	a0,80(s1)
  28:src/riscv.cpp ****             }
 243              		.loc 1 28 17 is_stmt 1
 244 00cc 6FF05FFE 		j	.L3
 245              	.LVL17:
 246              	.L11:
  38:src/riscv.cpp ****                 TCB** handle = (TCB**) regs[11];
 247              		.loc 1 38 13
  38:src/riscv.cpp ****                 TCB** handle = (TCB**) regs[11];
 248              		.loc 1 38 24
 249              	.LBB28:
  39:src/riscv.cpp ****                 TCB::Body body = (TCB::Body) regs[12];
 250              		.loc 1 39 17
  39:src/riscv.cpp ****                 TCB::Body body = (TCB::Body) regs[12];
 251              		.loc 1 39 47 is_stmt 0
 252 00d0 033A8505 		ld	s4,88(a0)
 253              	.LVL18:
  40:src/riscv.cpp ****                 void* arg = (void*) regs[13];
 254              		.loc 1 40 17 is_stmt 1
  41:src/riscv.cpp ****                 uint64* stack = (uint64*) regs[14];
 255              		.loc 1 41 17
  42:src/riscv.cpp ****                 *handle = TCB::createThread(body, arg, stack);
 256              		.loc 1 42 17
  43:src/riscv.cpp ****                 regs[10] = 0; // uradio dobro
 257              		.loc 1 43 17
  43:src/riscv.cpp ****                 regs[10] = 0; // uradio dobro
 258              		.loc 1 43 44 is_stmt 0
 259 00d4 03360507 		ld	a2,112(a0)
 260 00d8 83358506 		ld	a1,104(a0)
 261 00dc 03350506 		ld	a0,96(a0)
 262 00e0 97000000 		call	_ZN3TCB12createThreadEPFvPvES0_Pm@plt
 262      E7800000 
 263              	.LVL19:
  43:src/riscv.cpp ****                 regs[10] = 0; // uradio dobro
 264              		.loc 1 43 25
 265 00e8 2330AA00 		sd	a0,0(s4)
  44:src/riscv.cpp ****                 break;
 266              		.loc 1 44 17 is_stmt 1
  44:src/riscv.cpp ****                 break;
 267              		.loc 1 44 26 is_stmt 0
 268 00ec 23B80404 		sd	zero,80(s1)
GAS LISTING /tmp/ccrHBVz1.s 			page 11


  45:src/riscv.cpp ****             }
 269              		.loc 1 45 17 is_stmt 1
 270 00f0 6FF01FFC 		j	.L3
 271              	.LVL20:
 272              	.L10:
 273              	.LBE28:
  47:src/riscv.cpp ****                 TCB::exit();
 274              		.loc 1 47 13
  47:src/riscv.cpp ****                 TCB::exit();
 275              		.loc 1 47 24
  48:src/riscv.cpp ****                 break;
 276              		.loc 1 48 17
  48:src/riscv.cpp ****                 break;
 277              		.loc 1 48 26 is_stmt 0
 278 00f4 97000000 		call	_ZN3TCB4exitEv@plt
 278      E7800000 
 279              	.LVL21:
  49:src/riscv.cpp ****             }
 280              		.loc 1 49 17 is_stmt 1
 281 00fc 6FF05FFB 		j	.L3
 282              	.LVL22:
 283              	.L9:
  51:src/riscv.cpp ****                 TCB::dispatch();
 284              		.loc 1 51 13
  51:src/riscv.cpp ****                 TCB::dispatch();
 285              		.loc 1 51 24
  52:src/riscv.cpp ****                 break;
 286              		.loc 1 52 17
  52:src/riscv.cpp ****                 break;
 287              		.loc 1 52 30 is_stmt 0
 288 0100 97000000 		call	_ZN3TCB8dispatchEv@plt
 288      E7800000 
 289              	.LVL23:
  53:src/riscv.cpp ****             }
 290              		.loc 1 53 17 is_stmt 1
 291 0108 6FF09FFA 		j	.L3
 292              	.LVL24:
 293              	.L8:
  55:src/riscv.cpp ****                 KSemaphore** h = (KSemaphore**) regs[11];
 294              		.loc 1 55 13
  55:src/riscv.cpp ****                 KSemaphore** h = (KSemaphore**) regs[11];
 295              		.loc 1 55 24
 296              	.LBB29:
  56:src/riscv.cpp ****                 *h = KSemaphore::createSemaphore((unsigned) regs[12]);
 297              		.loc 1 56 17
  56:src/riscv.cpp ****                 *h = KSemaphore::createSemaphore((unsigned) regs[12]);
 298              		.loc 1 56 56 is_stmt 0
 299 010c 033A8505 		ld	s4,88(a0)
 300              	.LVL25:
  57:src/riscv.cpp ****                 regs[10] = 0;
 301              		.loc 1 57 17 is_stmt 1
  57:src/riscv.cpp ****                 regs[10] = 0;
 302              		.loc 1 57 49 is_stmt 0
 303 0110 03250506 		lw	a0,96(a0)
 304 0114 97000000 		call	_ZN10KSemaphore15createSemaphoreEj@plt
 304      E7800000 
 305              	.LVL26:
GAS LISTING /tmp/ccrHBVz1.s 			page 12


  57:src/riscv.cpp ****                 regs[10] = 0;
 306              		.loc 1 57 20
 307 011c 2330AA00 		sd	a0,0(s4)
  58:src/riscv.cpp ****                 break;
 308              		.loc 1 58 17 is_stmt 1
  58:src/riscv.cpp ****                 break;
 309              		.loc 1 58 26 is_stmt 0
 310 0120 23B80404 		sd	zero,80(s1)
  59:src/riscv.cpp ****             }
 311              		.loc 1 59 17 is_stmt 1
 312 0124 6FF0DFF8 		j	.L3
 313              	.LVL27:
 314              	.L7:
 315              	.LBE29:
  61:src/riscv.cpp ****                 regs[10] = ((KSemaphore*) regs[11])->close();
 316              		.loc 1 61 13
  61:src/riscv.cpp ****                 regs[10] = ((KSemaphore*) regs[11])->close();
 317              		.loc 1 61 24
  62:src/riscv.cpp ****                 break;
 318              		.loc 1 62 17
  62:src/riscv.cpp ****                 break;
 319              		.loc 1 62 59 is_stmt 0
 320 0128 03358505 		ld	a0,88(a0)
 321 012c 97000000 		call	_ZN10KSemaphore5closeEv@plt
 321      E7800000 
 322              	.LVL28:
  62:src/riscv.cpp ****                 break;
 323              		.loc 1 62 26
 324 0134 23B8A404 		sd	a0,80(s1)
  63:src/riscv.cpp ****             }
 325              		.loc 1 63 17 is_stmt 1
 326 0138 6FF09FF7 		j	.L3
 327              	.LVL29:
 328              	.L6:
  65:src/riscv.cpp ****                 regs[10] = ((KSemaphore*) regs[11])->wait();
 329              		.loc 1 65 13
  65:src/riscv.cpp ****                 regs[10] = ((KSemaphore*) regs[11])->wait();
 330              		.loc 1 65 24
  66:src/riscv.cpp ****                 break;
 331              		.loc 1 66 17
  66:src/riscv.cpp ****                 break;
 332              		.loc 1 66 58 is_stmt 0
 333 013c 03358505 		ld	a0,88(a0)
 334 0140 97000000 		call	_ZN10KSemaphore4waitEv@plt
 334      E7800000 
 335              	.LVL30:
  66:src/riscv.cpp ****                 break;
 336              		.loc 1 66 26
 337 0148 23B8A404 		sd	a0,80(s1)
  67:src/riscv.cpp ****             }
 338              		.loc 1 67 17 is_stmt 1
 339 014c 6FF05FF6 		j	.L3
 340              	.LVL31:
 341              	.L4:
  69:src/riscv.cpp ****                 regs[10] = ((KSemaphore*) regs[11])->signal();
 342              		.loc 1 69 13
  69:src/riscv.cpp ****                 regs[10] = ((KSemaphore*) regs[11])->signal();
GAS LISTING /tmp/ccrHBVz1.s 			page 13


 343              		.loc 1 69 24
  70:src/riscv.cpp ****                 break;
 344              		.loc 1 70 17
  70:src/riscv.cpp ****                 break;
 345              		.loc 1 70 60 is_stmt 0
 346 0150 03358505 		ld	a0,88(a0)
 347 0154 97000000 		call	_ZN10KSemaphore6signalEv@plt
 347      E7800000 
 348              	.LVL32:
  70:src/riscv.cpp ****                 break;
 349              		.loc 1 70 26
 350 015c 23B8A404 		sd	a0,80(s1)
  71:src/riscv.cpp ****             }
 351              		.loc 1 71 17 is_stmt 1
 352 0160 6FF01FF5 		j	.L3
 353              	.LBE30:
 354              	.LBE35:
 355              	.LBE36:
 356              	.LBE38:
 357              		.cfi_endproc
 358              	.LFE33:
 360              	.Letext0:
 361              		.file 3 "src/../h/../lib/hw.h"
 362              		.file 4 "src/../h/MemoryAllocator.hpp"
 363              		.file 5 "src/../h/list.hpp"
 364              		.file 6 "src/../h/tcb.hpp"
 365              		.file 7 "src/../h/semaphore.hpp"
GAS LISTING /tmp/ccrHBVz1.s 			page 14


DEFINED SYMBOLS
                            *ABS*:0000000000000000 riscv.cpp
     /tmp/ccrHBVz1.s:9      .text:0000000000000000 _ZN5Riscv20handleSupervisorTrapEPm
     /tmp/ccrHBVz1.s:13     .text:0000000000000000 .L0 
     /tmp/ccrHBVz1.s:15     .text:0000000000000000 .L0 
     /tmp/ccrHBVz1.s:16     .text:0000000000000004 .L0 
     /tmp/ccrHBVz1.s:23     .text:000000000000001c .L0 
     /tmp/ccrHBVz1.s:24     .text:000000000000001c .L0 
     /tmp/ccrHBVz1.s:25     .text:000000000000001c .L0 
     /tmp/ccrHBVz1.s:26     .text:000000000000001c .L0 
     /tmp/ccrHBVz1.s:27     .text:000000000000001c .L0 
     /tmp/ccrHBVz1.s:28     .text:000000000000001c .L0 
     /tmp/ccrHBVz1.s:30     .text:0000000000000020 .L0 
     /tmp/ccrHBVz1.s:35     .text:0000000000000020 .L0 
     /tmp/ccrHBVz1.s:36     .text:0000000000000020 .L0 
     /tmp/ccrHBVz1.s:37     .text:0000000000000020 .L0 
  src/../h/riscv.hpp:96     .text:0000000000000020 .L0 
     /tmp/ccrHBVz1.s:45     .text:0000000000000028 .L0 
     /tmp/ccrHBVz1.s:46     .text:0000000000000028 .L0 
     /tmp/ccrHBVz1.s:52     .text:000000000000002c .L0 
     /tmp/ccrHBVz1.s:53     .text:000000000000002c .L0 
     /tmp/ccrHBVz1.s:56     .text:0000000000000030 .L0 
     /tmp/ccrHBVz1.s:62     .text:0000000000000038 .L0 
     /tmp/ccrHBVz1.s:63     .text:000000000000003c .L0 
     /tmp/ccrHBVz1.s:64     .text:000000000000003c .L0 
     /tmp/ccrHBVz1.s:66     .text:0000000000000040 .L0 
     /tmp/ccrHBVz1.s:67     .text:0000000000000040 .L0 
     /tmp/ccrHBVz1.s:69     .text:0000000000000044 .L0 
     /tmp/ccrHBVz1.s:71     .text:0000000000000048 .L0 
     /tmp/ccrHBVz1.s:73     .text:000000000000004c .L0 
     /tmp/ccrHBVz1.s:75     .text:0000000000000050 .L0 
     /tmp/ccrHBVz1.s:77     .text:0000000000000054 .L0 
     /tmp/ccrHBVz1.s:81     .text:0000000000000058 .L0 
     /tmp/ccrHBVz1.s:88     .text:000000000000005c .L0 
     /tmp/ccrHBVz1.s:89     .text:000000000000005c .L0 
     /tmp/ccrHBVz1.s:90     .text:000000000000005c .L0 
  src/../h/riscv.hpp:106    .text:000000000000005c .L0 
     /tmp/ccrHBVz1.s:99     .text:0000000000000064 .L0 
     /tmp/ccrHBVz1.s:100    .text:0000000000000064 .L0 
     /tmp/ccrHBVz1.s:104    .text:0000000000000068 .L0 
     /tmp/ccrHBVz1.s:109    .text:000000000000006c .L0 
     /tmp/ccrHBVz1.s:110    .text:000000000000006c .L0 
     /tmp/ccrHBVz1.s:111    .text:000000000000006c .L0 
  src/../h/riscv.hpp:162    .text:000000000000006c .L0 
     /tmp/ccrHBVz1.s:119    .text:0000000000000074 .L0 
     /tmp/ccrHBVz1.s:120    .text:0000000000000074 .L0 
     /tmp/ccrHBVz1.s:125    .text:0000000000000078 .L0 
     /tmp/ccrHBVz1.s:126    .text:0000000000000078 .L0 
     /tmp/ccrHBVz1.s:129    .text:000000000000007c .L0 
     /tmp/ccrHBVz1.s:185    .text:00000000000000a0 .L0 
     /tmp/ccrHBVz1.s:186    .text:00000000000000a0 .L0 
     /tmp/ccrHBVz1.s:187    .text:00000000000000a0 .L0 
     /tmp/ccrHBVz1.s:188    .text:00000000000000a0 .L0 
     /tmp/ccrHBVz1.s:192    .text:00000000000000ac .L0 
     /tmp/ccrHBVz1.s:197    .text:00000000000000b0 .L0 
     /tmp/ccrHBVz1.s:201    .text:00000000000000b0 .L0 
     /tmp/ccrHBVz1.s:202    .text:00000000000000b0 .L0 
GAS LISTING /tmp/ccrHBVz1.s 			page 15


  src/../h/riscv.hpp:167    .text:00000000000000b0 .L0 
     /tmp/ccrHBVz1.s:214    .text:00000000000000b4 .L0 
     /tmp/ccrHBVz1.s:215    .text:00000000000000b4 .L0 
  src/../h/riscv.hpp:111    .text:00000000000000b4 .L0 
     /tmp/ccrHBVz1.s:227    .text:00000000000000b8 .L0 
     /tmp/ccrHBVz1.s:235    .text:00000000000000bc .L0 
     /tmp/ccrHBVz1.s:236    .text:00000000000000bc .L0 
     /tmp/ccrHBVz1.s:237    .text:00000000000000bc .L0 
     /tmp/ccrHBVz1.s:238    .text:00000000000000bc .L0 
     /tmp/ccrHBVz1.s:242    .text:00000000000000c8 .L0 
     /tmp/ccrHBVz1.s:244    .text:00000000000000cc .L0 
     /tmp/ccrHBVz1.s:248    .text:00000000000000d0 .L0 
     /tmp/ccrHBVz1.s:250    .text:00000000000000d0 .L0 
     /tmp/ccrHBVz1.s:251    .text:00000000000000d0 .L0 
     /tmp/ccrHBVz1.s:252    .text:00000000000000d0 .L0 
     /tmp/ccrHBVz1.s:255    .text:00000000000000d4 .L0 
     /tmp/ccrHBVz1.s:256    .text:00000000000000d4 .L0 
     /tmp/ccrHBVz1.s:257    .text:00000000000000d4 .L0 
     /tmp/ccrHBVz1.s:258    .text:00000000000000d4 .L0 
     /tmp/ccrHBVz1.s:259    .text:00000000000000d4 .L0 
     /tmp/ccrHBVz1.s:265    .text:00000000000000e8 .L0 
     /tmp/ccrHBVz1.s:267    .text:00000000000000ec .L0 
     /tmp/ccrHBVz1.s:268    .text:00000000000000ec .L0 
     /tmp/ccrHBVz1.s:270    .text:00000000000000f0 .L0 
     /tmp/ccrHBVz1.s:275    .text:00000000000000f4 .L0 
     /tmp/ccrHBVz1.s:276    .text:00000000000000f4 .L0 
     /tmp/ccrHBVz1.s:277    .text:00000000000000f4 .L0 
     /tmp/ccrHBVz1.s:278    .text:00000000000000f4 .L0 
     /tmp/ccrHBVz1.s:281    .text:00000000000000fc .L0 
     /tmp/ccrHBVz1.s:285    .text:0000000000000100 .L0 
     /tmp/ccrHBVz1.s:286    .text:0000000000000100 .L0 
     /tmp/ccrHBVz1.s:287    .text:0000000000000100 .L0 
     /tmp/ccrHBVz1.s:288    .text:0000000000000100 .L0 
     /tmp/ccrHBVz1.s:291    .text:0000000000000108 .L0 
     /tmp/ccrHBVz1.s:295    .text:000000000000010c .L0 
     /tmp/ccrHBVz1.s:297    .text:000000000000010c .L0 
     /tmp/ccrHBVz1.s:298    .text:000000000000010c .L0 
     /tmp/ccrHBVz1.s:299    .text:000000000000010c .L0 
     /tmp/ccrHBVz1.s:302    .text:0000000000000110 .L0 
     /tmp/ccrHBVz1.s:303    .text:0000000000000110 .L0 
     /tmp/ccrHBVz1.s:307    .text:000000000000011c .L0 
     /tmp/ccrHBVz1.s:309    .text:0000000000000120 .L0 
     /tmp/ccrHBVz1.s:310    .text:0000000000000120 .L0 
     /tmp/ccrHBVz1.s:312    .text:0000000000000124 .L0 
     /tmp/ccrHBVz1.s:317    .text:0000000000000128 .L0 
     /tmp/ccrHBVz1.s:318    .text:0000000000000128 .L0 
     /tmp/ccrHBVz1.s:319    .text:0000000000000128 .L0 
     /tmp/ccrHBVz1.s:320    .text:0000000000000128 .L0 
     /tmp/ccrHBVz1.s:324    .text:0000000000000134 .L0 
     /tmp/ccrHBVz1.s:326    .text:0000000000000138 .L0 
     /tmp/ccrHBVz1.s:330    .text:000000000000013c .L0 
     /tmp/ccrHBVz1.s:331    .text:000000000000013c .L0 
     /tmp/ccrHBVz1.s:332    .text:000000000000013c .L0 
     /tmp/ccrHBVz1.s:333    .text:000000000000013c .L0 
     /tmp/ccrHBVz1.s:337    .text:0000000000000148 .L0 
     /tmp/ccrHBVz1.s:339    .text:000000000000014c .L0 
     /tmp/ccrHBVz1.s:343    .text:0000000000000150 .L0 
GAS LISTING /tmp/ccrHBVz1.s 			page 16


     /tmp/ccrHBVz1.s:344    .text:0000000000000150 .L0 
     /tmp/ccrHBVz1.s:345    .text:0000000000000150 .L0 
     /tmp/ccrHBVz1.s:346    .text:0000000000000150 .L0 
     /tmp/ccrHBVz1.s:350    .text:000000000000015c .L0 
     /tmp/ccrHBVz1.s:352    .text:0000000000000160 .L0 
     /tmp/ccrHBVz1.s:357    .text:0000000000000164 .L0 
     /tmp/ccrHBVz1.s:366    .text:0000000000000164 .L0 
     /tmp/ccrHBVz1.s:142    .rodata:0000000000000000 .L5
     /tmp/ccrHBVz1.s:134    .text:0000000000000088 .L0 
     /tmp/ccrHBVz1.s:80     .text:0000000000000058 .L15
     /tmp/ccrHBVz1.s:194    .text:00000000000000b0 .L3
     /tmp/ccrHBVz1.s:59     .text:0000000000000038 .L1
     /tmp/ccrHBVz1.s:181    .text:00000000000000a0 .L13
     /tmp/ccrHBVz1.s:229    .text:00000000000000bc .L12
     /tmp/ccrHBVz1.s:246    .text:00000000000000d0 .L11
     /tmp/ccrHBVz1.s:272    .text:00000000000000f4 .L10
     /tmp/ccrHBVz1.s:283    .text:0000000000000100 .L9
     /tmp/ccrHBVz1.s:293    .text:000000000000010c .L8
     /tmp/ccrHBVz1.s:314    .text:0000000000000128 .L7
     /tmp/ccrHBVz1.s:328    .text:000000000000013c .L6
     /tmp/ccrHBVz1.s:341    .text:0000000000000150 .L4
     /tmp/ccrHBVz1.s:1556   .debug_abbrev:0000000000000000 .Ldebug_abbrev0
     /tmp/ccrHBVz1.s:2955   .debug_str:00000000000006c0 .LASF134
     /tmp/ccrHBVz1.s:2899   .debug_str:000000000000054a .LASF135
     /tmp/ccrHBVz1.s:2929   .debug_str:0000000000000602 .LASF136
     /tmp/ccrHBVz1.s:5      .text:0000000000000000 .Ltext0
     /tmp/ccrHBVz1.s:360    .text:0000000000000164 .Letext0
     /tmp/ccrHBVz1.s:2711   .debug_line:0000000000000000 .Ldebug_line0
     /tmp/ccrHBVz1.s:2879   .debug_str:00000000000004d9 .LASF0
     /tmp/ccrHBVz1.s:2895   .debug_str:0000000000000524 .LASF1
     /tmp/ccrHBVz1.s:2861   .debug_str:000000000000047a .LASF2
     /tmp/ccrHBVz1.s:2827   .debug_str:00000000000003a9 .LASF4
     /tmp/ccrHBVz1.s:2935   .debug_str:000000000000063d .LASF3
     /tmp/ccrHBVz1.s:2739   .debug_str:00000000000000b7 .LASF5
     /tmp/ccrHBVz1.s:2897   .debug_str:0000000000000537 .LASF6
     /tmp/ccrHBVz1.s:2877   .debug_str:00000000000004c6 .LASF7
     /tmp/ccrHBVz1.s:2967   .debug_str:00000000000007c2 .LASF8
     /tmp/ccrHBVz1.s:2809   .debug_str:0000000000000308 .LASF9
     /tmp/ccrHBVz1.s:2907   .debug_str:0000000000000587 .LASF10
     /tmp/ccrHBVz1.s:2959   .debug_str:0000000000000790 .LASF11
     /tmp/ccrHBVz1.s:2743   .debug_str:00000000000000c9 .LASF12
     /tmp/ccrHBVz1.s:2721   .debug_str:0000000000000048 .LASF13
     /tmp/ccrHBVz1.s:2757   .debug_str:000000000000012f .LASF14
     /tmp/ccrHBVz1.s:2927   .debug_str:00000000000005ec .LASF15
     /tmp/ccrHBVz1.s:2767   .debug_str:0000000000000194 .LASF16
     /tmp/ccrHBVz1.s:2893   .debug_str:000000000000051e .LASF61
     /tmp/ccrHBVz1.s:2775   .debug_str:00000000000001df .LASF137
     /tmp/ccrHBVz1.s:2759   .debug_str:000000000000013b .LASF17
     /tmp/ccrHBVz1.s:2755   .debug_str:0000000000000128 .LASF18
     /tmp/ccrHBVz1.s:2845   .debug_str:000000000000041b .LASF19
     /tmp/ccrHBVz1.s:2713   .debug_str:0000000000000000 .LASF20
     /tmp/ccrHBVz1.s:2737   .debug_str:00000000000000a9 .LASF21
     /tmp/ccrHBVz1.s:2781   .debug_str:0000000000000203 .LASF23
     /tmp/ccrHBVz1.s:2943   .debug_str:000000000000067a .LASF22
     /tmp/ccrHBVz1.s:2719   .debug_str:000000000000002e .LASF24
     /tmp/ccrHBVz1.s:2925   .debug_str:00000000000005e1 .LASF25
     /tmp/ccrHBVz1.s:2993   .debug_str:00000000000008ef .LASF26
GAS LISTING /tmp/ccrHBVz1.s 			page 17


     /tmp/ccrHBVz1.s:2723   .debug_str:0000000000000058 .LASF27
     /tmp/ccrHBVz1.s:2941   .debug_str:0000000000000665 .LASF29
     /tmp/ccrHBVz1.s:2779   .debug_str:00000000000001fa .LASF31
     /tmp/ccrHBVz1.s:2777   .debug_str:00000000000001e5 .LASF33
     /tmp/ccrHBVz1.s:2937   .debug_str:000000000000064f .LASF28
     /tmp/ccrHBVz1.s:2913   .debug_str:00000000000005a5 .LASF30
     /tmp/ccrHBVz1.s:2953   .debug_str:00000000000006b9 .LASF32
     /tmp/ccrHBVz1.s:2947   .debug_str:000000000000068e .LASF34
     /tmp/ccrHBVz1.s:2799   .debug_str:00000000000002b7 .LASF35
     /tmp/ccrHBVz1.s:2769   .debug_str:00000000000001aa .LASF36
     /tmp/ccrHBVz1.s:2715   .debug_str:0000000000000008 .LASF37
     /tmp/ccrHBVz1.s:2815   .debug_str:0000000000000343 .LASF38
     /tmp/ccrHBVz1.s:2785   .debug_str:0000000000000255 .LASF39
     /tmp/ccrHBVz1.s:2749   .debug_str:00000000000000ee .LASF40
     /tmp/ccrHBVz1.s:3003   .debug_str:000000000000093d .LASF41
     /tmp/ccrHBVz1.s:2787   .debug_str:000000000000025d .LASF42
     /tmp/ccrHBVz1.s:2881   .debug_str:00000000000004e6 .LASF43
     /tmp/ccrHBVz1.s:2987   .debug_str:0000000000000897 .LASF44
     /tmp/ccrHBVz1.s:2733   .debug_str:0000000000000099 .LASF45
     /tmp/ccrHBVz1.s:2797   .debug_str:00000000000002a4 .LASF46
     /tmp/ccrHBVz1.s:2803   .debug_str:00000000000002ca .LASF47
     /tmp/ccrHBVz1.s:2951   .debug_str:00000000000006a7 .LASF48
     /tmp/ccrHBVz1.s:2729   .debug_str:0000000000000076 .LASF49
     /tmp/ccrHBVz1.s:3007   .debug_str:000000000000095c .LASF50
     /tmp/ccrHBVz1.s:3001   .debug_str:0000000000000932 .LASF51
     /tmp/ccrHBVz1.s:2931   .debug_str:0000000000000620 .LASF52
     /tmp/ccrHBVz1.s:2837   .debug_str:00000000000003e0 .LASF53
     /tmp/ccrHBVz1.s:2851   .debug_str:0000000000000438 .LASF54
     /tmp/ccrHBVz1.s:2817   .debug_str:0000000000000357 .LASF55
     /tmp/ccrHBVz1.s:2821   .debug_str:0000000000000366 .LASF56
     /tmp/ccrHBVz1.s:2869   .debug_str:00000000000004a5 .LASF57
     /tmp/ccrHBVz1.s:2811   .debug_str:0000000000000316 .LASF58
     /tmp/ccrHBVz1.s:2939   .debug_str:0000000000000656 .LASF59
     /tmp/ccrHBVz1.s:2751   .debug_str:0000000000000102 .LASF60
     /tmp/ccrHBVz1.s:2975   .debug_str:0000000000000818 .LASF112
     /tmp/ccrHBVz1.s:2761   .debug_str:0000000000000142 .LASF114
     /tmp/ccrHBVz1.s:2857   .debug_str:000000000000045f .LASF62
     /tmp/ccrHBVz1.s:2865   .debug_str:0000000000000494 .LASF91
     /tmp/ccrHBVz1.s:2921   .debug_str:00000000000005d1 .LASF63
     /tmp/ccrHBVz1.s:2873   .debug_str:00000000000004b9 .LASF64
     /tmp/ccrHBVz1.s:2771   .debug_str:00000000000001be .LASF72
     /tmp/ccrHBVz1.s:2801   .debug_str:00000000000002bf .LASF65
     /tmp/ccrHBVz1.s:2783   .debug_str:000000000000021e .LASF66
     /tmp/ccrHBVz1.s:2859   .debug_str:000000000000046f .LASF67
     /tmp/ccrHBVz1.s:2991   .debug_str:00000000000008cc .LASF68
     /tmp/ccrHBVz1.s:2969   .debug_str:00000000000007d2 .LASF74
     /tmp/ccrHBVz1.s:2977   .debug_str:000000000000082d .LASF76
     /tmp/ccrHBVz1.s:2911   .debug_str:000000000000059c .LASF69
     /tmp/ccrHBVz1.s:2807   .debug_str:00000000000002e7 .LASF70
     /tmp/ccrHBVz1.s:2853   .debug_str:0000000000000450 .LASF71
     /tmp/ccrHBVz1.s:2855   .debug_str:000000000000045a .LASF138
     /tmp/ccrHBVz1.s:2867   .debug_str:00000000000004a0 .LASF73
     /tmp/ccrHBVz1.s:2825   .debug_str:00000000000003a4 .LASF75
     /tmp/ccrHBVz1.s:2885   .debug_str:00000000000004f6 .LASF77
     /tmp/ccrHBVz1.s:2829   .debug_str:00000000000003b0 .LASF83
     /tmp/ccrHBVz1.s:2871   .debug_str:00000000000004af .LASF139
     /tmp/ccrHBVz1.s:2813   .debug_str:000000000000032c .LASF140
GAS LISTING /tmp/ccrHBVz1.s 			page 18


     /tmp/ccrHBVz1.s:2735   .debug_str:00000000000000a0 .LASF78
     /tmp/ccrHBVz1.s:2905   .debug_str:000000000000056a .LASF79
     /tmp/ccrHBVz1.s:2961   .debug_str:000000000000079f .LASF80
     /tmp/ccrHBVz1.s:2773   .debug_str:00000000000001c3 .LASF81
     /tmp/ccrHBVz1.s:2957   .debug_str:0000000000000784 .LASF82
     /tmp/ccrHBVz1.s:2717   .debug_str:0000000000000010 .LASF84
     /tmp/ccrHBVz1.s:2753   .debug_str:000000000000011e .LASF85
     /tmp/ccrHBVz1.s:2843   .debug_str:0000000000000400 .LASF86
     /tmp/ccrHBVz1.s:2887   .debug_str:0000000000000509 .LASF87
     /tmp/ccrHBVz1.s:2731   .debug_str:000000000000007c .LASF88
     /tmp/ccrHBVz1.s:2847   .debug_str:0000000000000421 .LASF89
     /tmp/ccrHBVz1.s:2985   .debug_str:000000000000087d .LASF90
     /tmp/ccrHBVz1.s:2727   .debug_str:000000000000006e .LASF92
     /tmp/ccrHBVz1.s:2819   .debug_str:0000000000000361 .LASF93
     /tmp/ccrHBVz1.s:2915   .debug_str:00000000000005b8 .LASF94
     /tmp/ccrHBVz1.s:2841   .debug_str:00000000000003f3 .LASF95
     /tmp/ccrHBVz1.s:2989   .debug_str:00000000000008aa .LASF96
     /tmp/ccrHBVz1.s:2919   .debug_str:00000000000005cc .LASF141
     /tmp/ccrHBVz1.s:2883   .debug_str:00000000000004ed .LASF97
     /tmp/ccrHBVz1.s:2789   .debug_str:0000000000000271 .LASF98
     /tmp/ccrHBVz1.s:2933   .debug_str:0000000000000638 .LASF99
     /tmp/ccrHBVz1.s:2997   .debug_str:000000000000091d .LASF100
     /tmp/ccrHBVz1.s:2901   .debug_str:0000000000000558 .LASF101
     /tmp/ccrHBVz1.s:2765   .debug_str:000000000000017d .LASF102
     /tmp/ccrHBVz1.s:2983   .debug_str:0000000000000875 .LASF142
     /tmp/ccrHBVz1.s:2863   .debug_str:0000000000000488 .LASF103
     /tmp/ccrHBVz1.s:3005   .debug_str:0000000000000945 .LASF104
     /tmp/ccrHBVz1.s:2831   .debug_str:00000000000003c7 .LASF105
     /tmp/ccrHBVz1.s:2965   .debug_str:00000000000007ac .LASF106
     /tmp/ccrHBVz1.s:2995   .debug_str:0000000000000907 .LASF143
     /tmp/ccrHBVz1.s:2835   .debug_str:00000000000003db .LASF107
     /tmp/ccrHBVz1.s:2999   .debug_str:000000000000092c .LASF108
     /tmp/ccrHBVz1.s:2839   .debug_str:00000000000003eb .LASF109
     /tmp/ccrHBVz1.s:2833   .debug_str:00000000000003d2 .LASF110
     /tmp/ccrHBVz1.s:2875   .debug_str:00000000000004be .LASF111
     /tmp/ccrHBVz1.s:2849   .debug_str:000000000000042a .LASF144
     /tmp/ccrHBVz1.s:2981   .debug_str:000000000000085c .LASF145
     /tmp/ccrHBVz1.s:2979   .debug_str:000000000000084e .LASF113
     /tmp/ccrHBVz1.s:2823   .debug_str:000000000000037c .LASF115
     /tmp/ccrHBVz1.s:2741   .debug_str:00000000000000be .LASF146
     /tmp/ccrHBVz1.s:2791   .debug_str:0000000000000284 .LASF116
     /tmp/ccrHBVz1.s:2923   .debug_str:00000000000005d6 .LASF117
     /tmp/ccrHBVz1.s:2747   .debug_str:00000000000000de .LASF118
     /tmp/ccrHBVz1.s:2971   .debug_str:00000000000007dc .LASF119
     /tmp/ccrHBVz1.s:2745   .debug_str:00000000000000d9 .LASF120
     /tmp/ccrHBVz1.s:2805   .debug_str:00000000000002d0 .LASF121
     /tmp/ccrHBVz1.s:2903   .debug_str:0000000000000563 .LASF122
     /tmp/ccrHBVz1.s:2973   .debug_str:00000000000007ff .LASF123
     /tmp/ccrHBVz1.s:2949   .debug_str:00000000000006a1 .LASF124
     /tmp/ccrHBVz1.s:2763   .debug_str:0000000000000165 .LASF125
     /tmp/ccrHBVz1.s:2795   .debug_str:0000000000000290 .LASF126
     /tmp/ccrHBVz1.s:2909   .debug_str:0000000000000596 .LASF127
     /tmp/ccrHBVz1.s:2725   .debug_str:0000000000000061 .LASF128
     /tmp/ccrHBVz1.s:10     .text:0000000000000000 .LFB33
     /tmp/ccrHBVz1.s:358    .text:0000000000000164 .LFE33
     /tmp/ccrHBVz1.s:2963   .debug_str:00000000000007a7 .LASF147
     /tmp/ccrHBVz1.s:2545   .debug_loc:0000000000000000 .LLST0
GAS LISTING /tmp/ccrHBVz1.s 			page 19


     /tmp/ccrHBVz1.s:2793   .debug_str:0000000000000289 .LASF129
     /tmp/ccrHBVz1.s:2567   .debug_loc:000000000000005f .LLST1
     /tmp/ccrHBVz1.s:2703   .debug_ranges:0000000000000000 .Ldebug_ranges0
     /tmp/ccrHBVz1.s:2891   .debug_str:0000000000000519 .LASF130
     /tmp/ccrHBVz1.s:2917   .debug_str:00000000000005c4 .LASF131
     /tmp/ccrHBVz1.s:2889   .debug_str:0000000000000514 .LASF132
     /tmp/ccrHBVz1.s:2586   .debug_loc:00000000000000ac .LLST2
     /tmp/ccrHBVz1.s:249    .text:00000000000000d0 .LBB28
     /tmp/ccrHBVz1.s:273    .text:00000000000000f4 .LBE28
     /tmp/ccrHBVz1.s:2945   .debug_str:0000000000000687 .LASF133
     /tmp/ccrHBVz1.s:2638   .debug_loc:000000000000018c .LLST3
     /tmp/ccrHBVz1.s:2645   .debug_loc:00000000000001af .LLST4
     /tmp/ccrHBVz1.s:2653   .debug_loc:00000000000001d4 .LLST5
     /tmp/ccrHBVz1.s:2661   .debug_loc:00000000000001f9 .LLST6
     /tmp/ccrHBVz1.s:263    .text:00000000000000e8 .LVL19
     /tmp/ccrHBVz1.s:296    .text:000000000000010c .LBB29
     /tmp/ccrHBVz1.s:315    .text:0000000000000128 .LBE29
     /tmp/ccrHBVz1.s:2669   .debug_loc:000000000000021e .LLST7
     /tmp/ccrHBVz1.s:305    .text:000000000000011c .LVL26
     /tmp/ccrHBVz1.s:86     .text:000000000000005c .LBB22
     /tmp/ccrHBVz1.s:102    .text:0000000000000068 .LBE22
     /tmp/ccrHBVz1.s:107    .text:000000000000006c .LBB24
     /tmp/ccrHBVz1.s:123    .text:0000000000000078 .LBE24
     /tmp/ccrHBVz1.s:199    .text:00000000000000b0 .LBB31
     /tmp/ccrHBVz1.s:210    .text:00000000000000b4 .LBE31
     /tmp/ccrHBVz1.s:2676   .debug_loc:0000000000000241 .LLST8
     /tmp/ccrHBVz1.s:212    .text:00000000000000b4 .LBB33
     /tmp/ccrHBVz1.s:223    .text:00000000000000b8 .LBE33
     /tmp/ccrHBVz1.s:2683   .debug_loc:0000000000000264 .LLST9
     /tmp/ccrHBVz1.s:190    .text:00000000000000ac .LVL11
     /tmp/ccrHBVz1.s:240    .text:00000000000000c8 .LVL16
     /tmp/ccrHBVz1.s:279    .text:00000000000000fc .LVL21
     /tmp/ccrHBVz1.s:289    .text:0000000000000108 .LVL23
     /tmp/ccrHBVz1.s:322    .text:0000000000000134 .LVL28
     /tmp/ccrHBVz1.s:335    .text:0000000000000148 .LVL30
     /tmp/ccrHBVz1.s:348    .text:000000000000015c .LVL32
     /tmp/ccrHBVz1.s:32     .text:0000000000000020 .LBB18
     /tmp/ccrHBVz1.s:49     .text:000000000000002c .LBE18
     /tmp/ccrHBVz1.s:14     .text:0000000000000000 .LVL0
     /tmp/ccrHBVz1.s:58     .text:0000000000000038 .LVL3
     /tmp/ccrHBVz1.s:79     .text:0000000000000058 .LVL4
     /tmp/ccrHBVz1.s:131    .text:0000000000000084 .LVL9
     /tmp/ccrHBVz1.s:47     .text:000000000000002c .LVL1
     /tmp/ccrHBVz1.s:54     .text:0000000000000030 .LVL2
     /tmp/ccrHBVz1.s:95     .text:0000000000000060 .LVL5
     /tmp/ccrHBVz1.s:127    .text:000000000000007c .LVL8
     /tmp/ccrHBVz1.s:133    .text:0000000000000088 .LVL10
     /tmp/ccrHBVz1.s:228    .text:00000000000000bc .LVL15
     /tmp/ccrHBVz1.s:245    .text:00000000000000d0 .LVL17
     /tmp/ccrHBVz1.s:271    .text:00000000000000f4 .LVL20
     /tmp/ccrHBVz1.s:282    .text:0000000000000100 .LVL22
     /tmp/ccrHBVz1.s:292    .text:000000000000010c .LVL24
     /tmp/ccrHBVz1.s:313    .text:0000000000000128 .LVL27
     /tmp/ccrHBVz1.s:327    .text:000000000000013c .LVL29
     /tmp/ccrHBVz1.s:340    .text:0000000000000150 .LVL31
     /tmp/ccrHBVz1.s:253    .text:00000000000000d4 .LVL18
     /tmp/ccrHBVz1.s:300    .text:0000000000000110 .LVL25
GAS LISTING /tmp/ccrHBVz1.s 			page 20


     /tmp/ccrHBVz1.s:198    .text:00000000000000b0 .LVL12
     /tmp/ccrHBVz1.s:207    .text:00000000000000b4 .LVL13
     /tmp/ccrHBVz1.s:220    .text:00000000000000b8 .LVL14
     /tmp/ccrHBVz1.s:367    .debug_info:0000000000000000 .Ldebug_info0
     /tmp/ccrHBVz1.s:84     .text:000000000000005c .LBB21
     /tmp/ccrHBVz1.s:224    .text:00000000000000b8 .LBE21
     /tmp/ccrHBVz1.s:231    .text:00000000000000bc .LBB36
     /tmp/ccrHBVz1.s:355    .text:0000000000000164 .LBE36

UNDEFINED SYMBOLS
_ZN15MemoryAllocator9mem_allocEm
_ZN15MemoryAllocator8mem_freeEPv
_ZN3TCB12createThreadEPFvPvES0_Pm
_ZN3TCB4exitEv
_ZN3TCB8dispatchEv
_ZN10KSemaphore15createSemaphoreEj
_ZN10KSemaphore5closeEv
_ZN10KSemaphore4waitEv
_ZN10KSemaphore6signalEv
