GAS LISTING /tmp/ccm1d7Q0.s 			page 1


   1              		.file	"semaphore.cpp"
   2              		.option pic
   3              		.option norelax
   4              		.text
   5              	.Ltext0:
   6              		.align	2
   7              		.globl	_ZN10KSemaphore15createSemaphoreEj
   9              	_ZN10KSemaphore15createSemaphoreEj:
  10              	.LFB17:
  11              		.file 1 "src/semaphore.cpp"
   1:src/semaphore.cpp **** //
   2:src/semaphore.cpp **** // Created by os on 7/20/26.
   3:src/semaphore.cpp **** //
   4:src/semaphore.cpp **** 
   5:src/semaphore.cpp **** #include "../h/semaphore.hpp"
   6:src/semaphore.cpp **** #include "../h/scheduler.hpp"
   7:src/semaphore.cpp **** 
   8:src/semaphore.cpp **** KSemaphore* KSemaphore::createSemaphore(unsigned init) {
  12              		.loc 1 8 56
  13              		.cfi_startproc
  14              	.LVL0:
  15 0000 130101FE 		addi	sp,sp,-32
  16              		.cfi_def_cfa_offset 32
  17 0004 233C1100 		sd	ra,24(sp)
  18 0008 23388100 		sd	s0,16(sp)
  19 000c 23349100 		sd	s1,8(sp)
  20              		.cfi_offset 1, -8
  21              		.cfi_offset 8, -16
  22              		.cfi_offset 9, -24
  23 0010 13040102 		addi	s0,sp,32
  24              		.cfi_def_cfa 8, 0
  25 0014 93040500 		mv	s1,a0
   9:src/semaphore.cpp ****     return new KSemaphore(init);
  26              		.loc 1 9 5
  27              		.loc 1 9 31 is_stmt 0
  28 0018 13058001 		li	a0,24
  29              	.LVL1:
  30 001c 97000000 		call	_Znwm@plt
  30      E7800000 
  31              	.LVL2:
  32              	.LBB33:
  33              	.LBB34:
  34              		.file 2 "src/../h/semaphore.hpp"
   1:src/../h/semaphore.hpp **** //
   2:src/../h/semaphore.hpp **** // Created by os on 7/20/26.
   3:src/../h/semaphore.hpp **** //
   4:src/../h/semaphore.hpp **** 
   5:src/../h/semaphore.hpp **** #ifndef PROJECT_BASE_SEMAPHORE_HPP
   6:src/../h/semaphore.hpp **** #define PROJECT_BASE_SEMAPHORE_HPP
   7:src/../h/semaphore.hpp **** #include "list.hpp"
   8:src/../h/semaphore.hpp **** #include "tcb.hpp"
   9:src/../h/semaphore.hpp **** 
  10:src/../h/semaphore.hpp **** 
  11:src/../h/semaphore.hpp **** class KSemaphore {
  12:src/../h/semaphore.hpp **** public:
  13:src/../h/semaphore.hpp ****     static KSemaphore* createSemaphore(unsigned init);
  14:src/../h/semaphore.hpp ****     int wait();
GAS LISTING /tmp/ccm1d7Q0.s 			page 2


  15:src/../h/semaphore.hpp ****     int signal();
  16:src/../h/semaphore.hpp ****     int close();
  17:src/../h/semaphore.hpp **** private:
  18:src/../h/semaphore.hpp ****     KSemaphore(unsigned init) : value(init) {}
  35              		.loc 2 18 43
  36 0024 23209500 		sw	s1,0(a0)
  37              	.LVL3:
  38              	.LBB35:
  39              	.LBB36:
  40              		.file 3 "src/../h/list.hpp"
   1:src/../h/list.hpp **** //
   2:src/../h/list.hpp **** // Created by os on 6/20/26.
   3:src/../h/list.hpp **** //
   4:src/../h/list.hpp **** 
   5:src/../h/list.hpp **** #ifndef PROJECT_BASE_LIST_H
   6:src/../h/list.hpp **** #define PROJECT_BASE_LIST_H
   7:src/../h/list.hpp **** 
   8:src/../h/list.hpp **** template<typename T>
   9:src/../h/list.hpp **** class List {
  10:src/../h/list.hpp **** private:
  11:src/../h/list.hpp ****     struct Elem {
  12:src/../h/list.hpp ****         T *data;
  13:src/../h/list.hpp ****         Elem *next;
  14:src/../h/list.hpp **** 
  15:src/../h/list.hpp ****         Elem(T *data, Elem *next) : data(data), next(next) {}
  16:src/../h/list.hpp ****     };
  17:src/../h/list.hpp **** 
  18:src/../h/list.hpp ****     Elem *head, *tail;
  19:src/../h/list.hpp **** 
  20:src/../h/list.hpp **** public:
  21:src/../h/list.hpp ****     List() : head(0), tail(0) {}
  41              		.loc 3 21 29
  42 0028 23340500 		sd	zero,8(a0)
  43 002c 23380500 		sd	zero,16(a0)
  44              	.LVL4:
  45              	.LBE36:
  46              	.LBE35:
  47              	.LBE34:
  48              	.LBE33:
  10:src/semaphore.cpp **** }
  49              		.loc 1 10 1
  50 0030 83308101 		ld	ra,24(sp)
  51              		.cfi_restore 1
  52 0034 03340101 		ld	s0,16(sp)
  53              		.cfi_restore 8
  54              		.cfi_def_cfa 2, 32
  55 0038 83348100 		ld	s1,8(sp)
  56              		.cfi_restore 9
  57 003c 13010102 		addi	sp,sp,32
  58              		.cfi_def_cfa_offset 0
  59 0040 67800000 		jr	ra
  60              		.cfi_endproc
  61              	.LFE17:
  63              		.align	2
  64              		.globl	_ZN10KSemaphore4waitEv
  66              	_ZN10KSemaphore4waitEv:
  67              	.LFB18:
GAS LISTING /tmp/ccm1d7Q0.s 			page 3


  11:src/semaphore.cpp **** 
  12:src/semaphore.cpp **** int KSemaphore::wait() {
  68              		.loc 1 12 24 is_stmt 1
  69              		.cfi_startproc
  70              	.LVL5:
  71 0044 130101FE 		addi	sp,sp,-32
  72              		.cfi_def_cfa_offset 32
  73 0048 233C1100 		sd	ra,24(sp)
  74 004c 23388100 		sd	s0,16(sp)
  75 0050 23349100 		sd	s1,8(sp)
  76 0054 23302101 		sd	s2,0(sp)
  77              		.cfi_offset 1, -8
  78              		.cfi_offset 8, -16
  79              		.cfi_offset 9, -24
  80              		.cfi_offset 18, -32
  81 0058 13040102 		addi	s0,sp,32
  82              		.cfi_def_cfa 8, 0
  83 005c 93040500 		mv	s1,a0
  13:src/semaphore.cpp ****     value--;
  84              		.loc 1 13 5
  85 0060 83270500 		lw	a5,0(a0)
  86              		.loc 1 13 10 is_stmt 0
  87 0064 9B87F7FF 		addiw	a5,a5,-1
  88 0068 2320F500 		sw	a5,0(a0)
  14:src/semaphore.cpp ****     if (value < 0) {
  89              		.loc 1 14 5 is_stmt 1
  90 006c 13970702 		slli	a4,a5,32
  91 0070 63400702 		bltz	a4,.L8
  92              	.LVL6:
  93              	.L4:
  15:src/semaphore.cpp ****         TCB::running->setBlocked(true);
  16:src/semaphore.cpp ****         blockedQueue.addLast(TCB::running);
  17:src/semaphore.cpp ****         TCB::dispatch();
  18:src/semaphore.cpp ****     }
  19:src/semaphore.cpp ****     return value;
  94              		.loc 1 19 5
  20:src/semaphore.cpp **** }
  95              		.loc 1 20 1 is_stmt 0
  96 0074 03A50400 		lw	a0,0(s1)
  97 0078 83308101 		ld	ra,24(sp)
  98              		.cfi_remember_state
  99              		.cfi_restore 1
 100 007c 03340101 		ld	s0,16(sp)
 101              		.cfi_restore 8
 102              		.cfi_def_cfa 2, 32
 103 0080 83348100 		ld	s1,8(sp)
 104              		.cfi_restore 9
 105              	.LVL7:
 106 0084 03390100 		ld	s2,0(sp)
 107              		.cfi_restore 18
 108 0088 13010102 		addi	sp,sp,32
 109              		.cfi_def_cfa_offset 0
 110 008c 67800000 		jr	ra
 111              	.LVL8:
 112              	.L8:
 113              		.cfi_restore_state
  15:src/semaphore.cpp ****         TCB::running->setBlocked(true);
GAS LISTING /tmp/ccm1d7Q0.s 			page 4


 114              		.loc 1 15 9 is_stmt 1
  15:src/semaphore.cpp ****         TCB::running->setBlocked(true);
 115              		.loc 1 15 33 is_stmt 0
 116 0090 97070000 		la	a5,_ZN3TCB7runningE
 116      83B70700 
 117 0098 03B90700 		ld	s2,0(a5)
 118              	.LVL9:
 119              	.LBB37:
 120              	.LBB38:
 121              		.file 4 "src/../h/tcb.hpp"
   1:src/../h/tcb.hpp **** //
   2:src/../h/tcb.hpp **** // Created by os on 6/22/26.
   3:src/../h/tcb.hpp **** //
   4:src/../h/tcb.hpp **** 
   5:src/../h/tcb.hpp **** #ifndef PROJECT_BASE_TCB_HPP
   6:src/../h/tcb.hpp **** #define PROJECT_BASE_TCB_HPP
   7:src/../h/tcb.hpp **** 
   8:src/../h/tcb.hpp **** #include "../lib/hw.h"
   9:src/../h/tcb.hpp **** #include "../h/scheduler.hpp"
  10:src/../h/tcb.hpp **** 
  11:src/../h/tcb.hpp **** // CCB - Coroutine Control Block
  12:src/../h/tcb.hpp **** // TCB - Thread Control Block
  13:src/../h/tcb.hpp **** 
  14:src/../h/tcb.hpp **** class TCB {
  15:src/../h/tcb.hpp **** public:
  16:src/../h/tcb.hpp **** 
  17:src/../h/tcb.hpp ****     using Body = void (*)(void*);
  18:src/../h/tcb.hpp **** 
  19:src/../h/tcb.hpp **** 
  20:src/../h/tcb.hpp ****     ~TCB() { delete[] stack; }
  21:src/../h/tcb.hpp **** 
  22:src/../h/tcb.hpp ****     static TCB* createThread(Body body, void* arg, uint64* stackSpace);
  23:src/../h/tcb.hpp ****     static void dispatch();
  24:src/../h/tcb.hpp ****     static void exit();
  25:src/../h/tcb.hpp ****     bool isFinished() const { return finished; }
  26:src/../h/tcb.hpp ****     static TCB* running;
  27:src/../h/tcb.hpp **** 
  28:src/../h/tcb.hpp **** 
  29:src/../h/tcb.hpp **** 
  30:src/../h/tcb.hpp ****     void setFinished(bool finished) { TCB::finished = finished; }
  31:src/../h/tcb.hpp ****     void setBlocked(bool blocked) { TCB::blocked = blocked; }
 122              		.loc 4 31 37 is_stmt 1
 123              		.loc 4 31 50 is_stmt 0
 124 009c 93071000 		li	a5,1
 125 00a0 A304F902 		sb	a5,41(s2)
 126              	.LVL10:
 127              	.LBE38:
 128              	.LBE37:
  16:src/semaphore.cpp ****         TCB::dispatch();
 129              		.loc 1 16 9 is_stmt 1
 130              	.LBB39:
 131              	.LBB40:
  22:src/../h/list.hpp **** 
  23:src/../h/list.hpp ****     List(const List<T> &) = delete;
  24:src/../h/list.hpp **** 
  25:src/../h/list.hpp ****     List<T> &operator=(const List<T> &) = delete;
  26:src/../h/list.hpp **** 
GAS LISTING /tmp/ccm1d7Q0.s 			page 5


  27:src/../h/list.hpp ****     void addFirst(T *data) {
  28:src/../h/list.hpp ****         Elem *elem = new Elem(data, head);
  29:src/../h/list.hpp ****         head = elem;
  30:src/../h/list.hpp ****         if (!tail) { tail = head; }
  31:src/../h/list.hpp ****     }
  32:src/../h/list.hpp **** 
  33:src/../h/list.hpp ****     void addLast(T *data) {
  34:src/../h/list.hpp ****         Elem *elem = new Elem(data, 0);
 132              		.loc 3 34 22 is_stmt 0
 133 00a4 13050001 		li	a0,16
 134 00a8 97000000 		call	_Znwm@plt
 134      E7800000 
 135              	.LVL11:
 136              	.LBB41:
 137              	.LBB42:
  15:src/../h/list.hpp ****     };
 138              		.loc 3 15 58
 139 00b0 23302501 		sd	s2,0(a0)
 140 00b4 23340500 		sd	zero,8(a0)
 141              	.LVL12:
 142              	.LBE42:
 143              	.LBE41:
  35:src/../h/list.hpp ****         if (tail) {
 144              		.loc 3 35 13
 145 00b8 83B70401 		ld	a5,16(s1)
 146              		.loc 3 35 9
 147 00bc 638C0700 		beqz	a5,.L5
  36:src/../h/list.hpp ****             tail->next = elem;
 148              		.loc 3 36 13
 149 00c0 23B4A700 		sd	a0,8(a5)
  37:src/../h/list.hpp ****             tail = elem;
 150              		.loc 3 37 13
 151 00c4 23B8A400 		sd	a0,16(s1)
 152              	.L6:
 153              	.LVL13:
 154              	.LBE40:
 155              	.LBE39:
  17:src/semaphore.cpp ****     }
 156              		.loc 1 17 9 is_stmt 1
  17:src/semaphore.cpp ****     }
 157              		.loc 1 17 22 is_stmt 0
 158 00c8 97000000 		call	_ZN3TCB8dispatchEv@plt
 158      E7800000 
 159              	.LVL14:
 160 00d0 6FF05FFA 		j	.L4
 161              	.LVL15:
 162              	.L5:
 163              	.LBB44:
 164              	.LBB43:
  38:src/../h/list.hpp ****         } else {
  39:src/../h/list.hpp ****             head = tail = elem;
 165              		.loc 3 39 13
 166 00d4 23B8A400 		sd	a0,16(s1)
 167 00d8 23B4A400 		sd	a0,8(s1)
 168 00dc 6FF0DFFE 		j	.L6
 169              	.LBE43:
 170              	.LBE44:
GAS LISTING /tmp/ccm1d7Q0.s 			page 6


 171              		.cfi_endproc
 172              	.LFE18:
 174              		.align	2
 175              		.globl	_ZN10KSemaphore6signalEv
 177              	_ZN10KSemaphore6signalEv:
 178              	.LFB19:
  21:src/semaphore.cpp **** 
  22:src/semaphore.cpp **** int KSemaphore::signal() {
 179              		.loc 1 22 26 is_stmt 1
 180              		.cfi_startproc
 181              	.LVL16:
  23:src/semaphore.cpp ****     value++;
 182              		.loc 1 23 5
 183 00e0 03270500 		lw	a4,0(a0)
 184              		.loc 1 23 10 is_stmt 0
 185 00e4 1B071700 		addiw	a4,a4,1
 186 00e8 9B060700 		sext.w	a3,a4
 187 00ec 2320E500 		sw	a4,0(a0)
  24:src/semaphore.cpp ****     if (value <= 0) {
 188              		.loc 1 24 5 is_stmt 1
 189              	.LBB45:
 190 00f0 6356D000 		blez	a3,.L16
 191              	.LVL17:
 192              	.L13:
 193              	.LBE45:
  25:src/semaphore.cpp ****         TCB* t = blockedQueue.removeFirst();
  26:src/semaphore.cpp ****         if (t) {
  27:src/semaphore.cpp ****             t->setBlocked(false);
  28:src/semaphore.cpp ****             Scheduler::put(t);
  29:src/semaphore.cpp ****         }
  30:src/semaphore.cpp ****     }
  31:src/semaphore.cpp ****     return 0;
 194              		.loc 1 31 5
  32:src/semaphore.cpp **** }
 195              		.loc 1 32 1 is_stmt 0
 196 00f4 13050000 		li	a0,0
 197 00f8 67800000 		ret
 198              	.LVL18:
 199              	.L16:
 200 00fc 93070500 		mv	a5,a0
 201              	.LBB57:
 202              	.LBB46:
  25:src/semaphore.cpp ****         TCB* t = blockedQueue.removeFirst();
 203              		.loc 1 25 9 is_stmt 1
 204              	.LVL19:
 205              	.LBB47:
 206              	.LBB48:
  40:src/../h/list.hpp ****         }
  41:src/../h/list.hpp ****     }
  42:src/../h/list.hpp **** 
  43:src/../h/list.hpp ****     T *removeFirst() {
  44:src/../h/list.hpp ****         if (!head) { return 0; }
 207              		.loc 3 44 14 is_stmt 0
 208 0100 03358500 		ld	a0,8(a0)
 209              	.LVL20:
 210              		.loc 3 44 9
 211 0104 E30805FE 		beqz	a0,.L13
GAS LISTING /tmp/ccm1d7Q0.s 			page 7


 212              	.LBE48:
 213              	.LBE47:
 214              	.LBE46:
 215              	.LBE57:
  22:src/semaphore.cpp ****     value++;
 216              		.loc 1 22 26
 217 0108 130101FE 		addi	sp,sp,-32
 218              		.cfi_def_cfa_offset 32
 219 010c 233C1100 		sd	ra,24(sp)
 220 0110 23388100 		sd	s0,16(sp)
 221 0114 23349100 		sd	s1,8(sp)
 222              		.cfi_offset 1, -8
 223              		.cfi_offset 8, -16
 224              		.cfi_offset 9, -24
 225 0118 13040102 		addi	s0,sp,32
 226              		.cfi_def_cfa 8, 0
 227              	.LVL21:
 228              	.LBB58:
 229              	.LBB55:
 230              	.LBB51:
 231              	.LBB49:
  45:src/../h/list.hpp **** 
  46:src/../h/list.hpp ****         Elem *elem = head;
  47:src/../h/list.hpp ****         head = head->next;
 232              		.loc 3 47 22
 233 011c 03378500 		ld	a4,8(a0)
 234              		.loc 3 47 9
 235 0120 23B4E700 		sd	a4,8(a5)
  48:src/../h/list.hpp ****         if (!head) { tail = 0; }
 236              		.loc 3 48 9
 237 0124 630E0702 		beqz	a4,.L17
 238              	.L11:
  49:src/../h/list.hpp **** 
  50:src/../h/list.hpp ****         T *ret = elem->data;
 239              		.loc 3 50 12
 240 0128 83340500 		ld	s1,0(a0)
 241              	.LVL22:
  51:src/../h/list.hpp ****         delete elem;
 242              		.loc 3 51 9
 243 012c 97000000 		call	_ZdlPv@plt
 243      E7800000 
 244              	.LVL23:
 245              	.LBE49:
 246              	.LBE51:
  26:src/semaphore.cpp ****             t->setBlocked(false);
 247              		.loc 1 26 9 is_stmt 1
 248 0134 638A0400 		beqz	s1,.L10
  27:src/semaphore.cpp ****             Scheduler::put(t);
 249              		.loc 1 27 13
 250              	.LVL24:
 251              	.LBB52:
 252              	.LBB53:
 253              		.loc 4 31 37
 254              		.loc 4 31 50 is_stmt 0
 255 0138 A3840402 		sb	zero,41(s1)
 256              	.LVL25:
 257              	.LBE53:
GAS LISTING /tmp/ccm1d7Q0.s 			page 8


 258              	.LBE52:
  28:src/semaphore.cpp ****         }
 259              		.loc 1 28 13 is_stmt 1
  28:src/semaphore.cpp ****         }
 260              		.loc 1 28 27 is_stmt 0
 261 013c 13850400 		mv	a0,s1
 262 0140 97000000 		call	_ZN9Scheduler3putEP3TCB@plt
 262      E7800000 
 263              	.LVL26:
 264              	.L10:
 265              	.LBE55:
 266              	.LBE58:
  31:src/semaphore.cpp **** }
 267              		.loc 1 31 5 is_stmt 1
 268              		.loc 1 32 1 is_stmt 0
 269 0148 13050000 		li	a0,0
 270 014c 83308101 		ld	ra,24(sp)
 271              		.cfi_remember_state
 272              		.cfi_restore 1
 273 0150 03340101 		ld	s0,16(sp)
 274              		.cfi_restore 8
 275              		.cfi_def_cfa 2, 32
 276 0154 83348100 		ld	s1,8(sp)
 277              		.cfi_restore 9
 278 0158 13010102 		addi	sp,sp,32
 279              		.cfi_def_cfa_offset 0
 280 015c 67800000 		jr	ra
 281              	.LVL27:
 282              	.L17:
 283              		.cfi_restore_state
 284              	.LBB59:
 285              	.LBB56:
 286              	.LBB54:
 287              	.LBB50:
  48:src/../h/list.hpp **** 
 288              		.loc 3 48 22
 289 0160 23B80700 		sd	zero,16(a5)
 290 0164 6FF05FFC 		j	.L11
 291              	.LBE50:
 292              	.LBE54:
 293              	.LBE56:
 294              	.LBE59:
 295              		.cfi_endproc
 296              	.LFE19:
 298              		.align	2
 299              		.globl	_ZN10KSemaphore5closeEv
 301              	_ZN10KSemaphore5closeEv:
 302              	.LFB20:
  33:src/semaphore.cpp **** 
  34:src/semaphore.cpp **** int KSemaphore::close() {
 303              		.loc 1 34 25 is_stmt 1
 304              		.cfi_startproc
 305              	.LVL28:
 306 0168 130101FE 		addi	sp,sp,-32
 307              		.cfi_def_cfa_offset 32
 308 016c 233C1100 		sd	ra,24(sp)
 309 0170 23388100 		sd	s0,16(sp)
GAS LISTING /tmp/ccm1d7Q0.s 			page 9


 310 0174 23349100 		sd	s1,8(sp)
 311 0178 23302101 		sd	s2,0(sp)
 312              		.cfi_offset 1, -8
 313              		.cfi_offset 8, -16
 314              		.cfi_offset 9, -24
 315              		.cfi_offset 18, -32
 316 017c 13040102 		addi	s0,sp,32
 317              		.cfi_def_cfa 8, 0
 318 0180 13090500 		mv	s2,a0
 319 0184 6F008002 		j	.L21
 320              	.LVL29:
 321              	.L23:
 322              	.LBB60:
 323              	.LBB61:
 324              	.LBB62:
  48:src/../h/list.hpp **** 
 325              		.loc 3 48 22 is_stmt 0
 326 0188 23380900 		sd	zero,16(s2)
 327              	.L20:
  50:src/../h/list.hpp ****         delete elem;
 328              		.loc 3 50 12
 329 018c 83340500 		ld	s1,0(a0)
 330              	.LVL30:
 331              		.loc 3 51 9
 332 0190 97000000 		call	_ZdlPv@plt
 332      E7800000 
 333              	.LVL31:
 334              	.LBE62:
 335              	.LBE61:
  35:src/semaphore.cpp ****     while (TCB* t = blockedQueue.removeFirst()) {
 336              		.loc 1 35 46
 337 0198 63860402 		beqz	s1,.L19
  36:src/semaphore.cpp ****         t->setBlocked(false);
 338              		.loc 1 36 9 is_stmt 1
 339              	.LVL32:
 340              	.LBB64:
 341              	.LBB65:
 342              		.loc 4 31 37
 343              		.loc 4 31 50 is_stmt 0
 344 019c A3840402 		sb	zero,41(s1)
 345              	.LVL33:
 346              	.LBE65:
 347              	.LBE64:
  37:src/semaphore.cpp ****         Scheduler::put(t);
 348              		.loc 1 37 9 is_stmt 1
 349              		.loc 1 37 23 is_stmt 0
 350 01a0 13850400 		mv	a0,s1
 351 01a4 97000000 		call	_ZN9Scheduler3putEP3TCB@plt
 351      E7800000 
 352              	.LVL34:
 353              	.LBE60:
  35:src/semaphore.cpp ****     while (TCB* t = blockedQueue.removeFirst()) {
 354              		.loc 1 35 5 is_stmt 1
 355              	.L21:
  35:src/semaphore.cpp ****     while (TCB* t = blockedQueue.removeFirst()) {
 356              		.loc 1 35 5
 357              	.LBB67:
GAS LISTING /tmp/ccm1d7Q0.s 			page 10


 358              	.LBB66:
 359              	.LBB63:
  44:src/../h/list.hpp **** 
 360              		.loc 3 44 14 is_stmt 0
 361 01ac 03358900 		ld	a0,8(s2)
  44:src/../h/list.hpp **** 
 362              		.loc 3 44 9
 363 01b0 630A0500 		beqz	a0,.L19
 364              	.LVL35:
  47:src/../h/list.hpp ****         if (!head) { tail = 0; }
 365              		.loc 3 47 22
 366 01b4 83378500 		ld	a5,8(a0)
  47:src/../h/list.hpp ****         if (!head) { tail = 0; }
 367              		.loc 3 47 9
 368 01b8 2334F900 		sd	a5,8(s2)
  48:src/../h/list.hpp **** 
 369              		.loc 3 48 9
 370 01bc E39807FC 		bnez	a5,.L20
 371 01c0 6FF09FFC 		j	.L23
 372              	.LVL36:
 373              	.L19:
 374              	.LBE63:
 375              	.LBE66:
 376              	.LBE67:
  38:src/semaphore.cpp ****     }
  39:src/semaphore.cpp ****     return 0;
 377              		.loc 1 39 5 is_stmt 1
  40:src/semaphore.cpp **** }
 378              		.loc 1 40 1 is_stmt 0
 379 01c4 13050000 		li	a0,0
 380 01c8 83308101 		ld	ra,24(sp)
 381              		.cfi_restore 1
 382 01cc 03340101 		ld	s0,16(sp)
 383              		.cfi_restore 8
 384              		.cfi_def_cfa 2, 32
 385 01d0 83348100 		ld	s1,8(sp)
 386              		.cfi_restore 9
 387 01d4 03390100 		ld	s2,0(sp)
 388              		.cfi_restore 18
 389              	.LVL37:
 390 01d8 13010102 		addi	sp,sp,32
 391              		.cfi_def_cfa_offset 0
 392 01dc 67800000 		jr	ra
 393              		.cfi_endproc
 394              	.LFE20:
 396              	.Letext0:
 397              		.file 5 "src/../h/../lib/hw.h"
 398              		.file 6 "src/../h/../h/scheduler.hpp"
GAS LISTING /tmp/ccm1d7Q0.s 			page 11


DEFINED SYMBOLS
                            *ABS*:0000000000000000 semaphore.cpp
     /tmp/ccm1d7Q0.s:9      .text:0000000000000000 _ZN10KSemaphore15createSemaphoreEj
     /tmp/ccm1d7Q0.s:13     .text:0000000000000000 .L0 
     /tmp/ccm1d7Q0.s:15     .text:0000000000000000 .L0 
     /tmp/ccm1d7Q0.s:16     .text:0000000000000004 .L0 
     /tmp/ccm1d7Q0.s:20     .text:0000000000000010 .L0 
     /tmp/ccm1d7Q0.s:21     .text:0000000000000010 .L0 
     /tmp/ccm1d7Q0.s:22     .text:0000000000000010 .L0 
     /tmp/ccm1d7Q0.s:24     .text:0000000000000014 .L0 
     /tmp/ccm1d7Q0.s:27     .text:0000000000000018 .L0 
     /tmp/ccm1d7Q0.s:28     .text:0000000000000018 .L0 
     /tmp/ccm1d7Q0.s:36     .text:0000000000000024 .L0 
     /tmp/ccm1d7Q0.s:42     .text:0000000000000028 .L0 
     /tmp/ccm1d7Q0.s:50     .text:0000000000000030 .L0 
     /tmp/ccm1d7Q0.s:51     .text:0000000000000034 .L0 
     /tmp/ccm1d7Q0.s:53     .text:0000000000000038 .L0 
     /tmp/ccm1d7Q0.s:54     .text:0000000000000038 .L0 
     /tmp/ccm1d7Q0.s:56     .text:000000000000003c .L0 
     /tmp/ccm1d7Q0.s:58     .text:0000000000000040 .L0 
     /tmp/ccm1d7Q0.s:60     .text:0000000000000044 .L0 
     /tmp/ccm1d7Q0.s:66     .text:0000000000000044 _ZN10KSemaphore4waitEv
     /tmp/ccm1d7Q0.s:69     .text:0000000000000044 .L0 
     /tmp/ccm1d7Q0.s:71     .text:0000000000000044 .L0 
     /tmp/ccm1d7Q0.s:72     .text:0000000000000048 .L0 
     /tmp/ccm1d7Q0.s:77     .text:0000000000000058 .L0 
     /tmp/ccm1d7Q0.s:78     .text:0000000000000058 .L0 
     /tmp/ccm1d7Q0.s:79     .text:0000000000000058 .L0 
     /tmp/ccm1d7Q0.s:80     .text:0000000000000058 .L0 
     /tmp/ccm1d7Q0.s:82     .text:000000000000005c .L0 
     /tmp/ccm1d7Q0.s:85     .text:0000000000000060 .L0 
     /tmp/ccm1d7Q0.s:87     .text:0000000000000064 .L0 
     /tmp/ccm1d7Q0.s:90     .text:000000000000006c .L0 
     /tmp/ccm1d7Q0.s:95     .text:0000000000000074 .L0 
     /tmp/ccm1d7Q0.s:96     .text:0000000000000074 .L0 
     /tmp/ccm1d7Q0.s:98     .text:000000000000007c .L0 
     /tmp/ccm1d7Q0.s:99     .text:000000000000007c .L0 
     /tmp/ccm1d7Q0.s:101    .text:0000000000000080 .L0 
     /tmp/ccm1d7Q0.s:102    .text:0000000000000080 .L0 
     /tmp/ccm1d7Q0.s:104    .text:0000000000000084 .L0 
     /tmp/ccm1d7Q0.s:107    .text:0000000000000088 .L0 
     /tmp/ccm1d7Q0.s:109    .text:000000000000008c .L0 
     /tmp/ccm1d7Q0.s:113    .text:0000000000000090 .L0 
     /tmp/ccm1d7Q0.s:115    .text:0000000000000090 .L0 
     /tmp/ccm1d7Q0.s:116    .text:0000000000000090 .L0 
     /tmp/ccm1d7Q0.s:123    .text:000000000000009c .L0 
     /tmp/ccm1d7Q0.s:124    .text:000000000000009c .L0 
     /tmp/ccm1d7Q0.s:132    .text:00000000000000a4 .L0 
     /tmp/ccm1d7Q0.s:133    .text:00000000000000a4 .L0 
     /tmp/ccm1d7Q0.s:139    .text:00000000000000b0 .L0 
     /tmp/ccm1d7Q0.s:145    .text:00000000000000b8 .L0 
     /tmp/ccm1d7Q0.s:147    .text:00000000000000bc .L0 
     /tmp/ccm1d7Q0.s:149    .text:00000000000000c0 .L0 
     /tmp/ccm1d7Q0.s:151    .text:00000000000000c4 .L0 
     /tmp/ccm1d7Q0.s:157    .text:00000000000000c8 .L0 
     /tmp/ccm1d7Q0.s:158    .text:00000000000000c8 .L0 
     /tmp/ccm1d7Q0.s:166    .text:00000000000000d4 .L0 
GAS LISTING /tmp/ccm1d7Q0.s 			page 12


     /tmp/ccm1d7Q0.s:171    .text:00000000000000e0 .L0 
     /tmp/ccm1d7Q0.s:177    .text:00000000000000e0 _ZN10KSemaphore6signalEv
     /tmp/ccm1d7Q0.s:180    .text:00000000000000e0 .L0 
     /tmp/ccm1d7Q0.s:182    .text:00000000000000e0 .L0 
     /tmp/ccm1d7Q0.s:183    .text:00000000000000e0 .L0 
     /tmp/ccm1d7Q0.s:185    .text:00000000000000e4 .L0 
     /tmp/ccm1d7Q0.s:190    .text:00000000000000f0 .L0 
     /tmp/ccm1d7Q0.s:195    .text:00000000000000f4 .L0 
     /tmp/ccm1d7Q0.s:196    .text:00000000000000f4 .L0 
     /tmp/ccm1d7Q0.s:207    .text:0000000000000100 .L0 
     /tmp/ccm1d7Q0.s:208    .text:0000000000000100 .L0 
     /tmp/ccm1d7Q0.s:211    .text:0000000000000104 .L0 
     /tmp/ccm1d7Q0.s:217    .text:0000000000000108 .L0 
     /tmp/ccm1d7Q0.s:218    .text:000000000000010c .L0 
     /tmp/ccm1d7Q0.s:222    .text:0000000000000118 .L0 
     /tmp/ccm1d7Q0.s:223    .text:0000000000000118 .L0 
     /tmp/ccm1d7Q0.s:224    .text:0000000000000118 .L0 
     /tmp/ccm1d7Q0.s:226    .text:000000000000011c .L0 
     /tmp/ccm1d7Q0.s:233    .text:000000000000011c .L0 
     /tmp/ccm1d7Q0.s:235    .text:0000000000000120 .L0 
     /tmp/ccm1d7Q0.s:237    .text:0000000000000124 .L0 
     /tmp/ccm1d7Q0.s:240    .text:0000000000000128 .L0 
     /tmp/ccm1d7Q0.s:243    .text:000000000000012c .L0 
     /tmp/ccm1d7Q0.s:248    .text:0000000000000134 .L0 
     /tmp/ccm1d7Q0.s:253    .text:0000000000000138 .L0 
     /tmp/ccm1d7Q0.s:254    .text:0000000000000138 .L0 
     /tmp/ccm1d7Q0.s:255    .text:0000000000000138 .L0 
     /tmp/ccm1d7Q0.s:260    .text:000000000000013c .L0 
     /tmp/ccm1d7Q0.s:261    .text:000000000000013c .L0 
     /tmp/ccm1d7Q0.s:268    .text:0000000000000148 .L0 
     /tmp/ccm1d7Q0.s:269    .text:0000000000000148 .L0 
     /tmp/ccm1d7Q0.s:271    .text:0000000000000150 .L0 
     /tmp/ccm1d7Q0.s:272    .text:0000000000000150 .L0 
     /tmp/ccm1d7Q0.s:274    .text:0000000000000154 .L0 
     /tmp/ccm1d7Q0.s:275    .text:0000000000000154 .L0 
     /tmp/ccm1d7Q0.s:277    .text:0000000000000158 .L0 
     /tmp/ccm1d7Q0.s:279    .text:000000000000015c .L0 
     /tmp/ccm1d7Q0.s:283    .text:0000000000000160 .L0 
     /tmp/ccm1d7Q0.s:289    .text:0000000000000160 .L0 
     /tmp/ccm1d7Q0.s:295    .text:0000000000000168 .L0 
     /tmp/ccm1d7Q0.s:301    .text:0000000000000168 _ZN10KSemaphore5closeEv
     /tmp/ccm1d7Q0.s:304    .text:0000000000000168 .L0 
     /tmp/ccm1d7Q0.s:306    .text:0000000000000168 .L0 
     /tmp/ccm1d7Q0.s:307    .text:000000000000016c .L0 
     /tmp/ccm1d7Q0.s:312    .text:000000000000017c .L0 
     /tmp/ccm1d7Q0.s:313    .text:000000000000017c .L0 
     /tmp/ccm1d7Q0.s:314    .text:000000000000017c .L0 
     /tmp/ccm1d7Q0.s:315    .text:000000000000017c .L0 
     /tmp/ccm1d7Q0.s:317    .text:0000000000000180 .L0 
     /tmp/ccm1d7Q0.s:326    .text:0000000000000188 .L0 
     /tmp/ccm1d7Q0.s:329    .text:000000000000018c .L0 
     /tmp/ccm1d7Q0.s:332    .text:0000000000000190 .L0 
     /tmp/ccm1d7Q0.s:337    .text:0000000000000198 .L0 
     /tmp/ccm1d7Q0.s:342    .text:000000000000019c .L0 
     /tmp/ccm1d7Q0.s:343    .text:000000000000019c .L0 
     /tmp/ccm1d7Q0.s:344    .text:000000000000019c .L0 
     /tmp/ccm1d7Q0.s:349    .text:00000000000001a0 .L0 
GAS LISTING /tmp/ccm1d7Q0.s 			page 13


     /tmp/ccm1d7Q0.s:350    .text:00000000000001a0 .L0 
     /tmp/ccm1d7Q0.s:356    .text:00000000000001ac .L0 
     /tmp/ccm1d7Q0.s:360    .text:00000000000001ac .L0 
     /tmp/ccm1d7Q0.s:361    .text:00000000000001ac .L0 
     /tmp/ccm1d7Q0.s:363    .text:00000000000001b0 .L0 
     /tmp/ccm1d7Q0.s:366    .text:00000000000001b4 .L0 
     /tmp/ccm1d7Q0.s:368    .text:00000000000001b8 .L0 
     /tmp/ccm1d7Q0.s:370    .text:00000000000001bc .L0 
     /tmp/ccm1d7Q0.s:378    .text:00000000000001c4 .L0 
     /tmp/ccm1d7Q0.s:379    .text:00000000000001c4 .L0 
     /tmp/ccm1d7Q0.s:381    .text:00000000000001cc .L0 
     /tmp/ccm1d7Q0.s:383    .text:00000000000001d0 .L0 
     /tmp/ccm1d7Q0.s:384    .text:00000000000001d0 .L0 
     /tmp/ccm1d7Q0.s:386    .text:00000000000001d4 .L0 
     /tmp/ccm1d7Q0.s:388    .text:00000000000001d8 .L0 
     /tmp/ccm1d7Q0.s:391    .text:00000000000001dc .L0 
     /tmp/ccm1d7Q0.s:393    .text:00000000000001e0 .L0 
     /tmp/ccm1d7Q0.s:399    .text:00000000000001e0 .L0 
     /tmp/ccm1d7Q0.s:116    .text:0000000000000090 .L0 
     /tmp/ccm1d7Q0.s:112    .text:0000000000000090 .L8
     /tmp/ccm1d7Q0.s:162    .text:00000000000000d4 .L5
     /tmp/ccm1d7Q0.s:93     .text:0000000000000074 .L4
     /tmp/ccm1d7Q0.s:152    .text:00000000000000c8 .L6
     /tmp/ccm1d7Q0.s:199    .text:00000000000000fc .L16
     /tmp/ccm1d7Q0.s:192    .text:00000000000000f4 .L13
     /tmp/ccm1d7Q0.s:282    .text:0000000000000160 .L17
     /tmp/ccm1d7Q0.s:264    .text:0000000000000148 .L10
     /tmp/ccm1d7Q0.s:238    .text:0000000000000128 .L11
     /tmp/ccm1d7Q0.s:355    .text:00000000000001ac .L21
     /tmp/ccm1d7Q0.s:373    .text:00000000000001c4 .L19
     /tmp/ccm1d7Q0.s:327    .text:000000000000018c .L20
     /tmp/ccm1d7Q0.s:321    .text:0000000000000188 .L23
     /tmp/ccm1d7Q0.s:1516   .debug_abbrev:0000000000000000 .Ldebug_abbrev0
     /tmp/ccm1d7Q0.s:2986   .debug_str:000000000000049a .LASF84
     /tmp/ccm1d7Q0.s:2890   .debug_str:00000000000001f5 .LASF85
     /tmp/ccm1d7Q0.s:2968   .debug_str:00000000000003fb .LASF86
     /tmp/ccm1d7Q0.s:5      .text:0000000000000000 .Ltext0
     /tmp/ccm1d7Q0.s:396    .text:00000000000001e0 .Letext0
     /tmp/ccm1d7Q0.s:2824   .debug_line:0000000000000000 .Ldebug_line0
     /tmp/ccm1d7Q0.s:2932   .debug_str:000000000000031b .LASF0
     /tmp/ccm1d7Q0.s:2938   .debug_str:000000000000033c .LASF1
     /tmp/ccm1d7Q0.s:2922   .debug_str:00000000000002c5 .LASF2
     /tmp/ccm1d7Q0.s:2898   .debug_str:0000000000000248 .LASF4
     /tmp/ccm1d7Q0.s:2974   .debug_str:0000000000000424 .LASF3
     /tmp/ccm1d7Q0.s:2838   .debug_str:0000000000000066 .LASF5
     /tmp/ccm1d7Q0.s:2940   .debug_str:000000000000034f .LASF6
     /tmp/ccm1d7Q0.s:2930   .debug_str:0000000000000308 .LASF7
     /tmp/ccm1d7Q0.s:2996   .debug_str:0000000000000594 .LASF8
     /tmp/ccm1d7Q0.s:2884   .debug_str:00000000000001b7 .LASF9
     /tmp/ccm1d7Q0.s:2950   .debug_str:0000000000000383 .LASF10
     /tmp/ccm1d7Q0.s:2990   .debug_str:000000000000056a .LASF11
     /tmp/ccm1d7Q0.s:2842   .debug_str:0000000000000078 .LASF12
     /tmp/ccm1d7Q0.s:2830   .debug_str:0000000000000026 .LASF13
     /tmp/ccm1d7Q0.s:2850   .debug_str:00000000000000b9 .LASF14
     /tmp/ccm1d7Q0.s:2966   .debug_str:00000000000003e5 .LASF15
     /tmp/ccm1d7Q0.s:2858   .debug_str:00000000000000fa .LASF16
     /tmp/ccm1d7Q0.s:2948   .debug_str:0000000000000379 .LASF17
GAS LISTING /tmp/ccm1d7Q0.s 			page 14


     /tmp/ccm1d7Q0.s:2836   .debug_str:000000000000005b .LASF87
     /tmp/ccm1d7Q0.s:2892   .debug_str:0000000000000207 .LASF88
     /tmp/ccm1d7Q0.s:2848   .debug_str:00000000000000a1 .LASF89
     /tmp/ccm1d7Q0.s:2916   .debug_str:00000000000002af .LASF18
     /tmp/ccm1d7Q0.s:2992   .debug_str:0000000000000579 .LASF21
     /tmp/ccm1d7Q0.s:2960   .debug_str:00000000000003bc .LASF19
     /tmp/ccm1d7Q0.s:3016   .debug_str:000000000000065d .LASF20
     /tmp/ccm1d7Q0.s:2926   .debug_str:00000000000002df .LASF60
     /tmp/ccm1d7Q0.s:2862   .debug_str:0000000000000116 .LASF22
     /tmp/ccm1d7Q0.s:2918   .debug_str:00000000000002b9 .LASF23
     /tmp/ccm1d7Q0.s:2896   .debug_str:0000000000000243 .LASF24
     /tmp/ccm1d7Q0.s:2982   .debug_str:000000000000047e .LASF26
     /tmp/ccm1d7Q0.s:2964   .debug_str:00000000000003ce .LASF31
     /tmp/ccm1d7Q0.s:2928   .debug_str:00000000000002fe .LASF90
     /tmp/ccm1d7Q0.s:2886   .debug_str:00000000000001c5 .LASF91
     /tmp/ccm1d7Q0.s:2984   .debug_str:0000000000000491 .LASF25
     /tmp/ccm1d7Q0.s:2868   .debug_str:0000000000000142 .LASF27
     /tmp/ccm1d7Q0.s:2882   .debug_str:00000000000001af .LASF28
     /tmp/ccm1d7Q0.s:2864   .debug_str:000000000000011b .LASF29
     /tmp/ccm1d7Q0.s:2988   .debug_str:000000000000055e .LASF30
     /tmp/ccm1d7Q0.s:2828   .debug_str:0000000000000008 .LASF32
     /tmp/ccm1d7Q0.s:2846   .debug_str:0000000000000097 .LASF33
     /tmp/ccm1d7Q0.s:2910   .debug_str:000000000000027d .LASF34
     /tmp/ccm1d7Q0.s:2936   .debug_str:0000000000000331 .LASF35
     /tmp/ccm1d7Q0.s:2834   .debug_str:000000000000003e .LASF36
     /tmp/ccm1d7Q0.s:2912   .debug_str:0000000000000298 .LASF37
     /tmp/ccm1d7Q0.s:3006   .debug_str:00000000000005d8 .LASF38
     /tmp/ccm1d7Q0.s:2832   .debug_str:0000000000000036 .LASF39
     /tmp/ccm1d7Q0.s:2870   .debug_str:000000000000015f .LASF40
     /tmp/ccm1d7Q0.s:2956   .debug_str:00000000000003ab .LASF41
     /tmp/ccm1d7Q0.s:2908   .debug_str:0000000000000270 .LASF42
     /tmp/ccm1d7Q0.s:3010   .debug_str:0000000000000602 .LASF43
     /tmp/ccm1d7Q0.s:2958   .debug_str:00000000000003b7 .LASF92
     /tmp/ccm1d7Q0.s:2934   .debug_str:0000000000000328 .LASF44
     /tmp/ccm1d7Q0.s:2874   .debug_str:000000000000016c .LASF46
     /tmp/ccm1d7Q0.s:2946   .debug_str:0000000000000374 .LASF45
     /tmp/ccm1d7Q0.s:2844   .debug_str:0000000000000088 .LASF47
     /tmp/ccm1d7Q0.s:2942   .debug_str:0000000000000362 .LASF48
     /tmp/ccm1d7Q0.s:2856   .debug_str:00000000000000e3 .LASF49
     /tmp/ccm1d7Q0.s:2872   .debug_str:0000000000000164 .LASF93
     /tmp/ccm1d7Q0.s:2924   .debug_str:00000000000002d3 .LASF50
     /tmp/ccm1d7Q0.s:3018   .debug_str:0000000000000662 .LASF51
     /tmp/ccm1d7Q0.s:2900   .debug_str:000000000000024f .LASF52
     /tmp/ccm1d7Q0.s:2994   .debug_str:000000000000057e .LASF53
     /tmp/ccm1d7Q0.s:3012   .debug_str:0000000000000624 .LASF94
     /tmp/ccm1d7Q0.s:2904   .debug_str:0000000000000263 .LASF54
     /tmp/ccm1d7Q0.s:2852   .debug_str:00000000000000c5 .LASF55
     /tmp/ccm1d7Q0.s:2906   .debug_str:0000000000000268 .LASF56
     /tmp/ccm1d7Q0.s:2902   .debug_str:000000000000025a .LASF57
     /tmp/ccm1d7Q0.s:2826   .debug_str:0000000000000000 .LASF58
     /tmp/ccm1d7Q0.s:2914   .debug_str:00000000000002a1 .LASF95
     /tmp/ccm1d7Q0.s:2888   .debug_str:00000000000001dc .LASF96
     /tmp/ccm1d7Q0.s:3002   .debug_str:00000000000005bd .LASF59
     /tmp/ccm1d7Q0.s:2894   .debug_str:000000000000021b .LASF61
     /tmp/ccm1d7Q0.s:2840   .debug_str:000000000000006d .LASF97
     /tmp/ccm1d7Q0.s:2876   .debug_str:000000000000017f .LASF62
     /tmp/ccm1d7Q0.s:2866   .debug_str:0000000000000137 .LASF63
GAS LISTING /tmp/ccm1d7Q0.s 			page 15


     /tmp/ccm1d7Q0.s:3008   .debug_str:00000000000005f2 .LASF64
     /tmp/ccm1d7Q0.s:3014   .debug_str:000000000000063a .LASF65
     /tmp/ccm1d7Q0.s:3020   .debug_str:0000000000000679 .LASF66
     /tmp/ccm1d7Q0.s:2880   .debug_str:0000000000000198 .LASF67
     /tmp/ccm1d7Q0.s:2944   .debug_str:000000000000036d .LASF68
     /tmp/ccm1d7Q0.s:2976   .debug_str:0000000000000436 .LASF69
     /tmp/ccm1d7Q0.s:3000   .debug_str:00000000000005b7 .LASF70
     /tmp/ccm1d7Q0.s:2854   .debug_str:00000000000000cb .LASF71
     /tmp/ccm1d7Q0.s:2878   .debug_str:0000000000000184 .LASF98
     /tmp/ccm1d7Q0.s:2860   .debug_str:0000000000000110 .LASF72
     /tmp/ccm1d7Q0.s:2962   .debug_str:00000000000003c1 .LASF73
     /tmp/ccm1d7Q0.s:2954   .debug_str:00000000000003a6 .LASF74
     /tmp/ccm1d7Q0.s:2980   .debug_str:000000000000045f .LASF76
     /tmp/ccm1d7Q0.s:2970   .debug_str:0000000000000419 .LASF75
     /tmp/ccm1d7Q0.s:2998   .debug_str:00000000000005a4 .LASF77
     /tmp/ccm1d7Q0.s:302    .text:0000000000000168 .LFB20
     /tmp/ccm1d7Q0.s:394    .text:00000000000001e0 .LFE20
     /tmp/ccm1d7Q0.s:2472   .debug_loc:0000000000000000 .LLST20
     /tmp/ccm1d7Q0.s:2788   .debug_ranges:0000000000000000 .Ldebug_ranges0
     /tmp/ccm1d7Q0.s:2490   .debug_loc:000000000000004c .LLST21
     /tmp/ccm1d7Q0.s:323    .text:0000000000000188 .LBB61
     /tmp/ccm1d7Q0.s:2497   .debug_loc:000000000000006f .LLST22
     /tmp/ccm1d7Q0.s:2512   .debug_loc:00000000000000a9 .LLST23
     /tmp/ccm1d7Q0.s:2523   .debug_loc:00000000000000df .LLST24
     /tmp/ccm1d7Q0.s:333    .text:0000000000000198 .LVL31
     /tmp/ccm1d7Q0.s:340    .text:000000000000019c .LBB64
     /tmp/ccm1d7Q0.s:347    .text:00000000000001a0 .LBE64
     /tmp/ccm1d7Q0.s:2530   .debug_loc:0000000000000102 .LLST25
     /tmp/ccm1d7Q0.s:2538   .debug_loc:0000000000000126 .LLST26
     /tmp/ccm1d7Q0.s:352    .text:00000000000001ac .LVL34
     /tmp/ccm1d7Q0.s:178    .text:00000000000000e0 .LFB19
     /tmp/ccm1d7Q0.s:296    .text:0000000000000168 .LFE19
     /tmp/ccm1d7Q0.s:2545   .debug_loc:0000000000000149 .LLST13
     /tmp/ccm1d7Q0.s:2578   .debug_loc:00000000000001d1 .LLST14
     /tmp/ccm1d7Q0.s:205    .text:0000000000000100 .LBB47
     /tmp/ccm1d7Q0.s:2585   .debug_loc:00000000000001f4 .LLST15
     /tmp/ccm1d7Q0.s:2609   .debug_loc:0000000000000246 .LLST16
     /tmp/ccm1d7Q0.s:2620   .debug_loc:000000000000027c .LLST17
     /tmp/ccm1d7Q0.s:244    .text:0000000000000134 .LVL23
     /tmp/ccm1d7Q0.s:251    .text:0000000000000138 .LBB52
     /tmp/ccm1d7Q0.s:258    .text:000000000000013c .LBE52
     /tmp/ccm1d7Q0.s:2627   .debug_loc:000000000000029f .LLST18
     /tmp/ccm1d7Q0.s:2635   .debug_loc:00000000000002c3 .LLST19
     /tmp/ccm1d7Q0.s:263    .text:0000000000000148 .LVL26
     /tmp/ccm1d7Q0.s:67     .text:0000000000000044 .LFB18
     /tmp/ccm1d7Q0.s:172    .text:00000000000000e0 .LFE18
     /tmp/ccm1d7Q0.s:2642   .debug_loc:00000000000002e6 .LLST4
     /tmp/ccm1d7Q0.s:119    .text:000000000000009c .LBB37
     /tmp/ccm1d7Q0.s:128    .text:00000000000000a4 .LBE37
     /tmp/ccm1d7Q0.s:2664   .debug_loc:0000000000000345 .LLST5
     /tmp/ccm1d7Q0.s:2672   .debug_loc:0000000000000369 .LLST6
     /tmp/ccm1d7Q0.s:130    .text:00000000000000a4 .LBB39
     /tmp/ccm1d7Q0.s:2679   .debug_loc:000000000000038c .LLST7
     /tmp/ccm1d7Q0.s:2690   .debug_loc:00000000000003c2 .LLST8
     /tmp/ccm1d7Q0.s:2705   .debug_loc:00000000000003fc .LLST9
     /tmp/ccm1d7Q0.s:136    .text:00000000000000b0 .LBB41
     /tmp/ccm1d7Q0.s:143    .text:00000000000000b8 .LBE41
GAS LISTING /tmp/ccm1d7Q0.s 			page 16


     /tmp/ccm1d7Q0.s:2716   .debug_loc:0000000000000432 .LLST10
     /tmp/ccm1d7Q0.s:2724   .debug_loc:0000000000000456 .LLST11
     /tmp/ccm1d7Q0.s:2731   .debug_loc:0000000000000479 .LLST12
     /tmp/ccm1d7Q0.s:135    .text:00000000000000b0 .LVL11
     /tmp/ccm1d7Q0.s:159    .text:00000000000000d0 .LVL14
     /tmp/ccm1d7Q0.s:10     .text:0000000000000000 .LFB17
     /tmp/ccm1d7Q0.s:61     .text:0000000000000044 .LFE17
     /tmp/ccm1d7Q0.s:3022   .debug_str:000000000000067e .LASF78
     /tmp/ccm1d7Q0.s:2738   .debug_loc:000000000000049c .LLST0
     /tmp/ccm1d7Q0.s:32     .text:0000000000000024 .LBB33
     /tmp/ccm1d7Q0.s:48     .text:0000000000000030 .LBE33
     /tmp/ccm1d7Q0.s:2752   .debug_loc:00000000000004d5 .LLST1
     /tmp/ccm1d7Q0.s:2759   .debug_loc:00000000000004f8 .LLST2
     /tmp/ccm1d7Q0.s:38     .text:0000000000000028 .LBB35
     /tmp/ccm1d7Q0.s:46     .text:0000000000000030 .LBE35
     /tmp/ccm1d7Q0.s:2766   .debug_loc:000000000000051b .LLST3
     /tmp/ccm1d7Q0.s:31     .text:0000000000000024 .LVL2
     /tmp/ccm1d7Q0.s:2952   .debug_str:0000000000000392 .LASF79
     /tmp/ccm1d7Q0.s:2920   .debug_str:00000000000002be .LASF80
     /tmp/ccm1d7Q0.s:2978   .debug_str:000000000000044f .LASF82
     /tmp/ccm1d7Q0.s:2972   .debug_str:000000000000041e .LASF81
     /tmp/ccm1d7Q0.s:3004   .debug_str:00000000000005cb .LASF83
     /tmp/ccm1d7Q0.s:305    .text:0000000000000168 .LVL28
     /tmp/ccm1d7Q0.s:320    .text:0000000000000188 .LVL29
     /tmp/ccm1d7Q0.s:389    .text:00000000000001d8 .LVL37
     /tmp/ccm1d7Q0.s:372    .text:00000000000001c4 .LVL36
     /tmp/ccm1d7Q0.s:364    .text:00000000000001b4 .LVL35
     /tmp/ccm1d7Q0.s:330    .text:0000000000000190 .LVL30
     /tmp/ccm1d7Q0.s:339    .text:000000000000019c .LVL32
     /tmp/ccm1d7Q0.s:345    .text:00000000000001a0 .LVL33
     /tmp/ccm1d7Q0.s:181    .text:00000000000000e0 .LVL16
     /tmp/ccm1d7Q0.s:191    .text:00000000000000f4 .LVL17
     /tmp/ccm1d7Q0.s:198    .text:00000000000000fc .LVL18
     /tmp/ccm1d7Q0.s:209    .text:0000000000000104 .LVL20
     /tmp/ccm1d7Q0.s:281    .text:0000000000000160 .LVL27
     /tmp/ccm1d7Q0.s:204    .text:0000000000000100 .LVL19
     /tmp/ccm1d7Q0.s:227    .text:000000000000011c .LVL21
     /tmp/ccm1d7Q0.s:241    .text:000000000000012c .LVL22
     /tmp/ccm1d7Q0.s:250    .text:0000000000000138 .LVL24
     /tmp/ccm1d7Q0.s:256    .text:000000000000013c .LVL25
     /tmp/ccm1d7Q0.s:70     .text:0000000000000044 .LVL5
     /tmp/ccm1d7Q0.s:92     .text:0000000000000074 .LVL6
     /tmp/ccm1d7Q0.s:105    .text:0000000000000084 .LVL7
     /tmp/ccm1d7Q0.s:111    .text:0000000000000090 .LVL8
     /tmp/ccm1d7Q0.s:118    .text:000000000000009c .LVL9
     /tmp/ccm1d7Q0.s:126    .text:00000000000000a4 .LVL10
     /tmp/ccm1d7Q0.s:153    .text:00000000000000c8 .LVL13
     /tmp/ccm1d7Q0.s:161    .text:00000000000000d4 .LVL15
     /tmp/ccm1d7Q0.s:141    .text:00000000000000b8 .LVL12
     /tmp/ccm1d7Q0.s:14     .text:0000000000000000 .LVL0
     /tmp/ccm1d7Q0.s:29     .text:000000000000001c .LVL1
     /tmp/ccm1d7Q0.s:44     .text:0000000000000030 .LVL4
     /tmp/ccm1d7Q0.s:37     .text:0000000000000028 .LVL3
     /tmp/ccm1d7Q0.s:400    .debug_info:0000000000000000 .Ldebug_info0
     /tmp/ccm1d7Q0.s:155    .text:00000000000000c8 .LBE39
     /tmp/ccm1d7Q0.s:163    .text:00000000000000d4 .LBB44
     /tmp/ccm1d7Q0.s:170    .text:00000000000000e0 .LBE44
GAS LISTING /tmp/ccm1d7Q0.s 			page 17


     /tmp/ccm1d7Q0.s:202    .text:0000000000000100 .LBB46
     /tmp/ccm1d7Q0.s:214    .text:0000000000000108 .LBE46
     /tmp/ccm1d7Q0.s:229    .text:000000000000011c .LBB55
     /tmp/ccm1d7Q0.s:265    .text:0000000000000148 .LBE55
     /tmp/ccm1d7Q0.s:285    .text:0000000000000160 .LBB56
     /tmp/ccm1d7Q0.s:293    .text:0000000000000168 .LBE56
     /tmp/ccm1d7Q0.s:213    .text:0000000000000108 .LBE47
     /tmp/ccm1d7Q0.s:230    .text:000000000000011c .LBB51
     /tmp/ccm1d7Q0.s:246    .text:0000000000000134 .LBE51
     /tmp/ccm1d7Q0.s:286    .text:0000000000000160 .LBB54
     /tmp/ccm1d7Q0.s:292    .text:0000000000000168 .LBE54
     /tmp/ccm1d7Q0.s:322    .text:0000000000000188 .LBB60
     /tmp/ccm1d7Q0.s:353    .text:00000000000001ac .LBE60
     /tmp/ccm1d7Q0.s:357    .text:00000000000001ac .LBB67
     /tmp/ccm1d7Q0.s:376    .text:00000000000001c4 .LBE67
     /tmp/ccm1d7Q0.s:335    .text:0000000000000198 .LBE61
     /tmp/ccm1d7Q0.s:358    .text:00000000000001ac .LBB66
     /tmp/ccm1d7Q0.s:375    .text:00000000000001c4 .LBE66

UNDEFINED SYMBOLS
_Znwm
_ZN3TCB7runningE
_ZN3TCB8dispatchEv
_ZdlPv
_ZN9Scheduler3putEP3TCB
