GAS LISTING /tmp/ccjjQKSF.s 			page 1


   1              		.file	"syscall_cpp.cpp"
   2              		.option pic
   3              		.option norelax
   4              		.text
   5              	.Ltext0:
   6              		.section	.text._ZN6Thread3runEv,"axG",@progbits,_ZN6Thread3runEv,comdat
   7              		.align	2
   8              		.weak	_ZN6Thread3runEv
  10              	_ZN6Thread3runEv:
  11              	.LFB0:
  12              		.file 1 "src/../h/syscall_cpp.hpp"
   1:src/../h/syscall_cpp.hpp **** //
   2:src/../h/syscall_cpp.hpp **** // Created by os on 7/22/26.
   3:src/../h/syscall_cpp.hpp **** //
   4:src/../h/syscall_cpp.hpp **** 
   5:src/../h/syscall_cpp.hpp **** #ifndef PROJECT_BASE_SYSCALL_CPP_HPP
   6:src/../h/syscall_cpp.hpp **** #define PROJECT_BASE_SYSCALL_CPP_HPP
   7:src/../h/syscall_cpp.hpp **** 
   8:src/../h/syscall_cpp.hpp **** #include "syscall_c.hpp"
   9:src/../h/syscall_cpp.hpp **** 
  10:src/../h/syscall_cpp.hpp **** class Thread {
  11:src/../h/syscall_cpp.hpp **** public:
  12:src/../h/syscall_cpp.hpp ****     Thread(void (*body)(void*), void* arg);
  13:src/../h/syscall_cpp.hpp ****     virtual ~Thread();
  14:src/../h/syscall_cpp.hpp ****     int start();
  15:src/../h/syscall_cpp.hpp ****     static void dispatch();
  16:src/../h/syscall_cpp.hpp ****     static int sleep(uint64);
  17:src/../h/syscall_cpp.hpp **** protected:
  18:src/../h/syscall_cpp.hpp ****     Thread();
  19:src/../h/syscall_cpp.hpp ****     virtual void run() {}
  13              		.loc 1 19 18
  14              		.cfi_startproc
  15              	.LVL0:
  16 0000 130101FF 		addi	sp,sp,-16
  17              		.cfi_def_cfa_offset 16
  18 0004 23348100 		sd	s0,8(sp)
  19              		.cfi_offset 8, -8
  20 0008 13040101 		addi	s0,sp,16
  21              		.cfi_def_cfa 8, 0
  22              		.loc 1 19 25 is_stmt 0
  23 000c 03348100 		ld	s0,8(sp)
  24              		.cfi_restore 8
  25              		.cfi_def_cfa 2, 16
  26 0010 13010101 		addi	sp,sp,16
  27              		.cfi_def_cfa_offset 0
  28 0014 67800000 		jr	ra
  29              		.cfi_endproc
  30              	.LFE0:
  32              		.text
  33              		.align	2
  34              		.globl	_ZN6ThreadD2Ev
  36              	_ZN6ThreadD2Ev:
  37              	.LFB8:
  38              		.file 2 "src/syscall_cpp.cpp"
   1:src/syscall_cpp.cpp **** //
   2:src/syscall_cpp.cpp **** // Created by os on 7/22/26.
   3:src/syscall_cpp.cpp **** //
GAS LISTING /tmp/ccjjQKSF.s 			page 2


   4:src/syscall_cpp.cpp **** 
   5:src/syscall_cpp.cpp **** #include "../h/syscall_cpp.hpp"
   6:src/syscall_cpp.cpp **** 
   7:src/syscall_cpp.cpp **** Thread::Thread(void (*body)(void*), void* arg) : myHandle(nullptr), body(body), arg(arg) {}
   8:src/syscall_cpp.cpp **** Thread::Thread() : myHandle(nullptr), body(nullptr), arg(nullptr) {}
   9:src/syscall_cpp.cpp **** Thread::~Thread() {}
  39              		.loc 2 9 1 is_stmt 1
  40              		.cfi_startproc
  41              	.LVL1:
  42 0000 130101FF 		addi	sp,sp,-16
  43              		.cfi_def_cfa_offset 16
  44 0004 23348100 		sd	s0,8(sp)
  45              		.cfi_offset 8, -8
  46 0008 13040101 		addi	s0,sp,16
  47              		.cfi_def_cfa 8, 0
  48              		.loc 2 9 20 is_stmt 0
  49 000c 03348100 		ld	s0,8(sp)
  50              		.cfi_restore 8
  51              		.cfi_def_cfa 2, 16
  52 0010 13010101 		addi	sp,sp,16
  53              		.cfi_def_cfa_offset 0
  54 0014 67800000 		jr	ra
  55              		.cfi_endproc
  56              	.LFE8:
  58              		.globl	_ZN6ThreadD1Ev
  59              		.set	_ZN6ThreadD1Ev,_ZN6ThreadD2Ev
  60              		.align	2
  61              		.globl	_ZN6Thread10runWrapperEPv
  63              	_ZN6Thread10runWrapperEPv:
  64              	.LFB12:
  10:src/syscall_cpp.cpp **** 
  11:src/syscall_cpp.cpp **** int Thread::start() {
  12:src/syscall_cpp.cpp ****     if (body != nullptr) {
  13:src/syscall_cpp.cpp ****         return thread_create(&myHandle, body, arg);
  14:src/syscall_cpp.cpp ****     }
  15:src/syscall_cpp.cpp ****     return thread_create(&myHandle, &runWrapper, this);
  16:src/syscall_cpp.cpp **** }
  17:src/syscall_cpp.cpp **** 
  18:src/syscall_cpp.cpp **** void Thread::runWrapper(void* t) {
  65              		.loc 2 18 34 is_stmt 1
  66              		.cfi_startproc
  67              	.LVL2:
  68 0018 130101FF 		addi	sp,sp,-16
  69              		.cfi_def_cfa_offset 16
  70 001c 23341100 		sd	ra,8(sp)
  71 0020 23308100 		sd	s0,0(sp)
  72              		.cfi_offset 1, -8
  73              		.cfi_offset 8, -16
  74 0024 13040101 		addi	s0,sp,16
  75              		.cfi_def_cfa 8, 0
  19:src/syscall_cpp.cpp ****     ((Thread*) t)->run();
  76              		.loc 2 19 5
  77              		.loc 2 19 24 is_stmt 0
  78 0028 83370500 		ld	a5,0(a0)
  79 002c 83B70701 		ld	a5,16(a5)
  80              		.loc 2 19 23
  81 0030 E7800700 		jalr	a5
GAS LISTING /tmp/ccjjQKSF.s 			page 3


  82              	.LVL3:
  20:src/syscall_cpp.cpp **** }
  83              		.loc 2 20 1
  84 0034 83308100 		ld	ra,8(sp)
  85              		.cfi_restore 1
  86 0038 03340100 		ld	s0,0(sp)
  87              		.cfi_restore 8
  88              		.cfi_def_cfa 2, 16
  89 003c 13010101 		addi	sp,sp,16
  90              		.cfi_def_cfa_offset 0
  91 0040 67800000 		jr	ra
  92              		.cfi_endproc
  93              	.LFE12:
  95              		.align	2
  96              		.globl	_ZN6ThreadD0Ev
  98              	_ZN6ThreadD0Ev:
  99              	.LFB10:
   9:src/syscall_cpp.cpp **** 
 100              		.loc 2 9 1 is_stmt 1
 101              		.cfi_startproc
 102              	.LVL4:
 103 0044 130101FF 		addi	sp,sp,-16
 104              		.cfi_def_cfa_offset 16
 105 0048 23341100 		sd	ra,8(sp)
 106 004c 23308100 		sd	s0,0(sp)
 107              		.cfi_offset 1, -8
 108              		.cfi_offset 8, -16
 109 0050 13040101 		addi	s0,sp,16
 110              		.cfi_def_cfa 8, 0
   9:src/syscall_cpp.cpp **** 
 111              		.loc 2 9 20 is_stmt 0
 112 0054 97000000 		call	_ZdlPv@plt
 112      E7800000 
 113              	.LVL5:
 114 005c 83308100 		ld	ra,8(sp)
 115              		.cfi_restore 1
 116 0060 03340100 		ld	s0,0(sp)
 117              		.cfi_restore 8
 118              		.cfi_def_cfa 2, 16
 119 0064 13010101 		addi	sp,sp,16
 120              		.cfi_def_cfa_offset 0
 121 0068 67800000 		jr	ra
 122              		.cfi_endproc
 123              	.LFE10:
 125              		.align	2
 126              		.globl	_ZN9SemaphoreD2Ev
 128              	_ZN9SemaphoreD2Ev:
 129              	.LFB18:
  21:src/syscall_cpp.cpp **** 
  22:src/syscall_cpp.cpp **** void Thread::dispatch() {
  23:src/syscall_cpp.cpp ****     thread_dispatch();
  24:src/syscall_cpp.cpp **** }
  25:src/syscall_cpp.cpp **** 
  26:src/syscall_cpp.cpp **** Semaphore::Semaphore(unsigned init) {
  27:src/syscall_cpp.cpp ****     sem_open(&myHandle, init);
  28:src/syscall_cpp.cpp **** }
  29:src/syscall_cpp.cpp **** 
GAS LISTING /tmp/ccjjQKSF.s 			page 4


  30:src/syscall_cpp.cpp **** Semaphore::~Semaphore() {
 130              		.loc 2 30 1 is_stmt 1
 131              		.cfi_startproc
 132              		.cfi_personality 0x9b,DW.ref.__gxx_personality_v0
 133              		.cfi_lsda 0x1b,.LLSDA18
 134              	.LVL6:
 135 006c 130101FF 		addi	sp,sp,-16
 136              		.cfi_def_cfa_offset 16
 137 0070 23341100 		sd	ra,8(sp)
 138 0074 23308100 		sd	s0,0(sp)
 139              		.cfi_offset 1, -8
 140              		.cfi_offset 8, -16
 141 0078 13040101 		addi	s0,sp,16
 142              		.cfi_def_cfa 8, 0
 143              	.LBB2:
 144              		.loc 2 30 23 is_stmt 0
 145 007c 97070000 		lla	a5,_ZTV9Semaphore+16
 145      93870700 
 146 0084 2330F500 		sd	a5,0(a0)
  31:src/syscall_cpp.cpp ****     sem_close(myHandle);
 147              		.loc 2 31 5 is_stmt 1
 148              		.loc 2 31 14 is_stmt 0
 149 0088 03358500 		ld	a0,8(a0)
 150              	.LVL7:
 151 008c 97000000 		call	_Z9sem_closeP10KSemaphore@plt
 151      E7800000 
 152              	.LVL8:
 153              	.LBE2:
  32:src/syscall_cpp.cpp **** }
 154              		.loc 2 32 1
 155 0094 83308100 		ld	ra,8(sp)
 156              		.cfi_restore 1
 157 0098 03340100 		ld	s0,0(sp)
 158              		.cfi_restore 8
 159              		.cfi_def_cfa 2, 16
 160 009c 13010101 		addi	sp,sp,16
 161              		.cfi_def_cfa_offset 0
 162 00a0 67800000 		jr	ra
 163              		.cfi_endproc
 164              	.LFE18:
 165              		.globl	__gxx_personality_v0
 166              		.section	.gcc_except_table,"a",@progbits
 167              	.LLSDA18:
 168 0000 FF       		.byte	0xff
 169 0001 FF       		.byte	0xff
 170 0002 03       		.byte	0x3
 171 0003 00       		.byte	0
 172              		.text
 174              		.globl	_ZN9SemaphoreD1Ev
 175              		.set	_ZN9SemaphoreD1Ev,_ZN9SemaphoreD2Ev
 176              		.align	2
 177              		.globl	_ZN9SemaphoreD0Ev
 179              	_ZN9SemaphoreD0Ev:
 180              	.LFB20:
  30:src/syscall_cpp.cpp ****     sem_close(myHandle);
 181              		.loc 2 30 1 is_stmt 1
 182              		.cfi_startproc
GAS LISTING /tmp/ccjjQKSF.s 			page 5


 183              	.LVL9:
 184 00a4 130101FE 		addi	sp,sp,-32
 185              		.cfi_def_cfa_offset 32
 186 00a8 233C1100 		sd	ra,24(sp)
 187 00ac 23388100 		sd	s0,16(sp)
 188 00b0 23349100 		sd	s1,8(sp)
 189              		.cfi_offset 1, -8
 190              		.cfi_offset 8, -16
 191              		.cfi_offset 9, -24
 192 00b4 13040102 		addi	s0,sp,32
 193              		.cfi_def_cfa 8, 0
 194 00b8 93040500 		mv	s1,a0
 195              		.loc 2 32 1 is_stmt 0
 196 00bc 97000000 		call	_ZN9SemaphoreD1Ev
 196      E7800000 
 197              	.LVL10:
 198 00c4 13850400 		mv	a0,s1
 199 00c8 97000000 		call	_ZdlPv@plt
 199      E7800000 
 200              	.LVL11:
 201 00d0 83308101 		ld	ra,24(sp)
 202              		.cfi_restore 1
 203 00d4 03340101 		ld	s0,16(sp)
 204              		.cfi_restore 8
 205              		.cfi_def_cfa 2, 32
 206 00d8 83348100 		ld	s1,8(sp)
 207              		.cfi_restore 9
 208              	.LVL12:
 209 00dc 13010102 		addi	sp,sp,32
 210              		.cfi_def_cfa_offset 0
 211 00e0 67800000 		jr	ra
 212              		.cfi_endproc
 213              	.LFE20:
 215              		.align	2
 216              		.globl	_ZN6ThreadC2EPFvPvES0_
 218              	_ZN6ThreadC2EPFvPvES0_:
 219              	.LFB2:
   7:src/syscall_cpp.cpp **** Thread::Thread() : myHandle(nullptr), body(nullptr), arg(nullptr) {}
 220              		.loc 2 7 1 is_stmt 1
 221              		.cfi_startproc
 222              	.LVL13:
 223 00e4 130101FF 		addi	sp,sp,-16
 224              		.cfi_def_cfa_offset 16
 225 00e8 23348100 		sd	s0,8(sp)
 226              		.cfi_offset 8, -8
 227 00ec 13040101 		addi	s0,sp,16
 228              		.cfi_def_cfa 8, 0
 229              	.LBB3:
   7:src/syscall_cpp.cpp **** Thread::Thread() : myHandle(nullptr), body(nullptr), arg(nullptr) {}
 230              		.loc 2 7 88 is_stmt 0
 231 00f0 97070000 		lla	a5,_ZTV6Thread+16
 231      93870700 
 232 00f8 2330F500 		sd	a5,0(a0)
 233 00fc 23340500 		sd	zero,8(a0)
 234 0100 2338B500 		sd	a1,16(a0)
 235 0104 233CC500 		sd	a2,24(a0)
 236              	.LBE3:
GAS LISTING /tmp/ccjjQKSF.s 			page 6


   7:src/syscall_cpp.cpp **** Thread::Thread() : myHandle(nullptr), body(nullptr), arg(nullptr) {}
 237              		.loc 2 7 91
 238 0108 03348100 		ld	s0,8(sp)
 239              		.cfi_restore 8
 240              		.cfi_def_cfa 2, 16
 241 010c 13010101 		addi	sp,sp,16
 242              		.cfi_def_cfa_offset 0
 243 0110 67800000 		jr	ra
 244              		.cfi_endproc
 245              	.LFE2:
 247              		.globl	_ZN6ThreadC1EPFvPvES0_
 248              		.set	_ZN6ThreadC1EPFvPvES0_,_ZN6ThreadC2EPFvPvES0_
 249              		.align	2
 250              		.globl	_ZN6ThreadC2Ev
 252              	_ZN6ThreadC2Ev:
 253              	.LFB5:
   8:src/syscall_cpp.cpp **** Thread::~Thread() {}
 254              		.loc 2 8 1 is_stmt 1
 255              		.cfi_startproc
 256              	.LVL14:
 257 0114 130101FF 		addi	sp,sp,-16
 258              		.cfi_def_cfa_offset 16
 259 0118 23348100 		sd	s0,8(sp)
 260              		.cfi_offset 8, -8
 261 011c 13040101 		addi	s0,sp,16
 262              		.cfi_def_cfa 8, 0
 263              	.LBB4:
   8:src/syscall_cpp.cpp **** Thread::~Thread() {}
 264              		.loc 2 8 65 is_stmt 0
 265 0120 97070000 		lla	a5,_ZTV6Thread+16
 265      93870700 
 266 0128 2330F500 		sd	a5,0(a0)
 267 012c 23340500 		sd	zero,8(a0)
 268 0130 23380500 		sd	zero,16(a0)
 269 0134 233C0500 		sd	zero,24(a0)
 270              	.LBE4:
   8:src/syscall_cpp.cpp **** Thread::~Thread() {}
 271              		.loc 2 8 68
 272 0138 03348100 		ld	s0,8(sp)
 273              		.cfi_restore 8
 274              		.cfi_def_cfa 2, 16
 275 013c 13010101 		addi	sp,sp,16
 276              		.cfi_def_cfa_offset 0
 277 0140 67800000 		jr	ra
 278              		.cfi_endproc
 279              	.LFE5:
 281              		.globl	_ZN6ThreadC1Ev
 282              		.set	_ZN6ThreadC1Ev,_ZN6ThreadC2Ev
 283              		.align	2
 284              		.globl	_ZN6Thread5startEv
 286              	_ZN6Thread5startEv:
 287              	.LFB11:
  11:src/syscall_cpp.cpp ****     if (body != nullptr) {
 288              		.loc 2 11 21 is_stmt 1
 289              		.cfi_startproc
 290              	.LVL15:
 291 0144 130101FF 		addi	sp,sp,-16
GAS LISTING /tmp/ccjjQKSF.s 			page 7


 292              		.cfi_def_cfa_offset 16
 293 0148 23341100 		sd	ra,8(sp)
 294 014c 23308100 		sd	s0,0(sp)
 295              		.cfi_offset 1, -8
 296              		.cfi_offset 8, -16
 297 0150 13040101 		addi	s0,sp,16
 298              		.cfi_def_cfa 8, 0
  12:src/syscall_cpp.cpp ****         return thread_create(&myHandle, body, arg);
 299              		.loc 2 12 5
  12:src/syscall_cpp.cpp ****         return thread_create(&myHandle, body, arg);
 300              		.loc 2 12 9 is_stmt 0
 301 0154 83350501 		ld	a1,16(a0)
  12:src/syscall_cpp.cpp ****         return thread_create(&myHandle, body, arg);
 302              		.loc 2 12 5
 303 0158 63820502 		beqz	a1,.L18
  13:src/syscall_cpp.cpp ****     }
 304              		.loc 2 13 9 is_stmt 1
  13:src/syscall_cpp.cpp ****     }
 305              		.loc 2 13 29 is_stmt 0
 306 015c 03368501 		ld	a2,24(a0)
 307 0160 13058500 		addi	a0,a0,8
 308              	.LVL16:
 309 0164 97000000 		call	_Z13thread_createPP3TCBPFvPvES2_@plt
 309      E7800000 
 310              	.LVL17:
 311              	.L19:
  16:src/syscall_cpp.cpp **** 
 312              		.loc 2 16 1
 313 016c 83308100 		ld	ra,8(sp)
 314              		.cfi_remember_state
 315              		.cfi_restore 1
 316 0170 03340100 		ld	s0,0(sp)
 317              		.cfi_restore 8
 318              		.cfi_def_cfa 2, 16
 319 0174 13010101 		addi	sp,sp,16
 320              		.cfi_def_cfa_offset 0
 321 0178 67800000 		jr	ra
 322              	.LVL18:
 323              	.L18:
 324              		.cfi_restore_state
  15:src/syscall_cpp.cpp **** }
 325              		.loc 2 15 5 is_stmt 1
  15:src/syscall_cpp.cpp **** }
 326              		.loc 2 15 25 is_stmt 0
 327 017c 13060500 		mv	a2,a0
 328 0180 97050000 		lla	a1,_ZN6Thread10runWrapperEPv
 328      93850500 
 329 0188 13058500 		addi	a0,a0,8
 330              	.LVL19:
 331 018c 97000000 		call	_Z13thread_createPP3TCBPFvPvES2_@plt
 331      E7800000 
 332              	.LVL20:
  15:src/syscall_cpp.cpp **** }
 333              		.loc 2 15 54
 334 0194 6FF09FFD 		j	.L19
 335              		.cfi_endproc
 336              	.LFE11:
GAS LISTING /tmp/ccjjQKSF.s 			page 8


 338              		.align	2
 339              		.globl	_ZN6Thread8dispatchEv
 341              	_ZN6Thread8dispatchEv:
 342              	.LFB13:
  22:src/syscall_cpp.cpp ****     thread_dispatch();
 343              		.loc 2 22 25 is_stmt 1
 344              		.cfi_startproc
 345 0198 130101FF 		addi	sp,sp,-16
 346              		.cfi_def_cfa_offset 16
 347 019c 23341100 		sd	ra,8(sp)
 348 01a0 23308100 		sd	s0,0(sp)
 349              		.cfi_offset 1, -8
 350              		.cfi_offset 8, -16
 351 01a4 13040101 		addi	s0,sp,16
 352              		.cfi_def_cfa 8, 0
  23:src/syscall_cpp.cpp **** }
 353              		.loc 2 23 5
  23:src/syscall_cpp.cpp **** }
 354              		.loc 2 23 20 is_stmt 0
 355 01a8 97000000 		call	_Z15thread_dispatchv@plt
 355      E7800000 
 356              	.LVL21:
  24:src/syscall_cpp.cpp **** 
 357              		.loc 2 24 1
 358 01b0 83308100 		ld	ra,8(sp)
 359              		.cfi_restore 1
 360 01b4 03340100 		ld	s0,0(sp)
 361              		.cfi_restore 8
 362              		.cfi_def_cfa 2, 16
 363 01b8 13010101 		addi	sp,sp,16
 364              		.cfi_def_cfa_offset 0
 365 01bc 67800000 		jr	ra
 366              		.cfi_endproc
 367              	.LFE13:
 369              		.align	2
 370              		.globl	_ZN9SemaphoreC2Ej
 372              	_ZN9SemaphoreC2Ej:
 373              	.LFB15:
  26:src/syscall_cpp.cpp ****     sem_open(&myHandle, init);
 374              		.loc 2 26 1 is_stmt 1
 375              		.cfi_startproc
 376              	.LVL22:
 377 01c0 130101FF 		addi	sp,sp,-16
 378              		.cfi_def_cfa_offset 16
 379 01c4 23341100 		sd	ra,8(sp)
 380 01c8 23308100 		sd	s0,0(sp)
 381              		.cfi_offset 1, -8
 382              		.cfi_offset 8, -16
 383 01cc 13040101 		addi	s0,sp,16
 384              		.cfi_def_cfa 8, 0
 385              	.LBB5:
  26:src/syscall_cpp.cpp ****     sem_open(&myHandle, init);
 386              		.loc 2 26 35 is_stmt 0
 387 01d0 97070000 		lla	a5,_ZTV9Semaphore+16
 387      93870700 
 388 01d8 2330F500 		sd	a5,0(a0)
  27:src/syscall_cpp.cpp **** }
GAS LISTING /tmp/ccjjQKSF.s 			page 9


 389              		.loc 2 27 5 is_stmt 1
  27:src/syscall_cpp.cpp **** }
 390              		.loc 2 27 13 is_stmt 0
 391 01dc 13058500 		addi	a0,a0,8
 392              	.LVL23:
 393 01e0 97000000 		call	_Z8sem_openPP10KSemaphorej@plt
 393      E7800000 
 394              	.LVL24:
 395              	.LBE5:
  28:src/syscall_cpp.cpp **** 
 396              		.loc 2 28 1
 397 01e8 83308100 		ld	ra,8(sp)
 398              		.cfi_restore 1
 399 01ec 03340100 		ld	s0,0(sp)
 400              		.cfi_restore 8
 401              		.cfi_def_cfa 2, 16
 402 01f0 13010101 		addi	sp,sp,16
 403              		.cfi_def_cfa_offset 0
 404 01f4 67800000 		jr	ra
 405              		.cfi_endproc
 406              	.LFE15:
 408              		.globl	_ZN9SemaphoreC1Ej
 409              		.set	_ZN9SemaphoreC1Ej,_ZN9SemaphoreC2Ej
 410              		.align	2
 411              		.globl	_ZN9Semaphore4waitEv
 413              	_ZN9Semaphore4waitEv:
 414              	.LFB21:
  33:src/syscall_cpp.cpp **** 
  34:src/syscall_cpp.cpp **** int Semaphore::wait() {
 415              		.loc 2 34 23 is_stmt 1
 416              		.cfi_startproc
 417              	.LVL25:
 418 01f8 130101FF 		addi	sp,sp,-16
 419              		.cfi_def_cfa_offset 16
 420 01fc 23341100 		sd	ra,8(sp)
 421 0200 23308100 		sd	s0,0(sp)
 422              		.cfi_offset 1, -8
 423              		.cfi_offset 8, -16
 424 0204 13040101 		addi	s0,sp,16
 425              		.cfi_def_cfa 8, 0
  35:src/syscall_cpp.cpp ****     return sem_wait(myHandle);
 426              		.loc 2 35 5
 427              		.loc 2 35 20 is_stmt 0
 428 0208 03358500 		ld	a0,8(a0)
 429              	.LVL26:
 430 020c 97000000 		call	_Z8sem_waitP10KSemaphore@plt
 430      E7800000 
 431              	.LVL27:
  36:src/syscall_cpp.cpp **** }
 432              		.loc 2 36 1
 433 0214 83308100 		ld	ra,8(sp)
 434              		.cfi_restore 1
 435 0218 03340100 		ld	s0,0(sp)
 436              		.cfi_restore 8
 437              		.cfi_def_cfa 2, 16
 438 021c 13010101 		addi	sp,sp,16
 439              		.cfi_def_cfa_offset 0
GAS LISTING /tmp/ccjjQKSF.s 			page 10


 440 0220 67800000 		jr	ra
 441              		.cfi_endproc
 442              	.LFE21:
 444              		.align	2
 445              		.globl	_ZN9Semaphore6signalEv
 447              	_ZN9Semaphore6signalEv:
 448              	.LFB22:
  37:src/syscall_cpp.cpp **** 
  38:src/syscall_cpp.cpp **** int Semaphore::signal() {
 449              		.loc 2 38 25 is_stmt 1
 450              		.cfi_startproc
 451              	.LVL28:
 452 0224 130101FF 		addi	sp,sp,-16
 453              		.cfi_def_cfa_offset 16
 454 0228 23341100 		sd	ra,8(sp)
 455 022c 23308100 		sd	s0,0(sp)
 456              		.cfi_offset 1, -8
 457              		.cfi_offset 8, -16
 458 0230 13040101 		addi	s0,sp,16
 459              		.cfi_def_cfa 8, 0
  39:src/syscall_cpp.cpp ****     return sem_signal(myHandle);
 460              		.loc 2 39 5
 461              		.loc 2 39 22 is_stmt 0
 462 0234 03358500 		ld	a0,8(a0)
 463              	.LVL29:
 464 0238 97000000 		call	_Z10sem_signalP10KSemaphore@plt
 464      E7800000 
 465              	.LVL30:
  40:src/syscall_cpp.cpp **** }
 466              		.loc 2 40 1
 467 0240 83308100 		ld	ra,8(sp)
 468              		.cfi_restore 1
 469 0244 03340100 		ld	s0,0(sp)
 470              		.cfi_restore 8
 471              		.cfi_def_cfa 2, 16
 472 0248 13010101 		addi	sp,sp,16
 473              		.cfi_def_cfa_offset 0
 474 024c 67800000 		jr	ra
 475              		.cfi_endproc
 476              	.LFE22:
 478              		.align	2
 479              		.globl	_ZN7Console4getcEv
 481              	_ZN7Console4getcEv:
 482              	.LFB23:
  41:src/syscall_cpp.cpp **** 
  42:src/syscall_cpp.cpp **** char Console::getc() {
 483              		.loc 2 42 22 is_stmt 1
 484              		.cfi_startproc
 485 0250 130101FF 		addi	sp,sp,-16
 486              		.cfi_def_cfa_offset 16
 487 0254 23341100 		sd	ra,8(sp)
 488 0258 23308100 		sd	s0,0(sp)
 489              		.cfi_offset 1, -8
 490              		.cfi_offset 8, -16
 491 025c 13040101 		addi	s0,sp,16
 492              		.cfi_def_cfa 8, 0
  43:src/syscall_cpp.cpp ****     return ::getc();
GAS LISTING /tmp/ccjjQKSF.s 			page 11


 493              		.loc 2 43 5
 494              		.loc 2 43 18 is_stmt 0
 495 0260 97000000 		call	_Z4getcv@plt
 495      E7800000 
 496              	.LVL31:
  44:src/syscall_cpp.cpp **** }
 497              		.loc 2 44 1
 498 0268 83308100 		ld	ra,8(sp)
 499              		.cfi_restore 1
 500 026c 03340100 		ld	s0,0(sp)
 501              		.cfi_restore 8
 502              		.cfi_def_cfa 2, 16
 503 0270 13010101 		addi	sp,sp,16
 504              		.cfi_def_cfa_offset 0
 505 0274 67800000 		jr	ra
 506              		.cfi_endproc
 507              	.LFE23:
 509              		.align	2
 510              		.globl	_ZN7Console4putcEc
 512              	_ZN7Console4putcEc:
 513              	.LFB24:
  45:src/syscall_cpp.cpp **** 
  46:src/syscall_cpp.cpp **** void Console::putc(char c) {
 514              		.loc 2 46 28 is_stmt 1
 515              		.cfi_startproc
 516              	.LVL32:
 517 0278 130101FF 		addi	sp,sp,-16
 518              		.cfi_def_cfa_offset 16
 519 027c 23341100 		sd	ra,8(sp)
 520 0280 23308100 		sd	s0,0(sp)
 521              		.cfi_offset 1, -8
 522              		.cfi_offset 8, -16
 523 0284 13040101 		addi	s0,sp,16
 524              		.cfi_def_cfa 8, 0
  47:src/syscall_cpp.cpp ****     ::putc(c);
 525              		.loc 2 47 5
 526              		.loc 2 47 11 is_stmt 0
 527 0288 97000000 		call	_Z4putcc@plt
 527      E7800000 
 528              	.LVL33:
  48:src/syscall_cpp.cpp **** }
 529              		.loc 2 48 1
 530 0290 83308100 		ld	ra,8(sp)
 531              		.cfi_restore 1
 532 0294 03340100 		ld	s0,0(sp)
 533              		.cfi_restore 8
 534              		.cfi_def_cfa 2, 16
 535 0298 13010101 		addi	sp,sp,16
 536              		.cfi_def_cfa_offset 0
 537 029c 67800000 		jr	ra
 538              		.cfi_endproc
 539              	.LFE24:
 541              		.align	2
 542              		.globl	_ZN6Thread5sleepEm
 544              	_ZN6Thread5sleepEm:
 545              	.LFB25:
  49:src/syscall_cpp.cpp **** 
GAS LISTING /tmp/ccjjQKSF.s 			page 12


  50:src/syscall_cpp.cpp **** 
  51:src/syscall_cpp.cpp **** int Thread::sleep(uint64 t) {
 546              		.loc 2 51 29 is_stmt 1
 547              		.cfi_startproc
 548              	.LVL34:
 549 02a0 130101FF 		addi	sp,sp,-16
 550              		.cfi_def_cfa_offset 16
 551 02a4 23348100 		sd	s0,8(sp)
 552              		.cfi_offset 8, -8
 553 02a8 13040101 		addi	s0,sp,16
 554              		.cfi_def_cfa 8, 0
  52:src/syscall_cpp.cpp ****     return 0;
 555              		.loc 2 52 5
  53:src/syscall_cpp.cpp **** }...
 556              		.loc 2 53 1 is_stmt 0
 557 02ac 13050000 		li	a0,0
 558              	.LVL35:
 559 02b0 03348100 		ld	s0,8(sp)
 560              		.cfi_restore 8
 561              		.cfi_def_cfa 2, 16
 562 02b4 13010101 		addi	sp,sp,16
 563              		.cfi_def_cfa_offset 0
 564 02b8 67800000 		jr	ra
 565              		.cfi_endproc
 566              	.LFE25:
 568              		.weak	_ZTV6Thread
 569              		.section	.data.rel.ro.local._ZTV6Thread,"awG",@progbits,_ZTV6Thread,comdat
 570              		.align	3
 573              	_ZTV6Thread:
 574 0000 00000000 		.dword	0
 574      00000000 
 575 0008 00000000 		.dword	0
 575      00000000 
 576 0010 00000000 		.dword	_ZN6ThreadD1Ev
 576      00000000 
 577 0018 00000000 		.dword	_ZN6ThreadD0Ev
 577      00000000 
 578 0020 00000000 		.dword	_ZN6Thread3runEv
 578      00000000 
 579              		.weak	_ZTV9Semaphore
 580              		.section	.data.rel.ro.local._ZTV9Semaphore,"awG",@progbits,_ZTV9Semaphore,comdat
 581              		.align	3
 584              	_ZTV9Semaphore:
 585 0000 00000000 		.dword	0
 585      00000000 
 586 0008 00000000 		.dword	0
 586      00000000 
 587 0010 00000000 		.dword	_ZN9SemaphoreD1Ev
 587      00000000 
 588 0018 00000000 		.dword	_ZN9SemaphoreD0Ev
 588      00000000 
 589              		.text
 590              	.Letext0:
 591              		.file 3 "src/../h/../lib/hw.h"
 592              		.file 4 "src/../h/syscall_c.hpp"
 2739              		.align	3
 2742              	DW.ref.__gxx_personality_v0:
GAS LISTING /tmp/ccjjQKSF.s 			page 13


 2743 0000 00000000 		.dword	__gxx_personality_v0
 2743      00000000 
 2744              		.ident	"GCC: (Ubuntu 9.4.0-1ubuntu1~20.04) 9.4.0"
 2745              		.section	.note.GNU-stack,"",@progbits
GAS LISTING /tmp/ccjjQKSF.s 			page 14


DEFINED SYMBOLS
                            *ABS*:0000000000000000 syscall_cpp.cpp
     /tmp/ccjjQKSF.s:10     .text._ZN6Thread3runEv:0000000000000000 _ZN6Thread3runEv
     /tmp/ccjjQKSF.s:14     .text._ZN6Thread3runEv:0000000000000000 .L0 
     /tmp/ccjjQKSF.s:16     .text._ZN6Thread3runEv:0000000000000000 .L0 
     /tmp/ccjjQKSF.s:17     .text._ZN6Thread3runEv:0000000000000004 .L0 
     /tmp/ccjjQKSF.s:19     .text._ZN6Thread3runEv:0000000000000008 .L0 
     /tmp/ccjjQKSF.s:21     .text._ZN6Thread3runEv:000000000000000c .L0 
     /tmp/ccjjQKSF.s:23     .text._ZN6Thread3runEv:000000000000000c .L0 
     /tmp/ccjjQKSF.s:24     .text._ZN6Thread3runEv:0000000000000010 .L0 
     /tmp/ccjjQKSF.s:25     .text._ZN6Thread3runEv:0000000000000010 .L0 
     /tmp/ccjjQKSF.s:27     .text._ZN6Thread3runEv:0000000000000014 .L0 
     /tmp/ccjjQKSF.s:29     .text._ZN6Thread3runEv:0000000000000018 .L0 
     /tmp/ccjjQKSF.s:36     .text:0000000000000000 _ZN6ThreadD2Ev
     /tmp/ccjjQKSF.s:40     .text:0000000000000000 .L0 
     /tmp/ccjjQKSF.s:42     .text:0000000000000000 .L0 
     /tmp/ccjjQKSF.s:43     .text:0000000000000004 .L0 
     /tmp/ccjjQKSF.s:45     .text:0000000000000008 .L0 
     /tmp/ccjjQKSF.s:47     .text:000000000000000c .L0 
     /tmp/ccjjQKSF.s:49     .text:000000000000000c .L0 
     /tmp/ccjjQKSF.s:50     .text:0000000000000010 .L0 
     /tmp/ccjjQKSF.s:51     .text:0000000000000010 .L0 
     /tmp/ccjjQKSF.s:53     .text:0000000000000014 .L0 
     /tmp/ccjjQKSF.s:55     .text:0000000000000018 .L0 
     /tmp/ccjjQKSF.s:36     .text:0000000000000000 _ZN6ThreadD1Ev
     /tmp/ccjjQKSF.s:63     .text:0000000000000018 _ZN6Thread10runWrapperEPv
     /tmp/ccjjQKSF.s:66     .text:0000000000000018 .L0 
     /tmp/ccjjQKSF.s:68     .text:0000000000000018 .L0 
     /tmp/ccjjQKSF.s:69     .text:000000000000001c .L0 
     /tmp/ccjjQKSF.s:72     .text:0000000000000024 .L0 
     /tmp/ccjjQKSF.s:73     .text:0000000000000024 .L0 
     /tmp/ccjjQKSF.s:75     .text:0000000000000028 .L0 
     /tmp/ccjjQKSF.s:77     .text:0000000000000028 .L0 
     /tmp/ccjjQKSF.s:78     .text:0000000000000028 .L0 
     /tmp/ccjjQKSF.s:81     .text:0000000000000030 .L0 
     /tmp/ccjjQKSF.s:84     .text:0000000000000034 .L0 
     /tmp/ccjjQKSF.s:85     .text:0000000000000038 .L0 
     /tmp/ccjjQKSF.s:87     .text:000000000000003c .L0 
     /tmp/ccjjQKSF.s:88     .text:000000000000003c .L0 
     /tmp/ccjjQKSF.s:90     .text:0000000000000040 .L0 
     /tmp/ccjjQKSF.s:92     .text:0000000000000044 .L0 
     /tmp/ccjjQKSF.s:98     .text:0000000000000044 _ZN6ThreadD0Ev
     /tmp/ccjjQKSF.s:101    .text:0000000000000044 .L0 
     /tmp/ccjjQKSF.s:103    .text:0000000000000044 .L0 
     /tmp/ccjjQKSF.s:104    .text:0000000000000048 .L0 
     /tmp/ccjjQKSF.s:107    .text:0000000000000050 .L0 
     /tmp/ccjjQKSF.s:108    .text:0000000000000050 .L0 
     /tmp/ccjjQKSF.s:110    .text:0000000000000054 .L0 
     /tmp/ccjjQKSF.s:112    .text:0000000000000054 .L0 
     /tmp/ccjjQKSF.s:115    .text:0000000000000060 .L0 
     /tmp/ccjjQKSF.s:117    .text:0000000000000064 .L0 
     /tmp/ccjjQKSF.s:118    .text:0000000000000064 .L0 
     /tmp/ccjjQKSF.s:120    .text:0000000000000068 .L0 
     /tmp/ccjjQKSF.s:122    .text:000000000000006c .L0 
     /tmp/ccjjQKSF.s:128    .text:000000000000006c _ZN9SemaphoreD2Ev
     /tmp/ccjjQKSF.s:131    .text:000000000000006c .L0 
     /tmp/ccjjQKSF.s:2742   .data.rel.local.DW.ref.__gxx_personality_v0:0000000000000000 DW.ref.__gxx_personality_v0
GAS LISTING /tmp/ccjjQKSF.s 			page 15


     /tmp/ccjjQKSF.s:135    .text:000000000000006c .L0 
     /tmp/ccjjQKSF.s:136    .text:0000000000000070 .L0 
     /tmp/ccjjQKSF.s:139    .text:0000000000000078 .L0 
     /tmp/ccjjQKSF.s:140    .text:0000000000000078 .L0 
     /tmp/ccjjQKSF.s:142    .text:000000000000007c .L0 
     /tmp/ccjjQKSF.s:584    .data.rel.ro.local._ZTV9Semaphore:0000000000000000 _ZTV9Semaphore
     /tmp/ccjjQKSF.s:145    .text:000000000000007c .L0 
     /tmp/ccjjQKSF.s:148    .text:0000000000000088 .L0 
     /tmp/ccjjQKSF.s:149    .text:0000000000000088 .L0 
     /tmp/ccjjQKSF.s:155    .text:0000000000000094 .L0 
     /tmp/ccjjQKSF.s:156    .text:0000000000000098 .L0 
     /tmp/ccjjQKSF.s:158    .text:000000000000009c .L0 
     /tmp/ccjjQKSF.s:159    .text:000000000000009c .L0 
     /tmp/ccjjQKSF.s:161    .text:00000000000000a0 .L0 
     /tmp/ccjjQKSF.s:163    .text:00000000000000a4 .L0 
     /tmp/ccjjQKSF.s:128    .text:000000000000006c _ZN9SemaphoreD1Ev
     /tmp/ccjjQKSF.s:179    .text:00000000000000a4 _ZN9SemaphoreD0Ev
     /tmp/ccjjQKSF.s:182    .text:00000000000000a4 .L0 
     /tmp/ccjjQKSF.s:184    .text:00000000000000a4 .L0 
     /tmp/ccjjQKSF.s:185    .text:00000000000000a8 .L0 
     /tmp/ccjjQKSF.s:189    .text:00000000000000b4 .L0 
     /tmp/ccjjQKSF.s:190    .text:00000000000000b4 .L0 
     /tmp/ccjjQKSF.s:191    .text:00000000000000b4 .L0 
     /tmp/ccjjQKSF.s:193    .text:00000000000000b8 .L0 
     /tmp/ccjjQKSF.s:196    .text:00000000000000bc .L0 
     /tmp/ccjjQKSF.s:202    .text:00000000000000d4 .L0 
     /tmp/ccjjQKSF.s:204    .text:00000000000000d8 .L0 
     /tmp/ccjjQKSF.s:205    .text:00000000000000d8 .L0 
     /tmp/ccjjQKSF.s:207    .text:00000000000000dc .L0 
     /tmp/ccjjQKSF.s:210    .text:00000000000000e0 .L0 
     /tmp/ccjjQKSF.s:212    .text:00000000000000e4 .L0 
     /tmp/ccjjQKSF.s:218    .text:00000000000000e4 _ZN6ThreadC2EPFvPvES0_
     /tmp/ccjjQKSF.s:221    .text:00000000000000e4 .L0 
     /tmp/ccjjQKSF.s:223    .text:00000000000000e4 .L0 
     /tmp/ccjjQKSF.s:224    .text:00000000000000e8 .L0 
     /tmp/ccjjQKSF.s:226    .text:00000000000000ec .L0 
     /tmp/ccjjQKSF.s:228    .text:00000000000000f0 .L0 
     /tmp/ccjjQKSF.s:573    .data.rel.ro.local._ZTV6Thread:0000000000000000 _ZTV6Thread
     /tmp/ccjjQKSF.s:231    .text:00000000000000f0 .L0 
     /tmp/ccjjQKSF.s:238    .text:0000000000000108 .L0 
     /tmp/ccjjQKSF.s:239    .text:000000000000010c .L0 
     /tmp/ccjjQKSF.s:240    .text:000000000000010c .L0 
     /tmp/ccjjQKSF.s:242    .text:0000000000000110 .L0 
     /tmp/ccjjQKSF.s:244    .text:0000000000000114 .L0 
     /tmp/ccjjQKSF.s:218    .text:00000000000000e4 _ZN6ThreadC1EPFvPvES0_
     /tmp/ccjjQKSF.s:252    .text:0000000000000114 _ZN6ThreadC2Ev
     /tmp/ccjjQKSF.s:255    .text:0000000000000114 .L0 
     /tmp/ccjjQKSF.s:257    .text:0000000000000114 .L0 
     /tmp/ccjjQKSF.s:258    .text:0000000000000118 .L0 
     /tmp/ccjjQKSF.s:260    .text:000000000000011c .L0 
     /tmp/ccjjQKSF.s:262    .text:0000000000000120 .L0 
     /tmp/ccjjQKSF.s:265    .text:0000000000000120 .L0 
     /tmp/ccjjQKSF.s:272    .text:0000000000000138 .L0 
     /tmp/ccjjQKSF.s:273    .text:000000000000013c .L0 
     /tmp/ccjjQKSF.s:274    .text:000000000000013c .L0 
     /tmp/ccjjQKSF.s:276    .text:0000000000000140 .L0 
     /tmp/ccjjQKSF.s:278    .text:0000000000000144 .L0 
GAS LISTING /tmp/ccjjQKSF.s 			page 16


     /tmp/ccjjQKSF.s:252    .text:0000000000000114 _ZN6ThreadC1Ev
     /tmp/ccjjQKSF.s:286    .text:0000000000000144 _ZN6Thread5startEv
     /tmp/ccjjQKSF.s:289    .text:0000000000000144 .L0 
     /tmp/ccjjQKSF.s:291    .text:0000000000000144 .L0 
     /tmp/ccjjQKSF.s:292    .text:0000000000000148 .L0 
     /tmp/ccjjQKSF.s:295    .text:0000000000000150 .L0 
     /tmp/ccjjQKSF.s:296    .text:0000000000000150 .L0 
     /tmp/ccjjQKSF.s:298    .text:0000000000000154 .L0 
     /tmp/ccjjQKSF.s:300    .text:0000000000000154 .L0 
     /tmp/ccjjQKSF.s:301    .text:0000000000000154 .L0 
     /tmp/ccjjQKSF.s:303    .text:0000000000000158 .L0 
     /tmp/ccjjQKSF.s:305    .text:000000000000015c .L0 
     /tmp/ccjjQKSF.s:306    .text:000000000000015c .L0 
     /tmp/ccjjQKSF.s:313    .text:000000000000016c .L0 
     /tmp/ccjjQKSF.s:314    .text:0000000000000170 .L0 
     /tmp/ccjjQKSF.s:315    .text:0000000000000170 .L0 
     /tmp/ccjjQKSF.s:317    .text:0000000000000174 .L0 
     /tmp/ccjjQKSF.s:318    .text:0000000000000174 .L0 
     /tmp/ccjjQKSF.s:320    .text:0000000000000178 .L0 
     /tmp/ccjjQKSF.s:324    .text:000000000000017c .L0 
     /tmp/ccjjQKSF.s:326    .text:000000000000017c .L0 
     /tmp/ccjjQKSF.s:327    .text:000000000000017c .L0 
     /tmp/ccjjQKSF.s:334    .text:0000000000000194 .L0 
     /tmp/ccjjQKSF.s:335    .text:0000000000000198 .L0 
     /tmp/ccjjQKSF.s:341    .text:0000000000000198 _ZN6Thread8dispatchEv
     /tmp/ccjjQKSF.s:344    .text:0000000000000198 .L0 
     /tmp/ccjjQKSF.s:345    .text:0000000000000198 .L0 
     /tmp/ccjjQKSF.s:346    .text:000000000000019c .L0 
     /tmp/ccjjQKSF.s:349    .text:00000000000001a4 .L0 
     /tmp/ccjjQKSF.s:350    .text:00000000000001a4 .L0 
     /tmp/ccjjQKSF.s:352    .text:00000000000001a8 .L0 
     /tmp/ccjjQKSF.s:354    .text:00000000000001a8 .L0 
     /tmp/ccjjQKSF.s:355    .text:00000000000001a8 .L0 
     /tmp/ccjjQKSF.s:358    .text:00000000000001b0 .L0 
     /tmp/ccjjQKSF.s:359    .text:00000000000001b4 .L0 
     /tmp/ccjjQKSF.s:361    .text:00000000000001b8 .L0 
     /tmp/ccjjQKSF.s:362    .text:00000000000001b8 .L0 
     /tmp/ccjjQKSF.s:364    .text:00000000000001bc .L0 
     /tmp/ccjjQKSF.s:366    .text:00000000000001c0 .L0 
     /tmp/ccjjQKSF.s:372    .text:00000000000001c0 _ZN9SemaphoreC2Ej
     /tmp/ccjjQKSF.s:375    .text:00000000000001c0 .L0 
     /tmp/ccjjQKSF.s:377    .text:00000000000001c0 .L0 
     /tmp/ccjjQKSF.s:378    .text:00000000000001c4 .L0 
     /tmp/ccjjQKSF.s:381    .text:00000000000001cc .L0 
     /tmp/ccjjQKSF.s:382    .text:00000000000001cc .L0 
     /tmp/ccjjQKSF.s:384    .text:00000000000001d0 .L0 
     /tmp/ccjjQKSF.s:387    .text:00000000000001d0 .L0 
     /tmp/ccjjQKSF.s:390    .text:00000000000001dc .L0 
     /tmp/ccjjQKSF.s:391    .text:00000000000001dc .L0 
     /tmp/ccjjQKSF.s:397    .text:00000000000001e8 .L0 
     /tmp/ccjjQKSF.s:398    .text:00000000000001ec .L0 
     /tmp/ccjjQKSF.s:400    .text:00000000000001f0 .L0 
     /tmp/ccjjQKSF.s:401    .text:00000000000001f0 .L0 
     /tmp/ccjjQKSF.s:403    .text:00000000000001f4 .L0 
     /tmp/ccjjQKSF.s:405    .text:00000000000001f8 .L0 
     /tmp/ccjjQKSF.s:372    .text:00000000000001c0 _ZN9SemaphoreC1Ej
     /tmp/ccjjQKSF.s:413    .text:00000000000001f8 _ZN9Semaphore4waitEv
GAS LISTING /tmp/ccjjQKSF.s 			page 17


     /tmp/ccjjQKSF.s:416    .text:00000000000001f8 .L0 
     /tmp/ccjjQKSF.s:418    .text:00000000000001f8 .L0 
     /tmp/ccjjQKSF.s:419    .text:00000000000001fc .L0 
     /tmp/ccjjQKSF.s:422    .text:0000000000000204 .L0 
     /tmp/ccjjQKSF.s:423    .text:0000000000000204 .L0 
     /tmp/ccjjQKSF.s:425    .text:0000000000000208 .L0 
     /tmp/ccjjQKSF.s:427    .text:0000000000000208 .L0 
     /tmp/ccjjQKSF.s:428    .text:0000000000000208 .L0 
     /tmp/ccjjQKSF.s:433    .text:0000000000000214 .L0 
     /tmp/ccjjQKSF.s:434    .text:0000000000000218 .L0 
     /tmp/ccjjQKSF.s:436    .text:000000000000021c .L0 
     /tmp/ccjjQKSF.s:437    .text:000000000000021c .L0 
     /tmp/ccjjQKSF.s:439    .text:0000000000000220 .L0 
     /tmp/ccjjQKSF.s:441    .text:0000000000000224 .L0 
     /tmp/ccjjQKSF.s:447    .text:0000000000000224 _ZN9Semaphore6signalEv
     /tmp/ccjjQKSF.s:450    .text:0000000000000224 .L0 
     /tmp/ccjjQKSF.s:452    .text:0000000000000224 .L0 
     /tmp/ccjjQKSF.s:453    .text:0000000000000228 .L0 
     /tmp/ccjjQKSF.s:456    .text:0000000000000230 .L0 
     /tmp/ccjjQKSF.s:457    .text:0000000000000230 .L0 
     /tmp/ccjjQKSF.s:459    .text:0000000000000234 .L0 
     /tmp/ccjjQKSF.s:461    .text:0000000000000234 .L0 
     /tmp/ccjjQKSF.s:462    .text:0000000000000234 .L0 
     /tmp/ccjjQKSF.s:467    .text:0000000000000240 .L0 
     /tmp/ccjjQKSF.s:468    .text:0000000000000244 .L0 
     /tmp/ccjjQKSF.s:470    .text:0000000000000248 .L0 
     /tmp/ccjjQKSF.s:471    .text:0000000000000248 .L0 
     /tmp/ccjjQKSF.s:473    .text:000000000000024c .L0 
     /tmp/ccjjQKSF.s:475    .text:0000000000000250 .L0 
     /tmp/ccjjQKSF.s:481    .text:0000000000000250 _ZN7Console4getcEv
     /tmp/ccjjQKSF.s:484    .text:0000000000000250 .L0 
     /tmp/ccjjQKSF.s:485    .text:0000000000000250 .L0 
     /tmp/ccjjQKSF.s:486    .text:0000000000000254 .L0 
     /tmp/ccjjQKSF.s:489    .text:000000000000025c .L0 
     /tmp/ccjjQKSF.s:490    .text:000000000000025c .L0 
     /tmp/ccjjQKSF.s:492    .text:0000000000000260 .L0 
     /tmp/ccjjQKSF.s:494    .text:0000000000000260 .L0 
     /tmp/ccjjQKSF.s:495    .text:0000000000000260 .L0 
     /tmp/ccjjQKSF.s:498    .text:0000000000000268 .L0 
     /tmp/ccjjQKSF.s:499    .text:000000000000026c .L0 
     /tmp/ccjjQKSF.s:501    .text:0000000000000270 .L0 
     /tmp/ccjjQKSF.s:502    .text:0000000000000270 .L0 
     /tmp/ccjjQKSF.s:504    .text:0000000000000274 .L0 
     /tmp/ccjjQKSF.s:506    .text:0000000000000278 .L0 
     /tmp/ccjjQKSF.s:512    .text:0000000000000278 _ZN7Console4putcEc
     /tmp/ccjjQKSF.s:515    .text:0000000000000278 .L0 
     /tmp/ccjjQKSF.s:517    .text:0000000000000278 .L0 
     /tmp/ccjjQKSF.s:518    .text:000000000000027c .L0 
     /tmp/ccjjQKSF.s:521    .text:0000000000000284 .L0 
     /tmp/ccjjQKSF.s:522    .text:0000000000000284 .L0 
     /tmp/ccjjQKSF.s:524    .text:0000000000000288 .L0 
     /tmp/ccjjQKSF.s:526    .text:0000000000000288 .L0 
     /tmp/ccjjQKSF.s:527    .text:0000000000000288 .L0 
     /tmp/ccjjQKSF.s:530    .text:0000000000000290 .L0 
     /tmp/ccjjQKSF.s:531    .text:0000000000000294 .L0 
     /tmp/ccjjQKSF.s:533    .text:0000000000000298 .L0 
     /tmp/ccjjQKSF.s:534    .text:0000000000000298 .L0 
GAS LISTING /tmp/ccjjQKSF.s 			page 18


     /tmp/ccjjQKSF.s:536    .text:000000000000029c .L0 
     /tmp/ccjjQKSF.s:538    .text:00000000000002a0 .L0 
     /tmp/ccjjQKSF.s:544    .text:00000000000002a0 _ZN6Thread5sleepEm
     /tmp/ccjjQKSF.s:547    .text:00000000000002a0 .L0 
     /tmp/ccjjQKSF.s:549    .text:00000000000002a0 .L0 
     /tmp/ccjjQKSF.s:550    .text:00000000000002a4 .L0 
     /tmp/ccjjQKSF.s:552    .text:00000000000002a8 .L0 
     /tmp/ccjjQKSF.s:554    .text:00000000000002ac .L0 
     /tmp/ccjjQKSF.s:556    .text:00000000000002ac .L0 
     /tmp/ccjjQKSF.s:557    .text:00000000000002ac .L0 
     /tmp/ccjjQKSF.s:560    .text:00000000000002b4 .L0 
     /tmp/ccjjQKSF.s:561    .text:00000000000002b4 .L0 
     /tmp/ccjjQKSF.s:563    .text:00000000000002b8 .L0 
     /tmp/ccjjQKSF.s:565    .text:00000000000002bc .L0 
     /tmp/ccjjQKSF.s:32     .text._ZN6Thread3runEv:0000000000000018 .L0 
     /tmp/ccjjQKSF.s:593    .text:00000000000002bc .L0 
     /tmp/ccjjQKSF.s:145    .text:000000000000007c .L0 
     /tmp/ccjjQKSF.s:231    .text:00000000000000f0 .L0 
     /tmp/ccjjQKSF.s:265    .text:0000000000000120 .L0 
     /tmp/ccjjQKSF.s:328    .text:0000000000000180 .L0 
     /tmp/ccjjQKSF.s:387    .text:00000000000001d0 .L0 
     /tmp/ccjjQKSF.s:323    .text:000000000000017c .L18
     /tmp/ccjjQKSF.s:311    .text:000000000000016c .L19
     /tmp/ccjjQKSF.s:1517   .debug_abbrev:0000000000000000 .Ldebug_abbrev0
     /tmp/ccjjQKSF.s:2650   .debug_str:0000000000000228 .LASF70
     /tmp/ccjjQKSF.s:2572   .debug_str:0000000000000016 .LASF71
     /tmp/ccjjQKSF.s:2656   .debug_str:000000000000030c .LASF72
     /tmp/ccjjQKSF.s:2558   .debug_ranges:0000000000000000 .Ldebug_ranges0
     /tmp/ccjjQKSF.s:2566   .debug_line:0000000000000000 .Ldebug_line0
     /tmp/ccjjQKSF.s:2664   .debug_str:000000000000034f .LASF0
     /tmp/ccjjQKSF.s:2632   .debug_str:00000000000001ad .LASF1
     /tmp/ccjjQKSF.s:2618   .debug_str:000000000000014a .LASF2
     /tmp/ccjjQKSF.s:2586   .debug_str:0000000000000060 .LASF4
     /tmp/ccjjQKSF.s:2628   .debug_str:0000000000000185 .LASF3
     /tmp/ccjjQKSF.s:2574   .debug_str:000000000000002a .LASF5
     /tmp/ccjjQKSF.s:2726   .debug_str:000000000000053c .LASF6
     /tmp/ccjjQKSF.s:2608   .debug_str:0000000000000102 .LASF7
     /tmp/ccjjQKSF.s:2676   .debug_str:00000000000003a2 .LASF8
     /tmp/ccjjQKSF.s:2582   .debug_str:0000000000000049 .LASF9
     /tmp/ccjjQKSF.s:2734   .debug_str:0000000000000580 .LASF10
     /tmp/ccjjQKSF.s:2614   .debug_str:0000000000000134 .LASF11
     /tmp/ccjjQKSF.s:2716   .debug_str:00000000000004f2 .LASF12
     /tmp/ccjjQKSF.s:2682   .debug_str:00000000000003d1 .LASF13
     /tmp/ccjjQKSF.s:2636   .debug_str:00000000000001c9 .LASF14
     /tmp/ccjjQKSF.s:2598   .debug_str:00000000000000b3 .LASF15
     /tmp/ccjjQKSF.s:2678   .debug_str:00000000000003b2 .LASF16
     /tmp/ccjjQKSF.s:2680   .debug_str:00000000000003c8 .LASF17
     /tmp/ccjjQKSF.s:2576   .debug_str:0000000000000031 .LASF18
     /tmp/ccjjQKSF.s:2602   .debug_str:00000000000000e0 .LASF19
     /tmp/ccjjQKSF.s:2684   .debug_str:00000000000003e1 .LASF73
     /tmp/ccjjQKSF.s:2620   .debug_str:0000000000000158 .LASF57
     /tmp/ccjjQKSF.s:2698   .debug_str:000000000000044a .LASF74
     /tmp/ccjjQKSF.s:2694   .debug_str:000000000000043c .LASF21
     /tmp/ccjjQKSF.s:2642   .debug_str:00000000000001f2 .LASF75
     /tmp/ccjjQKSF.s:2672   .debug_str:000000000000038b .LASF20
     /tmp/ccjjQKSF.s:2722   .debug_str:0000000000000520 .LASF22
     /tmp/ccjjQKSF.s:2592   .debug_str:000000000000007f .LASF28
GAS LISTING /tmp/ccjjQKSF.s 			page 19


     /tmp/ccjjQKSF.s:2612   .debug_str:0000000000000124 .LASF30
     /tmp/ccjjQKSF.s:2674   .debug_str:0000000000000390 .LASF32
     /tmp/ccjjQKSF.s:2578   .debug_str:0000000000000037 .LASF34
     /tmp/ccjjQKSF.s:2724   .debug_str:000000000000052a .LASF36
     /tmp/ccjjQKSF.s:2658   .debug_str:000000000000032a .LASF23
     /tmp/ccjjQKSF.s:2662   .debug_str:000000000000033a .LASF25
     /tmp/ccjjQKSF.s:2580   .debug_str:0000000000000042 .LASF24
     /tmp/ccjjQKSF.s:2652   .debug_str:00000000000002ec .LASF26
     /tmp/ccjjQKSF.s:2696   .debug_str:0000000000000441 .LASF43
     /tmp/ccjjQKSF.s:2666   .debug_str:000000000000035c .LASF76
     /tmp/ccjjQKSF.s:2616   .debug_str:0000000000000143 .LASF27
     /tmp/ccjjQKSF.s:2712   .debug_str:00000000000004ce .LASF29
     /tmp/ccjjQKSF.s:2568   .debug_str:0000000000000000 .LASF31
     /tmp/ccjjQKSF.s:2600   .debug_str:00000000000000c9 .LASF33
     /tmp/ccjjQKSF.s:2638   .debug_str:00000000000001d5 .LASF35
     /tmp/ccjjQKSF.s:2610   .debug_str:0000000000000115 .LASF37
     /tmp/ccjjQKSF.s:2604   .debug_str:00000000000000eb .LASF38
     /tmp/ccjjQKSF.s:2590   .debug_str:000000000000006c .LASF39
     /tmp/ccjjQKSF.s:2570   .debug_str:000000000000000d .LASF77
     /tmp/ccjjQKSF.s:2630   .debug_str:0000000000000197 .LASF78
     /tmp/ccjjQKSF.s:2730   .debug_str:0000000000000568 .LASF40
     /tmp/ccjjQKSF.s:2646   .debug_str:000000000000020a .LASF41
     /tmp/ccjjQKSF.s:2624   .debug_str:000000000000016c .LASF42
     /tmp/ccjjQKSF.s:2606   .debug_str:00000000000000f1 .LASF79
     /tmp/ccjjQKSF.s:2644   .debug_str:0000000000000205 .LASF44
     /tmp/ccjjQKSF.s:2660   .debug_str:000000000000032f .LASF80
     /tmp/ccjjQKSF.s:2692   .debug_str:0000000000000422 .LASF81
     /tmp/ccjjQKSF.s:545    .text:00000000000002a0 .LFB25
     /tmp/ccjjQKSF.s:566    .text:00000000000002bc .LFE25
     /tmp/ccjjQKSF.s:2358   .debug_loc:0000000000000000 .LLST10
     /tmp/ccjjQKSF.s:513    .text:0000000000000278 .LFB24
     /tmp/ccjjQKSF.s:539    .text:00000000000002a0 .LFE24
     /tmp/ccjjQKSF.s:2372   .debug_loc:0000000000000039 .LLST9
     /tmp/ccjjQKSF.s:528    .text:0000000000000290 .LVL33
     /tmp/ccjjQKSF.s:482    .text:0000000000000250 .LFB23
     /tmp/ccjjQKSF.s:507    .text:0000000000000278 .LFE23
     /tmp/ccjjQKSF.s:496    .text:0000000000000268 .LVL31
     /tmp/ccjjQKSF.s:448    .text:0000000000000224 .LFB22
     /tmp/ccjjQKSF.s:476    .text:0000000000000250 .LFE22
     /tmp/ccjjQKSF.s:2588   .debug_str:0000000000000067 .LASF45
     /tmp/ccjjQKSF.s:2386   .debug_loc:0000000000000072 .LLST8
     /tmp/ccjjQKSF.s:465    .text:0000000000000240 .LVL30
     /tmp/ccjjQKSF.s:414    .text:00000000000001f8 .LFB21
     /tmp/ccjjQKSF.s:442    .text:0000000000000224 .LFE21
     /tmp/ccjjQKSF.s:2400   .debug_loc:00000000000000ab .LLST7
     /tmp/ccjjQKSF.s:431    .text:0000000000000214 .LVL27
     /tmp/ccjjQKSF.s:2704   .debug_str:0000000000000490 .LASF46
     /tmp/ccjjQKSF.s:2732   .debug_str:000000000000056e .LASF47
     /tmp/ccjjQKSF.s:180    .text:00000000000000a4 .LFB20
     /tmp/ccjjQKSF.s:213    .text:00000000000000e4 .LFE20
     /tmp/ccjjQKSF.s:2414   .debug_loc:00000000000000e4 .LLST3
     /tmp/ccjjQKSF.s:197    .text:00000000000000c4 .LVL10
     /tmp/ccjjQKSF.s:200    .text:00000000000000d0 .LVL11
     /tmp/ccjjQKSF.s:2714   .debug_str:00000000000004e0 .LASF48
     /tmp/ccjjQKSF.s:129    .text:000000000000006c .LFB18
     /tmp/ccjjQKSF.s:164    .text:00000000000000a4 .LFE18
     /tmp/ccjjQKSF.s:2432   .debug_loc:0000000000000130 .LLST2
GAS LISTING /tmp/ccjjQKSF.s 			page 20


     /tmp/ccjjQKSF.s:152    .text:0000000000000094 .LVL8
     /tmp/ccjjQKSF.s:2596   .debug_str:00000000000000ae .LASF53
     /tmp/ccjjQKSF.s:2702   .debug_str:000000000000047e .LASF49
     /tmp/ccjjQKSF.s:373    .text:00000000000001c0 .LFB15
     /tmp/ccjjQKSF.s:406    .text:00000000000001f8 .LFE15
     /tmp/ccjjQKSF.s:2446   .debug_loc:0000000000000169 .LLST5
     /tmp/ccjjQKSF.s:2466   .debug_loc:00000000000001b7 .LLST6
     /tmp/ccjjQKSF.s:394    .text:00000000000001e8 .LVL24
     /tmp/ccjjQKSF.s:342    .text:0000000000000198 .LFB13
     /tmp/ccjjQKSF.s:367    .text:00000000000001c0 .LFE13
     /tmp/ccjjQKSF.s:356    .text:00000000000001b0 .LVL21
     /tmp/ccjjQKSF.s:64     .text:0000000000000018 .LFB12
     /tmp/ccjjQKSF.s:93     .text:0000000000000044 .LFE12
     /tmp/ccjjQKSF.s:2480   .debug_loc:00000000000001f0 .LLST0
     /tmp/ccjjQKSF.s:82     .text:0000000000000034 .LVL3
     /tmp/ccjjQKSF.s:287    .text:0000000000000144 .LFB11
     /tmp/ccjjQKSF.s:336    .text:0000000000000198 .LFE11
     /tmp/ccjjQKSF.s:2494   .debug_loc:0000000000000229 .LLST4
     /tmp/ccjjQKSF.s:310    .text:000000000000016c .LVL17
     /tmp/ccjjQKSF.s:332    .text:0000000000000194 .LVL20
     /tmp/ccjjQKSF.s:2622   .debug_str:000000000000015d .LASF50
     /tmp/ccjjQKSF.s:99     .text:0000000000000044 .LFB10
     /tmp/ccjjQKSF.s:123    .text:000000000000006c .LFE10
     /tmp/ccjjQKSF.s:2529   .debug_loc:00000000000002b3 .LLST1
     /tmp/ccjjQKSF.s:113    .text:000000000000005c .LVL5
     /tmp/ccjjQKSF.s:2710   .debug_str:00000000000004bf .LASF51
     /tmp/ccjjQKSF.s:37     .text:0000000000000000 .LFB8
     /tmp/ccjjQKSF.s:56     .text:0000000000000018 .LFE8
     /tmp/ccjjQKSF.s:2668   .debug_str:000000000000036c .LASF52
     /tmp/ccjjQKSF.s:253    .text:0000000000000114 .LFB5
     /tmp/ccjjQKSF.s:279    .text:0000000000000144 .LFE5
     /tmp/ccjjQKSF.s:2720   .debug_str:0000000000000509 .LASF54
     /tmp/ccjjQKSF.s:219    .text:00000000000000e4 .LFB2
     /tmp/ccjjQKSF.s:245    .text:0000000000000114 .LFE2
     /tmp/ccjjQKSF.s:11     .text._ZN6Thread3runEv:0000000000000000 .LFB0
     /tmp/ccjjQKSF.s:30     .text._ZN6Thread3runEv:0000000000000018 .LFE0
     /tmp/ccjjQKSF.s:2634   .debug_str:00000000000001c0 .LASF55
     /tmp/ccjjQKSF.s:2584   .debug_str:0000000000000057 .LASF56
     /tmp/ccjjQKSF.s:2708   .debug_str:00000000000004a3 .LASF58
     /tmp/ccjjQKSF.s:2648   .debug_str:000000000000021d .LASF59
     /tmp/ccjjQKSF.s:2728   .debug_str:000000000000054f .LASF60
     /tmp/ccjjQKSF.s:2654   .debug_str:0000000000000303 .LASF61
     /tmp/ccjjQKSF.s:2718   .debug_str:0000000000000502 .LASF82
     /tmp/ccjjQKSF.s:2670   .debug_str:000000000000037b .LASF83
     /tmp/ccjjQKSF.s:2594   .debug_str:0000000000000094 .LASF62
     /tmp/ccjjQKSF.s:2626   .debug_str:000000000000017b .LASF63
     /tmp/ccjjQKSF.s:2690   .debug_str:0000000000000407 .LASF64
     /tmp/ccjjQKSF.s:2706   .debug_str:000000000000049a .LASF65
     /tmp/ccjjQKSF.s:2640   .debug_str:00000000000001dd .LASF66
     /tmp/ccjjQKSF.s:2686   .debug_str:00000000000003e9 .LASF67
     /tmp/ccjjQKSF.s:2700   .debug_str:000000000000045d .LASF68
     /tmp/ccjjQKSF.s:2688   .debug_str:00000000000003f9 .LASF69
     /tmp/ccjjQKSF.s:548    .text:00000000000002a0 .LVL34
     /tmp/ccjjQKSF.s:558    .text:00000000000002b0 .LVL35
     /tmp/ccjjQKSF.s:516    .text:0000000000000278 .LVL32
     /tmp/ccjjQKSF.s:451    .text:0000000000000224 .LVL28
     /tmp/ccjjQKSF.s:463    .text:0000000000000238 .LVL29
GAS LISTING /tmp/ccjjQKSF.s 			page 21


     /tmp/ccjjQKSF.s:417    .text:00000000000001f8 .LVL25
     /tmp/ccjjQKSF.s:429    .text:000000000000020c .LVL26
     /tmp/ccjjQKSF.s:183    .text:00000000000000a4 .LVL9
     /tmp/ccjjQKSF.s:208    .text:00000000000000dc .LVL12
     /tmp/ccjjQKSF.s:134    .text:000000000000006c .LVL6
     /tmp/ccjjQKSF.s:150    .text:000000000000008c .LVL7
     /tmp/ccjjQKSF.s:376    .text:00000000000001c0 .LVL22
     /tmp/ccjjQKSF.s:392    .text:00000000000001e0 .LVL23
     /tmp/ccjjQKSF.s:67     .text:0000000000000018 .LVL2
     /tmp/ccjjQKSF.s:290    .text:0000000000000144 .LVL15
     /tmp/ccjjQKSF.s:308    .text:0000000000000164 .LVL16
     /tmp/ccjjQKSF.s:322    .text:000000000000017c .LVL18
     /tmp/ccjjQKSF.s:330    .text:000000000000018c .LVL19
     /tmp/ccjjQKSF.s:102    .text:0000000000000044 .LVL4
     /tmp/ccjjQKSF.s:594    .debug_info:0000000000000000 .Ldebug_info0
     /tmp/ccjjQKSF.s:5      .text:0000000000000000 .Ltext0
     /tmp/ccjjQKSF.s:590    .text:00000000000002bc .Letext0
     /tmp/ccjjQKSF.s:167    .gcc_except_table:0000000000000000 .LLSDA18

UNDEFINED SYMBOLS
_ZdlPv
_Z9sem_closeP10KSemaphore
__gxx_personality_v0
_Z13thread_createPP3TCBPFvPvES2_
_Z15thread_dispatchv
_Z8sem_openPP10KSemaphorej
_Z8sem_waitP10KSemaphore
_Z10sem_signalP10KSemaphore
_Z4getcv
_Z4putcc
