GAS LISTING /tmp/ccq6cRcw.s 			page 1


   1              		.file	"tcb.cpp"
   2              		.option pic
   3              		.option norelax
   4              		.text
   5              	.Ltext0:
   6              		.align	2
   7              		.globl	_ZN3TCBC2EPFvPvES0_Pm
   9              	_ZN3TCBC2EPFvPvES0_Pm:
  10              	.LFB32:
  11              		.file 1 "src/tcb.cpp"
   1:src/tcb.cpp   **** //
   2:src/tcb.cpp   **** // Created by os on 6/22/26.
   3:src/tcb.cpp   **** //
   4:src/tcb.cpp   **** 
   5:src/tcb.cpp   **** #include "../h/tcb.hpp"
   6:src/tcb.cpp   **** #include "../h/riscv.hpp"
   7:src/tcb.cpp   **** #include "../h/scheduler.hpp"
   8:src/tcb.cpp   **** 
   9:src/tcb.cpp   **** TCB *TCB::running = nullptr;
  10:src/tcb.cpp   **** 
  11:src/tcb.cpp   **** void TCB::initialize() {
  12:src/tcb.cpp   ****     if (running == nullptr) {
  13:src/tcb.cpp   ****         running = createThread(nullptr, nullptr,nullptr);
  14:src/tcb.cpp   ****     }
  15:src/tcb.cpp   **** }
  16:src/tcb.cpp   **** 
  17:src/tcb.cpp   **** TCB::TCB(Body body, void *arg, uint64 *stackSpace)
  12              		.loc 1 17 1
  13              		.cfi_startproc
  14              	.LVL0:
  15              	.LBB2:
  18:src/tcb.cpp   ****     : body(body),
  19:src/tcb.cpp   ****     arg(arg),
  20:src/tcb.cpp   ****     stack(stackSpace),
  21:src/tcb.cpp   ****     context({ (uint64) &threadWrapper, (uint64) stackSpace }),
  22:src/tcb.cpp   ****     finished(false),
  23:src/tcb.cpp   ****     blocked(false){
  16              		.loc 1 23 18 is_stmt 0
  17 0000 2330B500 		sd	a1,0(a0)
  18 0004 2334C500 		sd	a2,8(a0)
  19 0008 2338D500 		sd	a3,16(a0)
  20 000c 97070000 		lla	a5,_ZN3TCB13threadWrapperEv
  20      93870700 
  21 0014 233CF500 		sd	a5,24(a0)
  22 0018 2330D502 		sd	a3,32(a0)
  23 001c 23040502 		sb	zero,40(a0)
  24 0020 A3040502 		sb	zero,41(a0)
  24:src/tcb.cpp   **** 
  25:src/tcb.cpp   ****     if (body != nullptr) { Scheduler::put(this); }
  25              		.loc 1 25 5 is_stmt 1
  26 0024 63860502 		beqz	a1,.L4
  27              	.LBE2:
  17:src/tcb.cpp   ****     : body(body),
  28              		.loc 1 17 1 is_stmt 0 discriminator 1
  29 0028 130101FF 		addi	sp,sp,-16
  30              		.cfi_def_cfa_offset 16
  31 002c 23341100 		sd	ra,8(sp)
GAS LISTING /tmp/ccq6cRcw.s 			page 2


  32 0030 23308100 		sd	s0,0(sp)
  33              		.cfi_offset 1, -8
  34              		.cfi_offset 8, -16
  35 0034 13040101 		addi	s0,sp,16
  36              		.cfi_def_cfa 8, 0
  37              	.LBB3:
  38              		.loc 1 25 28 is_stmt 1 discriminator 1
  39              		.loc 1 25 42 is_stmt 0 discriminator 1
  40 0038 97000000 		call	_ZN9Scheduler3putEP3TCB@plt
  40      E7800000 
  41              	.LVL1:
  42              	.LBE3:
  26:src/tcb.cpp   **** 
  27:src/tcb.cpp   **** }
  43              		.loc 1 27 1 discriminator 1
  44 0040 83308100 		ld	ra,8(sp)
  45              		.cfi_restore 1
  46 0044 03340100 		ld	s0,0(sp)
  47              		.cfi_restore 8
  48              		.cfi_def_cfa 2, 16
  49 0048 13010101 		addi	sp,sp,16
  50              		.cfi_def_cfa_offset 0
  51 004c 67800000 		jr	ra
  52              	.LVL2:
  53              	.L4:
  54 0050 67800000 		ret
  55              		.cfi_endproc
  56              	.LFE32:
  58              		.globl	_ZN3TCBC1EPFvPvES0_Pm
  59              		.set	_ZN3TCBC1EPFvPvES0_Pm,_ZN3TCBC2EPFvPvES0_Pm
  60              		.align	2
  61              		.globl	_ZN3TCB12createThreadEPFvPvES0_Pm
  63              	_ZN3TCB12createThreadEPFvPvES0_Pm:
  64              	.LFB34:
  28:src/tcb.cpp   **** 
  29:src/tcb.cpp   **** TCB* TCB::createThread(Body body, void *arg, uint64 *stackSpace) {
  65              		.loc 1 29 66 is_stmt 1
  66              		.cfi_startproc
  67              		.cfi_personality 0x9b,DW.ref.__gxx_personality_v0
  68              		.cfi_lsda 0x1b,.LLSDA34
  69              	.LVL3:
  70 0054 130101FD 		addi	sp,sp,-48
  71              		.cfi_def_cfa_offset 48
  72 0058 23341102 		sd	ra,40(sp)
  73 005c 23308102 		sd	s0,32(sp)
  74 0060 233C9100 		sd	s1,24(sp)
  75 0064 23382101 		sd	s2,16(sp)
  76 0068 23343101 		sd	s3,8(sp)
  77 006c 23304101 		sd	s4,0(sp)
  78              		.cfi_offset 1, -8
  79              		.cfi_offset 8, -16
  80              		.cfi_offset 9, -24
  81              		.cfi_offset 18, -32
  82              		.cfi_offset 19, -40
  83              		.cfi_offset 20, -48
  84 0070 13040103 		addi	s0,sp,48
  85              		.cfi_def_cfa 8, 0
GAS LISTING /tmp/ccq6cRcw.s 			page 3


  86 0074 13090500 		mv	s2,a0
  87 0078 93890500 		mv	s3,a1
  88 007c 130A0600 		mv	s4,a2
  30:src/tcb.cpp   ****     return new TCB(body, arg, stackSpace);
  89              		.loc 1 30 5
  90              		.loc 1 30 41 is_stmt 0
  91 0080 13050003 		li	a0,48
  92              	.LVL4:
  93              	.LEHB0:
  94 0084 97000000 		call	_Znwm@plt
  94      E7800000 
  95              	.LVL5:
  96              	.LEHE0:
  97 008c 93040500 		mv	s1,a0
  98 0090 93060A00 		mv	a3,s4
  99 0094 13860900 		mv	a2,s3
 100 0098 93050900 		mv	a1,s2
 101              	.LEHB1:
 102 009c 97000000 		call	_ZN3TCBC1EPFvPvES0_Pm
 102      E7800000 
 103              	.LVL6:
 104              	.LEHE1:
 105 00a4 6F000002 		j	.L12
 106              	.L9:
 107 00a8 13090500 		mv	s2,a0
 108              	.LVL7:
 109 00ac 13850400 		mv	a0,s1
 110 00b0 97000000 		call	_ZdlPv@plt
 110      E7800000 
 111              	.LVL8:
 112 00b8 13050900 		mv	a0,s2
 113              	.LEHB2:
 114 00bc 97000000 		call	_Unwind_Resume@plt
 114      E7800000 
 115              	.LVL9:
 116              	.LEHE2:
 117              	.L12:
  31:src/tcb.cpp   **** }
 118              		.loc 1 31 1
 119 00c4 13850400 		mv	a0,s1
 120 00c8 83308102 		ld	ra,40(sp)
 121              		.cfi_restore 1
 122 00cc 03340102 		ld	s0,32(sp)
 123              		.cfi_restore 8
 124              		.cfi_def_cfa 2, 48
 125 00d0 83348101 		ld	s1,24(sp)
 126              		.cfi_restore 9
 127 00d4 03390101 		ld	s2,16(sp)
 128              		.cfi_restore 18
 129              	.LVL10:
 130 00d8 83398100 		ld	s3,8(sp)
 131              		.cfi_restore 19
 132              	.LVL11:
 133 00dc 033A0100 		ld	s4,0(sp)
 134              		.cfi_restore 20
 135              	.LVL12:
 136 00e0 13010103 		addi	sp,sp,48
GAS LISTING /tmp/ccq6cRcw.s 			page 4


 137              		.cfi_def_cfa_offset 0
 138 00e4 67800000 		jr	ra
 139              		.cfi_endproc
 140              	.LFE34:
 141              		.globl	__gxx_personality_v0
 142              		.section	.gcc_except_table,"a",@progbits
 143              	.LLSDA34:
 144 0000 FF       		.byte	0xff
 145 0001 FF       		.byte	0xff
 146 0002 03       		.byte	0x3
 147 0003 27       		.byte	0x27
 148 0004 00000000 		.4byte	.LEHB0-.LFB34
 149 0008 00000000 		.4byte	.LEHE0-.LEHB0
 150 000c 00000000 		.4byte	0
 151 0010 00       		.byte	0
 152 0011 00000000 		.4byte	.LEHB1-.LFB34
 153 0015 00000000 		.4byte	.LEHE1-.LEHB1
 154 0019 00000000 		.4byte	.L9-.LFB34
 155 001d 00       		.byte	0
 156 001e 00000000 		.4byte	.LEHB2-.LFB34
 157 0022 00000000 		.4byte	.LEHE2-.LEHB2
 158 0026 00000000 		.4byte	0
 159 002a 00       		.byte	0
 160              		.text
 162              		.align	2
 163              		.globl	_ZN3TCB10initializeEv
 165              	_ZN3TCB10initializeEv:
 166              	.LFB30:
  11:src/tcb.cpp   ****     if (running == nullptr) {
 167              		.loc 1 11 24 is_stmt 1
 168              		.cfi_startproc
  12:src/tcb.cpp   ****         running = createThread(nullptr, nullptr,nullptr);
 169              		.loc 1 12 5
  12:src/tcb.cpp   ****         running = createThread(nullptr, nullptr,nullptr);
 170              		.loc 1 12 17 is_stmt 0
 171 00e8 97070000 		ld	a5,.LANCHOR0
 171      83B70700 
  12:src/tcb.cpp   ****         running = createThread(nullptr, nullptr,nullptr);
 172              		.loc 1 12 5
 173 00f0 63840700 		beqz	a5,.L19
 174 00f4 67800000 		ret
 175              	.L19:
  11:src/tcb.cpp   ****     if (running == nullptr) {
 176              		.loc 1 11 24
 177 00f8 130101FF 		addi	sp,sp,-16
 178              		.cfi_def_cfa_offset 16
 179 00fc 23341100 		sd	ra,8(sp)
 180 0100 23308100 		sd	s0,0(sp)
 181              		.cfi_offset 1, -8
 182              		.cfi_offset 8, -16
 183 0104 13040101 		addi	s0,sp,16
 184              		.cfi_def_cfa 8, 0
  13:src/tcb.cpp   ****     }
 185              		.loc 1 13 9 is_stmt 1
  13:src/tcb.cpp   ****     }
 186              		.loc 1 13 31 is_stmt 0
 187 0108 13060000 		li	a2,0
GAS LISTING /tmp/ccq6cRcw.s 			page 5


 188 010c 93050000 		li	a1,0
 189 0110 13050000 		li	a0,0
 190 0114 97000000 		call	_ZN3TCB12createThreadEPFvPvES0_Pm
 190      E7800000 
 191              	.LVL13:
  13:src/tcb.cpp   ****     }
 192              		.loc 1 13 17
 193 011c 97070000 		sd	a0,.LANCHOR0,a5
 193      23B0A700 
  15:src/tcb.cpp   **** 
 194              		.loc 1 15 1
 195 0124 83308100 		ld	ra,8(sp)
 196              		.cfi_restore 1
 197 0128 03340100 		ld	s0,0(sp)
 198              		.cfi_restore 8
 199              		.cfi_def_cfa 2, 16
 200 012c 13010101 		addi	sp,sp,16
 201              		.cfi_def_cfa_offset 0
 202 0130 67800000 		jr	ra
 203              		.cfi_endproc
 204              	.LFE30:
 206              		.align	2
 207              		.globl	_ZN3TCB8dispatchEv
 209              	_ZN3TCB8dispatchEv:
 210              	.LFB35:
  32:src/tcb.cpp   **** 
  33:src/tcb.cpp   **** void TCB::dispatch() {
 211              		.loc 1 33 22 is_stmt 1
 212              		.cfi_startproc
 213 0134 130101FE 		addi	sp,sp,-32
 214              		.cfi_def_cfa_offset 32
 215 0138 233C1100 		sd	ra,24(sp)
 216 013c 23388100 		sd	s0,16(sp)
 217 0140 23349100 		sd	s1,8(sp)
 218              		.cfi_offset 1, -8
 219              		.cfi_offset 8, -16
 220              		.cfi_offset 9, -24
 221 0144 13040102 		addi	s0,sp,32
 222              		.cfi_def_cfa 8, 0
  34:src/tcb.cpp   ****     Riscv::pushRegisters();
 223              		.loc 1 34 5
 224              		.loc 1 34 25 is_stmt 0
 225 0148 97000000 		call	_ZN5Riscv13pushRegistersEv@plt
 225      E7800000 
 226              	.LVL14:
  35:src/tcb.cpp   ****     TCB *old = running;
 227              		.loc 1 35 5 is_stmt 1
 228              		.loc 1 35 10 is_stmt 0
 229 0150 97040000 		ld	s1,.LANCHOR0
 229      83B40400 
 230              	.LVL15:
  36:src/tcb.cpp   ****     if (!old->finished && !old->blocked) { Scheduler::put(old); }
 231              		.loc 1 36 5 is_stmt 1
 232              		.loc 1 36 15 is_stmt 0
 233 0158 83C78402 		lbu	a5,40(s1)
 234              		.loc 1 36 5
 235 015c 63960700 		bnez	a5,.L21
GAS LISTING /tmp/ccq6cRcw.s 			page 6


 236              		.loc 1 36 33 discriminator 1
 237 0160 83C79402 		lbu	a5,41(s1)
 238              		.loc 1 36 24 discriminator 1
 239 0164 63800704 		beqz	a5,.L23
 240              	.L21:
  37:src/tcb.cpp   ****     running = Scheduler::get();
 241              		.loc 1 37 5 is_stmt 1
 242              		.loc 1 37 29 is_stmt 0
 243 0168 97000000 		call	_ZN9Scheduler3getEv@plt
 243      E7800000 
 244              	.LVL16:
 245              		.loc 1 37 13
 246 0170 97070000 		sd	a0,.LANCHOR0,a5
 246      23B0A700 
  38:src/tcb.cpp   ****     TCB::contextSwitch(&old->context, &running->context);
 247              		.loc 1 38 5 is_stmt 1
 248              		.loc 1 38 23 is_stmt 0
 249 0178 93058501 		addi	a1,a0,24
 250 017c 13858401 		addi	a0,s1,24
 251 0180 97000000 		call	_ZN3TCB13contextSwitchEPNS_7ContextES1_@plt
 251      E7800000 
 252              	.LVL17:
  39:src/tcb.cpp   ****     Riscv::popRegisters();
 253              		.loc 1 39 5 is_stmt 1
 254              		.loc 1 39 24 is_stmt 0
 255 0188 97000000 		call	_ZN5Riscv12popRegistersEv@plt
 255      E7800000 
 256              	.LVL18:
  40:src/tcb.cpp   **** }
 257              		.loc 1 40 1
 258 0190 83308101 		ld	ra,24(sp)
 259              		.cfi_remember_state
 260              		.cfi_restore 1
 261 0194 03340101 		ld	s0,16(sp)
 262              		.cfi_restore 8
 263              		.cfi_def_cfa 2, 32
 264 0198 83348100 		ld	s1,8(sp)
 265              		.cfi_restore 9
 266              	.LVL19:
 267 019c 13010102 		addi	sp,sp,32
 268              		.cfi_def_cfa_offset 0
 269 01a0 67800000 		jr	ra
 270              	.LVL20:
 271              	.L23:
 272              		.cfi_restore_state
  36:src/tcb.cpp   ****     running = Scheduler::get();
 273              		.loc 1 36 44 is_stmt 1 discriminator 2
  36:src/tcb.cpp   ****     running = Scheduler::get();
 274              		.loc 1 36 58 is_stmt 0 discriminator 2
 275 01a4 13850400 		mv	a0,s1
 276 01a8 97000000 		call	_ZN9Scheduler3putEP3TCB@plt
 276      E7800000 
 277              	.LVL21:
 278 01b0 6FF09FFB 		j	.L21
 279              		.cfi_endproc
 280              	.LFE35:
 282              		.align	2
GAS LISTING /tmp/ccq6cRcw.s 			page 7


 283              		.globl	_ZN3TCB4exitEv
 285              	_ZN3TCB4exitEv:
 286              	.LFB36:
  41:src/tcb.cpp   **** 
  42:src/tcb.cpp   **** void TCB::exit() {
 287              		.loc 1 42 18 is_stmt 1
 288              		.cfi_startproc
 289 01b4 130101FF 		addi	sp,sp,-16
 290              		.cfi_def_cfa_offset 16
 291 01b8 23341100 		sd	ra,8(sp)
 292 01bc 23308100 		sd	s0,0(sp)
 293              		.cfi_offset 1, -8
 294              		.cfi_offset 8, -16
 295 01c0 13040101 		addi	s0,sp,16
 296              		.cfi_def_cfa 8, 0
  43:src/tcb.cpp   ****     running->finished = true;
 297              		.loc 1 43 5
 298              		.loc 1 43 23 is_stmt 0
 299 01c4 97070000 		ld	a5,.LANCHOR0
 299      83B70700 
 300 01cc 13071000 		li	a4,1
 301 01d0 2384E702 		sb	a4,40(a5)
  44:src/tcb.cpp   ****     dispatch();
 302              		.loc 1 44 5 is_stmt 1
 303              		.loc 1 44 13 is_stmt 0
 304 01d4 97000000 		call	_ZN3TCB8dispatchEv
 304      E7800000 
 305              	.LVL22:
  45:src/tcb.cpp   **** }
 306              		.loc 1 45 1
 307 01dc 83308100 		ld	ra,8(sp)
 308              		.cfi_restore 1
 309 01e0 03340100 		ld	s0,0(sp)
 310              		.cfi_restore 8
 311              		.cfi_def_cfa 2, 16
 312 01e4 13010101 		addi	sp,sp,16
 313              		.cfi_def_cfa_offset 0
 314 01e8 67800000 		jr	ra
 315              		.cfi_endproc
 316              	.LFE36:
 318              		.align	2
 319              		.globl	_ZN3TCB13threadWrapperEv
 321              	_ZN3TCB13threadWrapperEv:
 322              	.LFB37:
  46:src/tcb.cpp   **** 
  47:src/tcb.cpp   **** void TCB::threadWrapper() {
 323              		.loc 1 47 27 is_stmt 1
 324              		.cfi_startproc
 325 01ec 130101FF 		addi	sp,sp,-16
 326              		.cfi_def_cfa_offset 16
 327 01f0 23341100 		sd	ra,8(sp)
 328 01f4 23308100 		sd	s0,0(sp)
 329              		.cfi_offset 1, -8
 330              		.cfi_offset 8, -16
 331 01f8 13040101 		addi	s0,sp,16
 332              		.cfi_def_cfa 8, 0
  48:src/tcb.cpp   ****     running->body(running->arg);
GAS LISTING /tmp/ccq6cRcw.s 			page 8


 333              		.loc 1 48 5
 334              		.loc 1 48 14 is_stmt 0
 335 01fc 97070000 		ld	a5,.LANCHOR0
 335      83B70700 
 336 0204 03B70700 		ld	a4,0(a5)
 337              		.loc 1 48 18
 338 0208 03B58700 		ld	a0,8(a5)
 339 020c E7000700 		jalr	a4
 340              	.LVL23:
  49:src/tcb.cpp   ****     TCB::exit();
 341              		.loc 1 49 5 is_stmt 1
 342              		.loc 1 49 14 is_stmt 0
 343 0210 97000000 		call	_ZN3TCB4exitEv
 343      E7800000 
 344              	.LVL24:
  50:src/tcb.cpp   **** }
 345              		.loc 1 50 1
 346 0218 83308100 		ld	ra,8(sp)
 347              		.cfi_restore 1
 348 021c 03340100 		ld	s0,0(sp)
 349              		.cfi_restore 8
 350              		.cfi_def_cfa 2, 16
 351 0220 13010101 		addi	sp,sp,16
 352              		.cfi_def_cfa_offset 0
 353 0224 67800000 		jr	ra
 354              		.cfi_endproc
 355              	.LFE37:
 357              		.globl	_ZN3TCB7runningE
 358              		.bss
 359              		.align	3
 360              		.set	.LANCHOR0,. + 0
 363              	_ZN3TCB7runningE:
 364 0000 00000000 		.zero	8
 364      00000000 
 365              		.text
 366              	.Letext0:
 367              		.file 2 "src/../h/../lib/hw.h"
 368              		.file 3 "src/../h/tcb.hpp"
 369              		.file 4 "src/../h/../h/scheduler.hpp"
 370              		.file 5 "src/../h/riscv.hpp"
 2524              		.align	3
 2527              	DW.ref.__gxx_personality_v0:
 2528 0000 00000000 		.dword	__gxx_personality_v0
 2528      00000000 
 2529              		.ident	"GCC: (Ubuntu 9.4.0-1ubuntu1~20.04) 9.4.0"
 2530              		.section	.note.GNU-stack,"",@progbits
GAS LISTING /tmp/ccq6cRcw.s 			page 9


DEFINED SYMBOLS
                            *ABS*:0000000000000000 tcb.cpp
     /tmp/ccq6cRcw.s:9      .text:0000000000000000 _ZN3TCBC2EPFvPvES0_Pm
     /tmp/ccq6cRcw.s:13     .text:0000000000000000 .L0 
     /tmp/ccq6cRcw.s:16     .text:0000000000000000 .L0 
     /tmp/ccq6cRcw.s:17     .text:0000000000000000 .L0 
     /tmp/ccq6cRcw.s:321    .text:00000000000001ec _ZN3TCB13threadWrapperEv
     /tmp/ccq6cRcw.s:26     .text:0000000000000024 .L0 
     /tmp/ccq6cRcw.s:29     .text:0000000000000028 .L0 
     /tmp/ccq6cRcw.s:30     .text:000000000000002c .L0 
     /tmp/ccq6cRcw.s:33     .text:0000000000000034 .L0 
     /tmp/ccq6cRcw.s:34     .text:0000000000000034 .L0 
     /tmp/ccq6cRcw.s:36     .text:0000000000000038 .L0 
     /tmp/ccq6cRcw.s:39     .text:0000000000000038 .L0 
     /tmp/ccq6cRcw.s:40     .text:0000000000000038 .L0 
     /tmp/ccq6cRcw.s:44     .text:0000000000000040 .L0 
     /tmp/ccq6cRcw.s:45     .text:0000000000000044 .L0 
     /tmp/ccq6cRcw.s:47     .text:0000000000000048 .L0 
     /tmp/ccq6cRcw.s:48     .text:0000000000000048 .L0 
     /tmp/ccq6cRcw.s:50     .text:000000000000004c .L0 
     /tmp/ccq6cRcw.s:55     .text:0000000000000054 .L0 
     /tmp/ccq6cRcw.s:9      .text:0000000000000000 _ZN3TCBC1EPFvPvES0_Pm
     /tmp/ccq6cRcw.s:63     .text:0000000000000054 _ZN3TCB12createThreadEPFvPvES0_Pm
     /tmp/ccq6cRcw.s:66     .text:0000000000000054 .L0 
     /tmp/ccq6cRcw.s:2527   .data.rel.local.DW.ref.__gxx_personality_v0:0000000000000000 DW.ref.__gxx_personality_v0
     /tmp/ccq6cRcw.s:70     .text:0000000000000054 .L0 
     /tmp/ccq6cRcw.s:71     .text:0000000000000058 .L0 
     /tmp/ccq6cRcw.s:78     .text:0000000000000070 .L0 
     /tmp/ccq6cRcw.s:79     .text:0000000000000070 .L0 
     /tmp/ccq6cRcw.s:80     .text:0000000000000070 .L0 
     /tmp/ccq6cRcw.s:81     .text:0000000000000070 .L0 
     /tmp/ccq6cRcw.s:82     .text:0000000000000070 .L0 
     /tmp/ccq6cRcw.s:83     .text:0000000000000070 .L0 
     /tmp/ccq6cRcw.s:85     .text:0000000000000074 .L0 
     /tmp/ccq6cRcw.s:90     .text:0000000000000080 .L0 
     /tmp/ccq6cRcw.s:91     .text:0000000000000080 .L0 
     /tmp/ccq6cRcw.s:119    .text:00000000000000c4 .L0 
     /tmp/ccq6cRcw.s:121    .text:00000000000000cc .L0 
     /tmp/ccq6cRcw.s:123    .text:00000000000000d0 .L0 
     /tmp/ccq6cRcw.s:124    .text:00000000000000d0 .L0 
     /tmp/ccq6cRcw.s:126    .text:00000000000000d4 .L0 
     /tmp/ccq6cRcw.s:128    .text:00000000000000d8 .L0 
     /tmp/ccq6cRcw.s:131    .text:00000000000000dc .L0 
     /tmp/ccq6cRcw.s:134    .text:00000000000000e0 .L0 
     /tmp/ccq6cRcw.s:137    .text:00000000000000e4 .L0 
     /tmp/ccq6cRcw.s:139    .text:00000000000000e8 .L0 
     /tmp/ccq6cRcw.s:165    .text:00000000000000e8 _ZN3TCB10initializeEv
     /tmp/ccq6cRcw.s:168    .text:00000000000000e8 .L0 
     /tmp/ccq6cRcw.s:169    .text:00000000000000e8 .L0 
     /tmp/ccq6cRcw.s:170    .text:00000000000000e8 .L0 
     /tmp/ccq6cRcw.s:171    .text:00000000000000e8 .L0 
     /tmp/ccq6cRcw.s:173    .text:00000000000000f0 .L0 
     /tmp/ccq6cRcw.s:177    .text:00000000000000f8 .L0 
     /tmp/ccq6cRcw.s:178    .text:00000000000000fc .L0 
     /tmp/ccq6cRcw.s:181    .text:0000000000000104 .L0 
     /tmp/ccq6cRcw.s:182    .text:0000000000000104 .L0 
     /tmp/ccq6cRcw.s:184    .text:0000000000000108 .L0 
GAS LISTING /tmp/ccq6cRcw.s 			page 10


     /tmp/ccq6cRcw.s:186    .text:0000000000000108 .L0 
     /tmp/ccq6cRcw.s:187    .text:0000000000000108 .L0 
     /tmp/ccq6cRcw.s:193    .text:000000000000011c .L0 
     /tmp/ccq6cRcw.s:195    .text:0000000000000124 .L0 
     /tmp/ccq6cRcw.s:196    .text:0000000000000128 .L0 
     /tmp/ccq6cRcw.s:198    .text:000000000000012c .L0 
     /tmp/ccq6cRcw.s:199    .text:000000000000012c .L0 
     /tmp/ccq6cRcw.s:201    .text:0000000000000130 .L0 
     /tmp/ccq6cRcw.s:203    .text:0000000000000134 .L0 
     /tmp/ccq6cRcw.s:209    .text:0000000000000134 _ZN3TCB8dispatchEv
     /tmp/ccq6cRcw.s:212    .text:0000000000000134 .L0 
     /tmp/ccq6cRcw.s:213    .text:0000000000000134 .L0 
     /tmp/ccq6cRcw.s:214    .text:0000000000000138 .L0 
     /tmp/ccq6cRcw.s:218    .text:0000000000000144 .L0 
     /tmp/ccq6cRcw.s:219    .text:0000000000000144 .L0 
     /tmp/ccq6cRcw.s:220    .text:0000000000000144 .L0 
     /tmp/ccq6cRcw.s:222    .text:0000000000000148 .L0 
     /tmp/ccq6cRcw.s:224    .text:0000000000000148 .L0 
     /tmp/ccq6cRcw.s:225    .text:0000000000000148 .L0 
     /tmp/ccq6cRcw.s:228    .text:0000000000000150 .L0 
     /tmp/ccq6cRcw.s:229    .text:0000000000000150 .L0 
     /tmp/ccq6cRcw.s:232    .text:0000000000000158 .L0 
     /tmp/ccq6cRcw.s:233    .text:0000000000000158 .L0 
     /tmp/ccq6cRcw.s:235    .text:000000000000015c .L0 
     /tmp/ccq6cRcw.s:237    .text:0000000000000160 .L0 
     /tmp/ccq6cRcw.s:239    .text:0000000000000164 .L0 
     /tmp/ccq6cRcw.s:242    .text:0000000000000168 .L0 
     /tmp/ccq6cRcw.s:243    .text:0000000000000168 .L0 
     /tmp/ccq6cRcw.s:246    .text:0000000000000170 .L0 
     /tmp/ccq6cRcw.s:248    .text:0000000000000178 .L0 
     /tmp/ccq6cRcw.s:249    .text:0000000000000178 .L0 
     /tmp/ccq6cRcw.s:254    .text:0000000000000188 .L0 
     /tmp/ccq6cRcw.s:255    .text:0000000000000188 .L0 
     /tmp/ccq6cRcw.s:258    .text:0000000000000190 .L0 
     /tmp/ccq6cRcw.s:259    .text:0000000000000194 .L0 
     /tmp/ccq6cRcw.s:260    .text:0000000000000194 .L0 
     /tmp/ccq6cRcw.s:262    .text:0000000000000198 .L0 
     /tmp/ccq6cRcw.s:263    .text:0000000000000198 .L0 
     /tmp/ccq6cRcw.s:265    .text:000000000000019c .L0 
     /tmp/ccq6cRcw.s:268    .text:00000000000001a0 .L0 
     /tmp/ccq6cRcw.s:272    .text:00000000000001a4 .L0 
     /tmp/ccq6cRcw.s:274    .text:00000000000001a4 .L0 
     /tmp/ccq6cRcw.s:275    .text:00000000000001a4 .L0 
     /tmp/ccq6cRcw.s:279    .text:00000000000001b4 .L0 
     /tmp/ccq6cRcw.s:285    .text:00000000000001b4 _ZN3TCB4exitEv
     /tmp/ccq6cRcw.s:288    .text:00000000000001b4 .L0 
     /tmp/ccq6cRcw.s:289    .text:00000000000001b4 .L0 
     /tmp/ccq6cRcw.s:290    .text:00000000000001b8 .L0 
     /tmp/ccq6cRcw.s:293    .text:00000000000001c0 .L0 
     /tmp/ccq6cRcw.s:294    .text:00000000000001c0 .L0 
     /tmp/ccq6cRcw.s:296    .text:00000000000001c4 .L0 
     /tmp/ccq6cRcw.s:298    .text:00000000000001c4 .L0 
     /tmp/ccq6cRcw.s:299    .text:00000000000001c4 .L0 
     /tmp/ccq6cRcw.s:303    .text:00000000000001d4 .L0 
     /tmp/ccq6cRcw.s:304    .text:00000000000001d4 .L0 
     /tmp/ccq6cRcw.s:307    .text:00000000000001dc .L0 
     /tmp/ccq6cRcw.s:308    .text:00000000000001e0 .L0 
GAS LISTING /tmp/ccq6cRcw.s 			page 11


     /tmp/ccq6cRcw.s:310    .text:00000000000001e4 .L0 
     /tmp/ccq6cRcw.s:311    .text:00000000000001e4 .L0 
     /tmp/ccq6cRcw.s:313    .text:00000000000001e8 .L0 
     /tmp/ccq6cRcw.s:315    .text:00000000000001ec .L0 
     /tmp/ccq6cRcw.s:324    .text:00000000000001ec .L0 
     /tmp/ccq6cRcw.s:325    .text:00000000000001ec .L0 
     /tmp/ccq6cRcw.s:326    .text:00000000000001f0 .L0 
     /tmp/ccq6cRcw.s:329    .text:00000000000001f8 .L0 
     /tmp/ccq6cRcw.s:330    .text:00000000000001f8 .L0 
     /tmp/ccq6cRcw.s:332    .text:00000000000001fc .L0 
     /tmp/ccq6cRcw.s:334    .text:00000000000001fc .L0 
     /tmp/ccq6cRcw.s:335    .text:00000000000001fc .L0 
     /tmp/ccq6cRcw.s:338    .text:0000000000000208 .L0 
     /tmp/ccq6cRcw.s:342    .text:0000000000000210 .L0 
     /tmp/ccq6cRcw.s:343    .text:0000000000000210 .L0 
     /tmp/ccq6cRcw.s:346    .text:0000000000000218 .L0 
     /tmp/ccq6cRcw.s:347    .text:000000000000021c .L0 
     /tmp/ccq6cRcw.s:349    .text:0000000000000220 .L0 
     /tmp/ccq6cRcw.s:350    .text:0000000000000220 .L0 
     /tmp/ccq6cRcw.s:352    .text:0000000000000224 .L0 
     /tmp/ccq6cRcw.s:354    .text:0000000000000228 .L0 
     /tmp/ccq6cRcw.s:363    .bss:0000000000000000 _ZN3TCB7runningE
     /tmp/ccq6cRcw.s:360    .bss:0000000000000000 .LANCHOR0
     /tmp/ccq6cRcw.s:371    .text:0000000000000228 .L0 
     /tmp/ccq6cRcw.s:20     .text:000000000000000c .L0 
     /tmp/ccq6cRcw.s:171    .text:00000000000000e8 .L0 
     /tmp/ccq6cRcw.s:193    .text:000000000000011c .L0 
     /tmp/ccq6cRcw.s:229    .text:0000000000000150 .L0 
     /tmp/ccq6cRcw.s:246    .text:0000000000000170 .L0 
     /tmp/ccq6cRcw.s:299    .text:00000000000001c4 .L0 
     /tmp/ccq6cRcw.s:335    .text:00000000000001fc .L0 
     /tmp/ccq6cRcw.s:53     .text:0000000000000050 .L4
     /tmp/ccq6cRcw.s:117    .text:00000000000000c4 .L12
     /tmp/ccq6cRcw.s:175    .text:00000000000000f8 .L19
     /tmp/ccq6cRcw.s:240    .text:0000000000000168 .L21
     /tmp/ccq6cRcw.s:271    .text:00000000000001a4 .L23
     /tmp/ccq6cRcw.s:93     .text:0000000000000084 .LEHB0
     /tmp/ccq6cRcw.s:64     .text:0000000000000054 .LFB34
     /tmp/ccq6cRcw.s:96     .text:000000000000008c .LEHE0
     /tmp/ccq6cRcw.s:101    .text:000000000000009c .LEHB1
     /tmp/ccq6cRcw.s:104    .text:00000000000000a4 .LEHE1
     /tmp/ccq6cRcw.s:106    .text:00000000000000a8 .L9
     /tmp/ccq6cRcw.s:113    .text:00000000000000bc .LEHB2
     /tmp/ccq6cRcw.s:116    .text:00000000000000c4 .LEHE2
     /tmp/ccq6cRcw.s:1266   .debug_abbrev:0000000000000000 .Ldebug_abbrev0
     /tmp/ccq6cRcw.s:2485   .debug_str:000000000000052e .LASF90
     /tmp/ccq6cRcw.s:2411   .debug_str:000000000000031b .LASF91
     /tmp/ccq6cRcw.s:2461   .debug_str:000000000000045e .LASF92
     /tmp/ccq6cRcw.s:5      .text:0000000000000000 .Ltext0
     /tmp/ccq6cRcw.s:366    .text:0000000000000228 .Letext0
     /tmp/ccq6cRcw.s:2301   .debug_line:0000000000000000 .Ldebug_line0
     /tmp/ccq6cRcw.s:2427   .debug_str:0000000000000386 .LASF0
     /tmp/ccq6cRcw.s:2437   .debug_str:00000000000003bf .LASF1
     /tmp/ccq6cRcw.s:2417   .debug_str:0000000000000339 .LASF2
     /tmp/ccq6cRcw.s:2385   .debug_str:0000000000000267 .LASF4
     /tmp/ccq6cRcw.s:2465   .debug_str:0000000000000494 .LASF3
     /tmp/ccq6cRcw.s:2323   .debug_str:0000000000000070 .LASF5
GAS LISTING /tmp/ccq6cRcw.s 			page 12


     /tmp/ccq6cRcw.s:2439   .debug_str:00000000000003d2 .LASF6
     /tmp/ccq6cRcw.s:2425   .debug_str:0000000000000373 .LASF7
     /tmp/ccq6cRcw.s:2493   .debug_str:000000000000061e .LASF8
     /tmp/ccq6cRcw.s:2373   .debug_str:00000000000001df .LASF9
     /tmp/ccq6cRcw.s:2449   .debug_str:000000000000040a .LASF10
     /tmp/ccq6cRcw.s:2487   .debug_str:00000000000005f2 .LASF11
     /tmp/ccq6cRcw.s:2325   .debug_str:0000000000000077 .LASF12
     /tmp/ccq6cRcw.s:2309   .debug_str:000000000000002a .LASF13
     /tmp/ccq6cRcw.s:2335   .debug_str:00000000000000d4 .LASF14
     /tmp/ccq6cRcw.s:2459   .debug_str:0000000000000448 .LASF15
     /tmp/ccq6cRcw.s:2345   .debug_str:0000000000000118 .LASF16
     /tmp/ccq6cRcw.s:2447   .debug_str:0000000000000400 .LASF17
     /tmp/ccq6cRcw.s:2319   .debug_str:0000000000000057 .LASF93
     /tmp/ccq6cRcw.s:2381   .debug_str:000000000000022b .LASF94
     /tmp/ccq6cRcw.s:2331   .debug_str:00000000000000b2 .LASF95
     /tmp/ccq6cRcw.s:2407   .debug_str:00000000000002fb .LASF96
     /tmp/ccq6cRcw.s:2315   .debug_str:0000000000000049 .LASF97
     /tmp/ccq6cRcw.s:2349   .debug_str:0000000000000142 .LASF18
     /tmp/ccq6cRcw.s:2453   .debug_str:000000000000042c .LASF20
     /tmp/ccq6cRcw.s:2415   .debug_str:000000000000032e .LASF22
     /tmp/ccq6cRcw.s:2423   .debug_str:000000000000035d .LASF24
     /tmp/ccq6cRcw.s:2397   .debug_str:000000000000029a .LASF19
     /tmp/ccq6cRcw.s:2505   .debug_str:0000000000000685 .LASF21
     /tmp/ccq6cRcw.s:2455   .debug_str:0000000000000438 .LASF98
     /tmp/ccq6cRcw.s:2431   .debug_str:000000000000039a .LASF23
     /tmp/ccq6cRcw.s:2361   .debug_str:000000000000018f .LASF25
     /tmp/ccq6cRcw.s:2445   .debug_str:00000000000003fb .LASF26
     /tmp/ccq6cRcw.s:2327   .debug_str:0000000000000087 .LASF27
     /tmp/ccq6cRcw.s:2441   .debug_str:00000000000003e5 .LASF99
     /tmp/ccq6cRcw.s:2371   .debug_str:00000000000001c8 .LASF100
     /tmp/ccq6cRcw.s:2355   .debug_str:000000000000016b .LASF101
     /tmp/ccq6cRcw.s:2419   .debug_str:0000000000000347 .LASF28
     /tmp/ccq6cRcw.s:2515   .debug_str:00000000000006e8 .LASF29
     /tmp/ccq6cRcw.s:2387   .debug_str:000000000000026e .LASF30
     /tmp/ccq6cRcw.s:2489   .debug_str:0000000000000601 .LASF31
     /tmp/ccq6cRcw.s:2509   .debug_str:00000000000006bf .LASF102
     /tmp/ccq6cRcw.s:2391   .debug_str:0000000000000282 .LASF32
     /tmp/ccq6cRcw.s:2337   .debug_str:00000000000000e0 .LASF33
     /tmp/ccq6cRcw.s:2395   .debug_str:0000000000000292 .LASF34
     /tmp/ccq6cRcw.s:2389   .debug_str:0000000000000279 .LASF35
     /tmp/ccq6cRcw.s:2303   .debug_str:0000000000000000 .LASF36
     /tmp/ccq6cRcw.s:2403   .debug_str:00000000000002d5 .LASF103
     /tmp/ccq6cRcw.s:2377   .debug_str:0000000000000203 .LASF104
     /tmp/ccq6cRcw.s:2497   .debug_str:0000000000000643 .LASF37
     /tmp/ccq6cRcw.s:2383   .debug_str:000000000000023f .LASF81
     /tmp/ccq6cRcw.s:2401   .debug_str:00000000000002ca .LASF105
     /tmp/ccq6cRcw.s:2363   .debug_str:00000000000001a2 .LASF38
     /tmp/ccq6cRcw.s:2435   .debug_str:00000000000003b9 .LASF39
     /tmp/ccq6cRcw.s:2321   .debug_str:0000000000000062 .LASF40
     /tmp/ccq6cRcw.s:2353   .debug_str:0000000000000150 .LASF41
     /tmp/ccq6cRcw.s:2477   .debug_str:00000000000004f5 .LASF42
     /tmp/ccq6cRcw.s:2307   .debug_str:0000000000000010 .LASF43
     /tmp/ccq6cRcw.s:2457   .debug_str:000000000000043d .LASF44
     /tmp/ccq6cRcw.s:2507   .debug_str:00000000000006a7 .LASF45
     /tmp/ccq6cRcw.s:2311   .debug_str:000000000000003a .LASF46
     /tmp/ccq6cRcw.s:2475   .debug_str:00000000000004e0 .LASF49
     /tmp/ccq6cRcw.s:2351   .debug_str:0000000000000147 .LASF47
GAS LISTING /tmp/ccq6cRcw.s 			page 13


     /tmp/ccq6cRcw.s:2339   .debug_str:00000000000000e6 .LASF52
     /tmp/ccq6cRcw.s:2467   .debug_str:00000000000004a6 .LASF48
     /tmp/ccq6cRcw.s:2451   .debug_str:0000000000000419 .LASF50
     /tmp/ccq6cRcw.s:2483   .debug_str:0000000000000527 .LASF51
     /tmp/ccq6cRcw.s:2479   .debug_str:0000000000000502 .LASF53
     /tmp/ccq6cRcw.s:2367   .debug_str:00000000000001ba .LASF54
     /tmp/ccq6cRcw.s:2347   .debug_str:000000000000012e .LASF55
     /tmp/ccq6cRcw.s:2305   .debug_str:0000000000000008 .LASF56
     /tmp/ccq6cRcw.s:2469   .debug_str:00000000000004ad .LASF57
     /tmp/ccq6cRcw.s:2357   .debug_str:0000000000000173 .LASF58
     /tmp/ccq6cRcw.s:2499   .debug_str:0000000000000651 .LASF59
     /tmp/ccq6cRcw.s:2513   .debug_str:00000000000006e0 .LASF60
     /tmp/ccq6cRcw.s:2359   .debug_str:000000000000017b .LASF61
     /tmp/ccq6cRcw.s:2429   .debug_str:0000000000000393 .LASF62
     /tmp/ccq6cRcw.s:2503   .debug_str:0000000000000672 .LASF63
     /tmp/ccq6cRcw.s:2491   .debug_str:0000000000000617 .LASF64
     /tmp/ccq6cRcw.s:2365   .debug_str:00000000000001a7 .LASF65
     /tmp/ccq6cRcw.s:2369   .debug_str:00000000000001c2 .LASF66
     /tmp/ccq6cRcw.s:2481   .debug_str:0000000000000515 .LASF67
     /tmp/ccq6cRcw.s:2317   .debug_str:0000000000000051 .LASF68
     /tmp/ccq6cRcw.s:2519   .debug_str:0000000000000710 .LASF69
     /tmp/ccq6cRcw.s:2511   .debug_str:00000000000006d5 .LASF70
     /tmp/ccq6cRcw.s:2463   .debug_str:000000000000047c .LASF71
     /tmp/ccq6cRcw.s:2393   .debug_str:0000000000000287 .LASF72
     /tmp/ccq6cRcw.s:2405   .debug_str:00000000000002e3 .LASF73
     /tmp/ccq6cRcw.s:2333   .debug_str:00000000000000ca .LASF74
     /tmp/ccq6cRcw.s:2409   .debug_str:0000000000000305 .LASF75
     /tmp/ccq6cRcw.s:2421   .debug_str:0000000000000353 .LASF76
     /tmp/ccq6cRcw.s:2375   .debug_str:00000000000001ed .LASF77
     /tmp/ccq6cRcw.s:2471   .debug_str:00000000000004c1 .LASF78
     /tmp/ccq6cRcw.s:2329   .debug_str:0000000000000096 .LASF79
     /tmp/ccq6cRcw.s:2495   .debug_str:000000000000062e .LASF80
     /tmp/ccq6cRcw.s:2399   .debug_str:00000000000002a7 .LASF82
     /tmp/ccq6cRcw.s:2517   .debug_str:00000000000006ff .LASF106
     /tmp/ccq6cRcw.s:322    .text:00000000000001ec .LFB37
     /tmp/ccq6cRcw.s:355    .text:0000000000000228 .LFE37
     /tmp/ccq6cRcw.s:344    .text:0000000000000218 .LVL24
     /tmp/ccq6cRcw.s:286    .text:00000000000001b4 .LFB36
     /tmp/ccq6cRcw.s:316    .text:00000000000001ec .LFE36
     /tmp/ccq6cRcw.s:305    .text:00000000000001dc .LVL22
     /tmp/ccq6cRcw.s:210    .text:0000000000000134 .LFB35
     /tmp/ccq6cRcw.s:280    .text:00000000000001b4 .LFE35
     /tmp/ccq6cRcw.s:2140   .debug_loc:0000000000000000 .LLST7
     /tmp/ccq6cRcw.s:226    .text:0000000000000150 .LVL14
     /tmp/ccq6cRcw.s:244    .text:0000000000000170 .LVL16
     /tmp/ccq6cRcw.s:252    .text:0000000000000188 .LVL17
     /tmp/ccq6cRcw.s:256    .text:0000000000000190 .LVL18
     /tmp/ccq6cRcw.s:277    .text:00000000000001b0 .LVL21
     /tmp/ccq6cRcw.s:140    .text:00000000000000e8 .LFE34
     /tmp/ccq6cRcw.s:2151   .debug_loc:0000000000000036 .LLST4
     /tmp/ccq6cRcw.s:2180   .debug_loc:00000000000000ab .LLST5
     /tmp/ccq6cRcw.s:2443   .debug_str:00000000000003f0 .LASF83
     /tmp/ccq6cRcw.s:2198   .debug_loc:00000000000000f7 .LLST6
     /tmp/ccq6cRcw.s:95     .text:000000000000008c .LVL5
     /tmp/ccq6cRcw.s:103    .text:00000000000000a4 .LVL6
     /tmp/ccq6cRcw.s:111    .text:00000000000000b8 .LVL8
     /tmp/ccq6cRcw.s:115    .text:00000000000000c4 .LVL9
GAS LISTING /tmp/ccq6cRcw.s 			page 14


     /tmp/ccq6cRcw.s:2343   .debug_str:0000000000000113 .LASF107
     /tmp/ccq6cRcw.s:2433   .debug_str:00000000000003a3 .LASF108
     /tmp/ccq6cRcw.s:10     .text:0000000000000000 .LFB32
     /tmp/ccq6cRcw.s:56     .text:0000000000000054 .LFE32
     /tmp/ccq6cRcw.s:2216   .debug_loc:0000000000000143 .LLST0
     /tmp/ccq6cRcw.s:2234   .debug_loc:000000000000018f .LLST1
     /tmp/ccq6cRcw.s:2252   .debug_loc:00000000000001db .LLST2
     /tmp/ccq6cRcw.s:2270   .debug_loc:0000000000000227 .LLST3
     /tmp/ccq6cRcw.s:41     .text:0000000000000040 .LVL1
     /tmp/ccq6cRcw.s:166    .text:00000000000000e8 .LFB30
     /tmp/ccq6cRcw.s:204    .text:0000000000000134 .LFE30
     /tmp/ccq6cRcw.s:191    .text:000000000000011c .LVL13
     /tmp/ccq6cRcw.s:2313   .debug_str:0000000000000043 .LASF84
     /tmp/ccq6cRcw.s:2501   .debug_str:0000000000000665 .LASF86
     /tmp/ccq6cRcw.s:2413   .debug_str:0000000000000327 .LASF85
     /tmp/ccq6cRcw.s:2473   .debug_str:00000000000004d0 .LASF87
     /tmp/ccq6cRcw.s:2379   .debug_str:000000000000021c .LASF88
     /tmp/ccq6cRcw.s:2341   .debug_str:00000000000000fb .LASF89
     /tmp/ccq6cRcw.s:230    .text:0000000000000158 .LVL15
     /tmp/ccq6cRcw.s:266    .text:000000000000019c .LVL19
     /tmp/ccq6cRcw.s:270    .text:00000000000001a4 .LVL20
     /tmp/ccq6cRcw.s:69     .text:0000000000000054 .LVL3
     /tmp/ccq6cRcw.s:92     .text:0000000000000084 .LVL4
     /tmp/ccq6cRcw.s:108    .text:00000000000000ac .LVL7
     /tmp/ccq6cRcw.s:129    .text:00000000000000d8 .LVL10
     /tmp/ccq6cRcw.s:132    .text:00000000000000dc .LVL11
     /tmp/ccq6cRcw.s:135    .text:00000000000000e0 .LVL12
     /tmp/ccq6cRcw.s:14     .text:0000000000000000 .LVL0
     /tmp/ccq6cRcw.s:52     .text:0000000000000050 .LVL2
     /tmp/ccq6cRcw.s:372    .debug_info:0000000000000000 .Ldebug_info0
     /tmp/ccq6cRcw.s:143    .gcc_except_table:0000000000000000 .LLSDA34

UNDEFINED SYMBOLS
_ZN9Scheduler3putEP3TCB
_Znwm
_ZdlPv
_Unwind_Resume
__gxx_personality_v0
_ZN5Riscv13pushRegistersEv
_ZN9Scheduler3getEv
_ZN3TCB13contextSwitchEPNS_7ContextES1_
_ZN5Riscv12popRegistersEv
